[2022-01-17T16:11:52.047+0100][gc,heap] Heap region size: 1M
[2022-01-17T16:11:52.059+0100][gc     ] Using G1
[2022-01-17T16:11:52.059+0100][gc,heap,coops] Heap address: 0x00000000c0000000, size: 1024 MB, Compressed Oops mode: 32-bit
[2022-01-17T16:11:52.670+0100][gc,start     ] GC(0) Pause Young (Normal) (G1 Evacuation Pause)
[2022-01-17T16:11:52.673+0100][gc,task      ] GC(0) Using 10 workers of 10 for evacuation
[2022-01-17T16:11:52.679+0100][gc,phases    ] GC(0)   Pre Evacuate Collection Set: 0,0ms
[2022-01-17T16:11:52.679+0100][gc,phases    ] GC(0)   Evacuate Collection Set: 5,8ms
[2022-01-17T16:11:52.679+0100][gc,phases    ] GC(0)   Post Evacuate Collection Set: 0,5ms
[2022-01-17T16:11:52.679+0100][gc,phases    ] GC(0)   Other: 2,8ms
[2022-01-17T16:11:52.679+0100][gc,heap      ] GC(0) Eden regions: 51->0(44)
[2022-01-17T16:11:52.679+0100][gc,heap      ] GC(0) Survivor regions: 0->7(7)
[2022-01-17T16:11:52.679+0100][gc,heap      ] GC(0) Old regions: 0->0
[2022-01-17T16:11:52.679+0100][gc,heap      ] GC(0) Humongous regions: 0->0
[2022-01-17T16:11:52.679+0100][gc,metaspace ] GC(0) Metaspace: 14722K->14722K(1062912K)
[2022-01-17T16:11:52.680+0100][gc           ] GC(0) Pause Young (Normal) (G1 Evacuation Pause) 51M->6M(1024M) 9,188ms
[2022-01-17T16:11:52.680+0100][gc,cpu       ] GC(0) User=0,05s Sys=0,00s Real=0,01s
[2022-01-17T16:11:52.982+0100][gc,start     ] GC(1) Pause Young (Concurrent Start) (Metadata GC Threshold)
[2022-01-17T16:11:52.982+0100][gc,task      ] GC(1) Using 10 workers of 10 for evacuation
[2022-01-17T16:11:52.988+0100][gc,phases    ] GC(1)   Pre Evacuate Collection Set: 0,0ms
[2022-01-17T16:11:52.988+0100][gc,phases    ] GC(1)   Evacuate Collection Set: 5,6ms
[2022-01-17T16:11:52.988+0100][gc,phases    ] GC(1)   Post Evacuate Collection Set: 0,4ms
[2022-01-17T16:11:52.988+0100][gc,phases    ] GC(1)   Other: 0,2ms
[2022-01-17T16:11:52.988+0100][gc,heap      ] GC(1) Eden regions: 25->0(49)
[2022-01-17T16:11:52.988+0100][gc,heap      ] GC(1) Survivor regions: 7->2(7)
[2022-01-17T16:11:52.988+0100][gc,heap      ] GC(1) Old regions: 0->7
[2022-01-17T16:11:52.988+0100][gc,heap      ] GC(1) Humongous regions: 0->0
[2022-01-17T16:11:52.988+0100][gc,metaspace ] GC(1) Metaspace: 20563K->20563K(1067008K)
[2022-01-17T16:11:52.988+0100][gc           ] GC(1) Pause Young (Concurrent Start) (Metadata GC Threshold) 31M->8M(1024M) 6,269ms
[2022-01-17T16:11:52.988+0100][gc,cpu       ] GC(1) User=0,04s Sys=0,00s Real=0,01s
[2022-01-17T16:11:52.988+0100][gc           ] GC(2) Concurrent Cycle
[2022-01-17T16:11:52.988+0100][gc,marking   ] GC(2) Concurrent Clear Claimed Marks
[2022-01-17T16:11:52.988+0100][gc,marking   ] GC(2) Concurrent Clear Claimed Marks 0,012ms
[2022-01-17T16:11:52.988+0100][gc,marking   ] GC(2) Concurrent Scan Root Regions
[2022-01-17T16:11:52.990+0100][gc,marking   ] GC(2) Concurrent Scan Root Regions 1,675ms
[2022-01-17T16:11:52.990+0100][gc,marking   ] GC(2) Concurrent Mark (0,946s)
[2022-01-17T16:11:52.990+0100][gc,marking   ] GC(2) Concurrent Mark From Roots
[2022-01-17T16:11:52.990+0100][gc,task      ] GC(2) Using 3 workers of 3 for marking
[2022-01-17T16:11:52.993+0100][gc,marking   ] GC(2) Concurrent Mark From Roots 3,271ms
[2022-01-17T16:11:52.993+0100][gc,marking   ] GC(2) Concurrent Preclean
[2022-01-17T16:11:52.993+0100][gc,marking   ] GC(2) Concurrent Preclean 0,349ms
[2022-01-17T16:11:52.993+0100][gc,marking   ] GC(2) Concurrent Mark (0,946s, 0,949s) 3,668ms
[2022-01-17T16:11:52.993+0100][gc,start     ] GC(2) Pause Remark
[2022-01-17T16:11:52.995+0100][gc,stringtable] GC(2) Cleaned string and symbol table, strings: 9460 processed, 0 removed, symbols: 50696 processed, 45 removed
[2022-01-17T16:11:52.995+0100][gc            ] GC(2) Pause Remark 8M->8M(1024M) 1,863ms
[2022-01-17T16:11:52.995+0100][gc,cpu        ] GC(2) User=0,01s Sys=0,00s Real=0,01s
[2022-01-17T16:11:52.995+0100][gc,marking    ] GC(2) Concurrent Rebuild Remembered Sets
[2022-01-17T16:11:52.999+0100][gc,marking    ] GC(2) Concurrent Rebuild Remembered Sets 4,029ms
[2022-01-17T16:11:52.999+0100][gc,start      ] GC(2) Pause Cleanup
[2022-01-17T16:11:53.000+0100][gc            ] GC(2) Pause Cleanup 10M->10M(1024M) 0,237ms
[2022-01-17T16:11:53.000+0100][gc,cpu        ] GC(2) User=0,01s Sys=0,00s Real=0,00s
[2022-01-17T16:11:53.000+0100][gc,marking    ] GC(2) Concurrent Cleanup for Next Mark
[2022-01-17T16:11:53.002+0100][gc,marking    ] GC(2) Concurrent Cleanup for Next Mark 2,626ms
[2022-01-17T16:11:53.002+0100][gc            ] GC(2) Concurrent Cycle 14,474ms
[2022-01-17T16:11:54.129+0100][gc,start      ] GC(3) Pause Young (Normal) (G1 Evacuation Pause)
[2022-01-17T16:11:54.129+0100][gc,task       ] GC(3) Using 10 workers of 10 for evacuation
[2022-01-17T16:11:54.131+0100][gc,phases     ] GC(3)   Pre Evacuate Collection Set: 0,0ms
[2022-01-17T16:11:54.131+0100][gc,phases     ] GC(3)   Evacuate Collection Set: 1,8ms
[2022-01-17T16:11:54.131+0100][gc,phases     ] GC(3)   Post Evacuate Collection Set: 0,4ms
[2022-01-17T16:11:54.131+0100][gc,phases     ] GC(3)   Other: 0,1ms
[2022-01-17T16:11:54.131+0100][gc,heap       ] GC(3) Eden regions: 49->0(47)
[2022-01-17T16:11:54.131+0100][gc,heap       ] GC(3) Survivor regions: 2->4(7)
[2022-01-17T16:11:54.131+0100][gc,heap       ] GC(3) Old regions: 7->7
[2022-01-17T16:11:54.131+0100][gc,heap       ] GC(3) Humongous regions: 129->129
[2022-01-17T16:11:54.131+0100][gc,metaspace  ] GC(3) Metaspace: 28813K->28813K(1075200K)
[2022-01-17T16:11:54.131+0100][gc            ] GC(3) Pause Young (Normal) (G1 Evacuation Pause) 186M->139M(1024M) 2,438ms
[2022-01-17T16:11:54.131+0100][gc,cpu        ] GC(3) User=0,02s Sys=0,00s Real=0,00s
[2022-01-17T16:11:54.460+0100][gc,start      ] GC(4) Pause Young (Concurrent Start) (Metadata GC Threshold)
[2022-01-17T16:11:54.460+0100][gc,task       ] GC(4) Using 10 workers of 10 for evacuation
[2022-01-17T16:11:54.467+0100][gc,phases     ] GC(4)   Pre Evacuate Collection Set: 0,2ms
[2022-01-17T16:11:54.467+0100][gc,phases     ] GC(4)   Evacuate Collection Set: 5,0ms
[2022-01-17T16:11:54.467+0100][gc,phases     ] GC(4)   Post Evacuate Collection Set: 0,8ms
[2022-01-17T16:11:54.467+0100][gc,phases     ] GC(4)   Other: 0,3ms
[2022-01-17T16:11:54.467+0100][gc,heap       ] GC(4) Eden regions: 35->0(44)
[2022-01-17T16:11:54.467+0100][gc,heap       ] GC(4) Survivor regions: 4->7(7)
[2022-01-17T16:11:54.467+0100][gc,heap       ] GC(4) Old regions: 7->7
[2022-01-17T16:11:54.467+0100][gc,heap       ] GC(4) Humongous regions: 129->129
[2022-01-17T16:11:54.467+0100][gc,metaspace  ] GC(4) Metaspace: 34467K->34467K(1081344K)
[2022-01-17T16:11:54.467+0100][gc            ] GC(4) Pause Young (Concurrent Start) (Metadata GC Threshold) 173M->142M(1024M) 6,393ms
[2022-01-17T16:11:54.467+0100][gc,cpu        ] GC(4) User=0,04s Sys=0,00s Real=0,01s
[2022-01-17T16:11:54.467+0100][gc            ] GC(5) Concurrent Cycle
[2022-01-17T16:11:54.467+0100][gc,marking    ] GC(5) Concurrent Clear Claimed Marks
[2022-01-17T16:11:54.467+0100][gc,marking    ] GC(5) Concurrent Clear Claimed Marks 0,191ms
[2022-01-17T16:11:54.467+0100][gc,marking    ] GC(5) Concurrent Scan Root Regions
[2022-01-17T16:11:54.470+0100][gc,marking    ] GC(5) Concurrent Scan Root Regions 2,983ms
[2022-01-17T16:11:54.470+0100][gc,marking    ] GC(5) Concurrent Mark (2,426s)
[2022-01-17T16:11:54.470+0100][gc,marking    ] GC(5) Concurrent Mark From Roots
[2022-01-17T16:11:54.470+0100][gc,task       ] GC(5) Using 3 workers of 3 for marking
[2022-01-17T16:11:54.474+0100][gc,marking    ] GC(5) Concurrent Mark From Roots 4,014ms
[2022-01-17T16:11:54.474+0100][gc,marking    ] GC(5) Concurrent Preclean
[2022-01-17T16:11:54.474+0100][gc,marking    ] GC(5) Concurrent Preclean 0,198ms
[2022-01-17T16:11:54.474+0100][gc,marking    ] GC(5) Concurrent Mark (2,426s, 2,430s) 4,281ms
[2022-01-17T16:11:54.475+0100][gc,start      ] GC(5) Pause Remark
[2022-01-17T16:11:54.478+0100][gc,stringtable] GC(5) Cleaned string and symbol table, strings: 15502 processed, 10 removed, symbols: 81565 processed, 15 removed
[2022-01-17T16:11:54.478+0100][gc            ] GC(5) Pause Remark 143M->143M(1024M) 2,556ms
[2022-01-17T16:11:54.478+0100][gc,cpu        ] GC(5) User=0,02s Sys=0,00s Real=0,00s
[2022-01-17T16:11:54.478+0100][gc,marking    ] GC(5) Concurrent Rebuild Remembered Sets
[2022-01-17T16:11:54.480+0100][gc,marking    ] GC(5) Concurrent Rebuild Remembered Sets 2,367ms
[2022-01-17T16:11:54.481+0100][gc,start      ] GC(5) Pause Cleanup
[2022-01-17T16:11:54.481+0100][gc            ] GC(5) Pause Cleanup 143M->143M(1024M) 0,248ms
[2022-01-17T16:11:54.481+0100][gc,cpu        ] GC(5) User=0,00s Sys=0,00s Real=0,00s
[2022-01-17T16:11:54.481+0100][gc,marking    ] GC(5) Concurrent Cleanup for Next Mark
[2022-01-17T16:11:54.485+0100][gc,marking    ] GC(5) Concurrent Cleanup for Next Mark 3,670ms
[2022-01-17T16:11:54.485+0100][gc            ] GC(5) Concurrent Cycle 18,483ms
[2022-01-17T16:11:55.244+0100][gc,start      ] GC(6) Pause Young (Normal) (G1 Evacuation Pause)
[2022-01-17T16:11:55.244+0100][gc,task       ] GC(6) Using 10 workers of 10 for evacuation
[2022-01-17T16:11:55.251+0100][gc,phases     ] GC(6)   Pre Evacuate Collection Set: 0,0ms
[2022-01-17T16:11:55.251+0100][gc,phases     ] GC(6)   Evacuate Collection Set: 5,1ms
[2022-01-17T16:11:55.251+0100][gc,phases     ] GC(6)   Post Evacuate Collection Set: 1,2ms
[2022-01-17T16:11:55.251+0100][gc,phases     ] GC(6)   Other: 0,2ms
[2022-01-17T16:11:55.251+0100][gc,heap       ] GC(6) Eden regions: 44->0(45)
[2022-01-17T16:11:55.251+0100][gc,heap       ] GC(6) Survivor regions: 7->6(7)
[2022-01-17T16:11:55.251+0100][gc,heap       ] GC(6) Old regions: 7->10
[2022-01-17T16:11:55.251+0100][gc,heap       ] GC(6) Humongous regions: 135->135
[2022-01-17T16:11:55.251+0100][gc,metaspace  ] GC(6) Metaspace: 39142K->39142K(1085440K)
[2022-01-17T16:11:55.251+0100][gc            ] GC(6) Pause Young (Normal) (G1 Evacuation Pause) 192M->149M(1024M) 6,566ms
[2022-01-17T16:11:55.251+0100][gc,cpu        ] GC(6) User=0,04s Sys=0,01s Real=0,01s
[2022-01-17T16:12:45.743+0100][gc,start      ] GC(7) Pause Young (Normal) (G1 Evacuation Pause)
[2022-01-17T16:12:45.743+0100][gc,task       ] GC(7) Using 10 workers of 10 for evacuation
[2022-01-17T16:12:45.747+0100][gc,phases     ] GC(7)   Pre Evacuate Collection Set: 0,0ms
[2022-01-17T16:12:45.747+0100][gc,phases     ] GC(7)   Evacuate Collection Set: 2,7ms
[2022-01-17T16:12:45.747+0100][gc,phases     ] GC(7)   Post Evacuate Collection Set: 0,6ms
[2022-01-17T16:12:45.747+0100][gc,phases     ] GC(7)   Other: 0,1ms
[2022-01-17T16:12:45.747+0100][gc,heap       ] GC(7) Eden regions: 45->0(48)
[2022-01-17T16:12:45.747+0100][gc,heap       ] GC(7) Survivor regions: 6->3(7)
[2022-01-17T16:12:45.747+0100][gc,heap       ] GC(7) Old regions: 10->14
[2022-01-17T16:12:45.747+0100][gc,heap       ] GC(7) Humongous regions: 147->129
[2022-01-17T16:12:45.747+0100][gc,metaspace  ] GC(7) Metaspace: 41442K->41442K(1087488K)
[2022-01-17T16:12:45.747+0100][gc            ] GC(7) Pause Young (Normal) (G1 Evacuation Pause) 206M->144M(1024M) 3,509ms
[2022-01-17T16:12:45.747+0100][gc,cpu        ] GC(7) User=0,03s Sys=0,00s Real=0,01s
[2022-01-17T16:15:45.441+0100][gc,start      ] GC(8) Pause Young (Normal) (G1 Evacuation Pause)
[2022-01-17T16:15:45.441+0100][gc,task       ] GC(8) Using 10 workers of 10 for evacuation
[2022-01-17T16:15:45.450+0100][gc,phases     ] GC(8)   Pre Evacuate Collection Set: 0,0ms
[2022-01-17T16:15:45.450+0100][gc,phases     ] GC(8)   Evacuate Collection Set: 7,1ms
[2022-01-17T16:15:45.450+0100][gc,phases     ] GC(8)   Post Evacuate Collection Set: 1,2ms
[2022-01-17T16:15:45.450+0100][gc,phases     ] GC(8)   Other: 0,4ms
[2022-01-17T16:15:45.450+0100][gc,heap       ] GC(8) Eden regions: 48->0(46)
[2022-01-17T16:15:45.450+0100][gc,heap       ] GC(8) Survivor regions: 3->5(7)
[2022-01-17T16:15:45.450+0100][gc,heap       ] GC(8) Old regions: 14->14
[2022-01-17T16:15:45.450+0100][gc,heap       ] GC(8) Humongous regions: 129->129
[2022-01-17T16:15:45.450+0100][gc,metaspace  ] GC(8) Metaspace: 43716K->43716K(1089536K)
[2022-01-17T16:15:45.450+0100][gc            ] GC(8) Pause Young (Normal) (G1 Evacuation Pause) 192M->146M(1024M) 8,881ms
[2022-01-17T16:15:45.450+0100][gc,cpu        ] GC(8) User=0,07s Sys=0,00s Real=0,01s
[2022-01-17T16:18:27.034+0100][gc,start      ] GC(9) Pause Young (Normal) (G1 Evacuation Pause)
[2022-01-17T16:18:27.034+0100][gc,task       ] GC(9) Using 10 workers of 10 for evacuation
[2022-01-17T16:18:27.040+0100][gc,phases     ] GC(9)   Pre Evacuate Collection Set: 0,0ms
[2022-01-17T16:18:27.041+0100][gc,phases     ] GC(9)   Evacuate Collection Set: 5,1ms
[2022-01-17T16:18:27.041+0100][gc,phases     ] GC(9)   Post Evacuate Collection Set: 0,8ms
[2022-01-17T16:18:27.041+0100][gc,phases     ] GC(9)   Other: 0,2ms
[2022-01-17T16:18:27.041+0100][gc,heap       ] GC(9) Eden regions: 46->0(47)
[2022-01-17T16:18:27.041+0100][gc,heap       ] GC(9) Survivor regions: 5->4(7)
[2022-01-17T16:18:27.041+0100][gc,heap       ] GC(9) Old regions: 14->15
[2022-01-17T16:18:27.041+0100][gc,heap       ] GC(9) Humongous regions: 129->129
[2022-01-17T16:18:27.041+0100][gc,metaspace  ] GC(9) Metaspace: 44598K->44598K(1089536K)
[2022-01-17T16:18:27.041+0100][gc            ] GC(9) Pause Young (Normal) (G1 Evacuation Pause) 192M->147M(1024M) 6,172ms
[2022-01-17T16:18:27.041+0100][gc,cpu        ] GC(9) User=0,05s Sys=0,00s Real=0,00s
[2022-01-17T16:18:27.061+0100][gc,heap,exit  ] Heap
[2022-01-17T16:18:27.061+0100][gc,heap,exit  ]  garbage-first heap   total 1048576K, used 153865K [0x00000000c0000000, 0x0000000100000000)
[2022-01-17T16:18:27.061+0100][gc,heap,exit  ]   region size 1024K, 8 young (8192K), 4 survivors (4096K)
[2022-01-17T16:18:27.061+0100][gc,heap,exit  ]  Metaspace       used 44634K, capacity 47485K, committed 47824K, reserved 1089536K
[2022-01-17T16:18:27.061+0100][gc,heap,exit  ]   class space    used 5767K, capacity 7128K, committed 7216K, reserved 1048576K
