[2022-01-17T15:33:57.877+0100][gc,heap] Heap region size: 1M
[2022-01-17T15:33:57.891+0100][gc     ] Using G1
[2022-01-17T15:33:57.891+0100][gc,heap,coops] Heap address: 0x00000000c0000000, size: 1024 MB, Compressed Oops mode: 32-bit
[2022-01-17T15:33:58.542+0100][gc,start     ] GC(0) Pause Young (Normal) (G1 Evacuation Pause)
[2022-01-17T15:33:58.544+0100][gc,task      ] GC(0) Using 10 workers of 10 for evacuation
[2022-01-17T15:33:58.548+0100][gc,phases    ] GC(0)   Pre Evacuate Collection Set: 0,0ms
[2022-01-17T15:33:58.548+0100][gc,phases    ] GC(0)   Evacuate Collection Set: 3,1ms
[2022-01-17T15:33:58.548+0100][gc,phases    ] GC(0)   Post Evacuate Collection Set: 0,6ms
[2022-01-17T15:33:58.548+0100][gc,phases    ] GC(0)   Other: 2,1ms
[2022-01-17T15:33:58.548+0100][gc,heap      ] GC(0) Eden regions: 51->0(44)
[2022-01-17T15:33:58.548+0100][gc,heap      ] GC(0) Survivor regions: 0->7(7)
[2022-01-17T15:33:58.548+0100][gc,heap      ] GC(0) Old regions: 0->0
[2022-01-17T15:33:58.548+0100][gc,heap      ] GC(0) Humongous regions: 0->0
[2022-01-17T15:33:58.548+0100][gc,metaspace ] GC(0) Metaspace: 14729K->14729K(1062912K)
[2022-01-17T15:33:58.548+0100][gc           ] GC(0) Pause Young (Normal) (G1 Evacuation Pause) 51M->6M(1024M) 5,921ms
[2022-01-17T15:33:58.548+0100][gc,cpu       ] GC(0) User=0,03s Sys=0,00s Real=0,01s
[2022-01-17T15:33:58.884+0100][gc,start     ] GC(1) Pause Young (Concurrent Start) (Metadata GC Threshold)
[2022-01-17T15:33:58.884+0100][gc,task      ] GC(1) Using 10 workers of 10 for evacuation
[2022-01-17T15:33:58.891+0100][gc,phases    ] GC(1)   Pre Evacuate Collection Set: 0,0ms
[2022-01-17T15:33:58.891+0100][gc,phases    ] GC(1)   Evacuate Collection Set: 7,2ms
[2022-01-17T15:33:58.891+0100][gc,phases    ] GC(1)   Post Evacuate Collection Set: 0,3ms
[2022-01-17T15:33:58.891+0100][gc,phases    ] GC(1)   Other: 0,2ms
[2022-01-17T15:33:58.891+0100][gc,heap      ] GC(1) Eden regions: 25->0(49)
[2022-01-17T15:33:58.891+0100][gc,heap      ] GC(1) Survivor regions: 7->2(7)
[2022-01-17T15:33:58.891+0100][gc,heap      ] GC(1) Old regions: 0->7
[2022-01-17T15:33:58.891+0100][gc,heap      ] GC(1) Humongous regions: 0->0
[2022-01-17T15:33:58.891+0100][gc,metaspace ] GC(1) Metaspace: 20578K->20578K(1067008K)
[2022-01-17T15:33:58.891+0100][gc           ] GC(1) Pause Young (Concurrent Start) (Metadata GC Threshold) 31M->7M(1024M) 7,743ms
[2022-01-17T15:33:58.891+0100][gc,cpu       ] GC(1) User=0,03s Sys=0,00s Real=0,01s
[2022-01-17T15:33:58.891+0100][gc           ] GC(2) Concurrent Cycle
[2022-01-17T15:33:58.891+0100][gc,marking   ] GC(2) Concurrent Clear Claimed Marks
[2022-01-17T15:33:58.891+0100][gc,marking   ] GC(2) Concurrent Clear Claimed Marks 0,012ms
[2022-01-17T15:33:58.891+0100][gc,marking   ] GC(2) Concurrent Scan Root Regions
[2022-01-17T15:33:58.892+0100][gc,marking   ] GC(2) Concurrent Scan Root Regions 0,714ms
[2022-01-17T15:33:58.892+0100][gc,marking   ] GC(2) Concurrent Mark (1,020s)
[2022-01-17T15:33:58.892+0100][gc,marking   ] GC(2) Concurrent Mark From Roots
[2022-01-17T15:33:58.893+0100][gc,task      ] GC(2) Using 3 workers of 3 for marking
[2022-01-17T15:33:58.896+0100][gc,marking   ] GC(2) Concurrent Mark From Roots 3,970ms
[2022-01-17T15:33:58.896+0100][gc,marking   ] GC(2) Concurrent Preclean
[2022-01-17T15:33:58.896+0100][gc,marking   ] GC(2) Concurrent Preclean 0,122ms
[2022-01-17T15:33:58.896+0100][gc,marking   ] GC(2) Concurrent Mark (1,020s, 1,025s) 4,129ms
[2022-01-17T15:33:58.897+0100][gc,start     ] GC(2) Pause Remark
[2022-01-17T15:33:58.899+0100][gc,stringtable] GC(2) Cleaned string and symbol table, strings: 9452 processed, 0 removed, symbols: 50695 processed, 45 removed
[2022-01-17T15:33:58.899+0100][gc            ] GC(2) Pause Remark 8M->8M(1024M) 2,248ms
[2022-01-17T15:33:58.899+0100][gc,cpu        ] GC(2) User=0,01s Sys=0,00s Real=0,00s
[2022-01-17T15:33:58.899+0100][gc,marking    ] GC(2) Concurrent Rebuild Remembered Sets
[2022-01-17T15:33:58.905+0100][gc,marking    ] GC(2) Concurrent Rebuild Remembered Sets 5,567ms
[2022-01-17T15:33:58.905+0100][gc,start      ] GC(2) Pause Cleanup
[2022-01-17T15:33:58.905+0100][gc            ] GC(2) Pause Cleanup 9M->9M(1024M) 0,185ms
[2022-01-17T15:33:58.905+0100][gc,cpu        ] GC(2) User=0,00s Sys=0,00s Real=0,00s
[2022-01-17T15:33:58.905+0100][gc,marking    ] GC(2) Concurrent Cleanup for Next Mark
[2022-01-17T15:33:58.907+0100][gc,marking    ] GC(2) Concurrent Cleanup for Next Mark 2,406ms
[2022-01-17T15:33:58.907+0100][gc            ] GC(2) Concurrent Cycle 16,009ms
[2022-01-17T15:34:00.174+0100][gc,start      ] GC(3) Pause Young (Normal) (G1 Evacuation Pause)
[2022-01-17T15:34:00.174+0100][gc,task       ] GC(3) Using 10 workers of 10 for evacuation
[2022-01-17T15:34:00.178+0100][gc,phases     ] GC(3)   Pre Evacuate Collection Set: 0,0ms
[2022-01-17T15:34:00.178+0100][gc,phases     ] GC(3)   Evacuate Collection Set: 2,9ms
[2022-01-17T15:34:00.178+0100][gc,phases     ] GC(3)   Post Evacuate Collection Set: 0,5ms
[2022-01-17T15:34:00.178+0100][gc,phases     ] GC(3)   Other: 0,1ms
[2022-01-17T15:34:00.178+0100][gc,heap       ] GC(3) Eden regions: 49->0(47)
[2022-01-17T15:34:00.178+0100][gc,heap       ] GC(3) Survivor regions: 2->4(7)
[2022-01-17T15:34:00.178+0100][gc,heap       ] GC(3) Old regions: 7->7
[2022-01-17T15:34:00.178+0100][gc,heap       ] GC(3) Humongous regions: 129->129
[2022-01-17T15:34:00.178+0100][gc,metaspace  ] GC(3) Metaspace: 28819K->28819K(1075200K)
[2022-01-17T15:34:00.178+0100][gc            ] GC(3) Pause Young (Normal) (G1 Evacuation Pause) 185M->139M(1024M) 3,650ms
[2022-01-17T15:34:00.178+0100][gc,cpu        ] GC(3) User=0,01s Sys=0,00s Real=0,00s
[2022-01-17T15:34:00.486+0100][gc,start      ] GC(4) Pause Young (Concurrent Start) (Metadata GC Threshold)
[2022-01-17T15:34:00.486+0100][gc,task       ] GC(4) Using 10 workers of 10 for evacuation
[2022-01-17T15:34:00.498+0100][gc,phases     ] GC(4)   Pre Evacuate Collection Set: 0,1ms
[2022-01-17T15:34:00.498+0100][gc,phases     ] GC(4)   Evacuate Collection Set: 10,6ms
[2022-01-17T15:34:00.498+0100][gc,phases     ] GC(4)   Post Evacuate Collection Set: 0,5ms
[2022-01-17T15:34:00.498+0100][gc,phases     ] GC(4)   Other: 0,2ms
[2022-01-17T15:34:00.498+0100][gc,heap       ] GC(4) Eden regions: 34->0(44)
[2022-01-17T15:34:00.498+0100][gc,heap       ] GC(4) Survivor regions: 4->7(7)
[2022-01-17T15:34:00.498+0100][gc,heap       ] GC(4) Old regions: 7->7
[2022-01-17T15:34:00.498+0100][gc,heap       ] GC(4) Humongous regions: 129->129
[2022-01-17T15:34:00.498+0100][gc,metaspace  ] GC(4) Metaspace: 34423K->34423K(1081344K)
[2022-01-17T15:34:00.498+0100][gc            ] GC(4) Pause Young (Concurrent Start) (Metadata GC Threshold) 172M->142M(1024M) 11,564ms
[2022-01-17T15:34:00.498+0100][gc,cpu        ] GC(4) User=0,06s Sys=0,00s Real=0,01s
[2022-01-17T15:34:00.498+0100][gc            ] GC(5) Concurrent Cycle
[2022-01-17T15:34:00.498+0100][gc,marking    ] GC(5) Concurrent Clear Claimed Marks
[2022-01-17T15:34:00.498+0100][gc,marking    ] GC(5) Concurrent Clear Claimed Marks 0,144ms
[2022-01-17T15:34:00.498+0100][gc,marking    ] GC(5) Concurrent Scan Root Regions
[2022-01-17T15:34:00.500+0100][gc,marking    ] GC(5) Concurrent Scan Root Regions 2,049ms
[2022-01-17T15:34:00.500+0100][gc,marking    ] GC(5) Concurrent Mark (2,628s)
[2022-01-17T15:34:00.500+0100][gc,marking    ] GC(5) Concurrent Mark From Roots
[2022-01-17T15:34:00.500+0100][gc,task       ] GC(5) Using 3 workers of 3 for marking
[2022-01-17T15:34:00.504+0100][gc,marking    ] GC(5) Concurrent Mark From Roots 4,039ms
[2022-01-17T15:34:00.504+0100][gc,marking    ] GC(5) Concurrent Preclean
[2022-01-17T15:34:00.504+0100][gc,marking    ] GC(5) Concurrent Preclean 0,171ms
[2022-01-17T15:34:00.504+0100][gc,marking    ] GC(5) Concurrent Mark (2,628s, 2,633s) 4,275ms
[2022-01-17T15:34:00.505+0100][gc,start      ] GC(5) Pause Remark
[2022-01-17T15:34:00.510+0100][gc,stringtable] GC(5) Cleaned string and symbol table, strings: 15477 processed, 10 removed, symbols: 81563 processed, 15 removed
[2022-01-17T15:34:00.510+0100][gc            ] GC(5) Pause Remark 143M->143M(1024M) 5,446ms
[2022-01-17T15:34:00.510+0100][gc,cpu        ] GC(5) User=0,05s Sys=0,00s Real=0,01s
[2022-01-17T15:34:00.510+0100][gc,marking    ] GC(5) Concurrent Rebuild Remembered Sets
[2022-01-17T15:34:00.513+0100][gc,marking    ] GC(5) Concurrent Rebuild Remembered Sets 2,448ms
[2022-01-17T15:34:00.513+0100][gc,start      ] GC(5) Pause Cleanup
[2022-01-17T15:34:00.513+0100][gc            ] GC(5) Pause Cleanup 144M->144M(1024M) 0,253ms
[2022-01-17T15:34:00.513+0100][gc,cpu        ] GC(5) User=0,00s Sys=0,00s Real=0,00s
[2022-01-17T15:34:00.513+0100][gc,marking    ] GC(5) Concurrent Cleanup for Next Mark
[2022-01-17T15:34:00.516+0100][gc,marking    ] GC(5) Concurrent Cleanup for Next Mark 2,983ms
[2022-01-17T15:34:00.516+0100][gc            ] GC(5) Concurrent Cycle 18,311ms
[2022-01-17T15:34:01.341+0100][gc,start      ] GC(6) Pause Young (Normal) (G1 Evacuation Pause)
[2022-01-17T15:34:01.341+0100][gc,task       ] GC(6) Using 10 workers of 10 for evacuation
[2022-01-17T15:34:01.345+0100][gc,phases     ] GC(6)   Pre Evacuate Collection Set: 0,0ms
[2022-01-17T15:34:01.345+0100][gc,phases     ] GC(6)   Evacuate Collection Set: 3,7ms
[2022-01-17T15:34:01.345+0100][gc,phases     ] GC(6)   Post Evacuate Collection Set: 0,6ms
[2022-01-17T15:34:01.345+0100][gc,phases     ] GC(6)   Other: 0,2ms
[2022-01-17T15:34:01.345+0100][gc,heap       ] GC(6) Eden regions: 44->0(46)
[2022-01-17T15:34:01.345+0100][gc,heap       ] GC(6) Survivor regions: 7->5(7)
[2022-01-17T15:34:01.345+0100][gc,heap       ] GC(6) Old regions: 7->10
[2022-01-17T15:34:01.345+0100][gc,heap       ] GC(6) Humongous regions: 135->135
[2022-01-17T15:34:01.345+0100][gc,metaspace  ] GC(6) Metaspace: 39171K->39171K(1085440K)
[2022-01-17T15:34:01.345+0100][gc            ] GC(6) Pause Young (Normal) (G1 Evacuation Pause) 192M->149M(1024M) 4,627ms
[2022-01-17T15:34:01.345+0100][gc,cpu        ] GC(6) User=0,03s Sys=0,00s Real=0,00s
[2022-01-17T15:35:38.260+0100][gc,start      ] GC(7) Pause Young (Normal) (G1 Evacuation Pause)
[2022-01-17T15:35:38.260+0100][gc,task       ] GC(7) Using 10 workers of 10 for evacuation
[2022-01-17T15:35:38.263+0100][gc,phases     ] GC(7)   Pre Evacuate Collection Set: 0,0ms
[2022-01-17T15:35:38.263+0100][gc,phases     ] GC(7)   Evacuate Collection Set: 2,3ms
[2022-01-17T15:35:38.263+0100][gc,phases     ] GC(7)   Post Evacuate Collection Set: 0,6ms
[2022-01-17T15:35:38.263+0100][gc,phases     ] GC(7)   Other: 0,4ms
[2022-01-17T15:35:38.263+0100][gc,heap       ] GC(7) Eden regions: 46->0(48)
[2022-01-17T15:35:38.263+0100][gc,heap       ] GC(7) Survivor regions: 5->3(7)
[2022-01-17T15:35:38.263+0100][gc,heap       ] GC(7) Old regions: 10->13
[2022-01-17T15:35:38.263+0100][gc,heap       ] GC(7) Humongous regions: 147->129
[2022-01-17T15:35:38.263+0100][gc,metaspace  ] GC(7) Metaspace: 42358K->42358K(1087488K)
[2022-01-17T15:35:38.263+0100][gc            ] GC(7) Pause Young (Normal) (G1 Evacuation Pause) 207M->144M(1024M) 3,433ms
[2022-01-17T15:35:38.263+0100][gc,cpu        ] GC(7) User=0,02s Sys=0,01s Real=0,00s
[2022-01-17T15:38:58.970+0100][gc,start      ] GC(8) Pause Young (Normal) (G1 Evacuation Pause)
[2022-01-17T15:38:58.970+0100][gc,task       ] GC(8) Using 10 workers of 10 for evacuation
[2022-01-17T15:38:58.973+0100][gc,phases     ] GC(8)   Pre Evacuate Collection Set: 0,0ms
[2022-01-17T15:38:58.973+0100][gc,phases     ] GC(8)   Evacuate Collection Set: 2,1ms
[2022-01-17T15:38:58.973+0100][gc,phases     ] GC(8)   Post Evacuate Collection Set: 0,5ms
[2022-01-17T15:38:58.973+0100][gc,phases     ] GC(8)   Other: 0,5ms
[2022-01-17T15:38:58.973+0100][gc,heap       ] GC(8) Eden regions: 48->0(46)
[2022-01-17T15:38:58.973+0100][gc,heap       ] GC(8) Survivor regions: 3->5(7)
[2022-01-17T15:38:58.973+0100][gc,heap       ] GC(8) Old regions: 13->13
[2022-01-17T15:38:58.973+0100][gc,heap       ] GC(8) Humongous regions: 129->129
[2022-01-17T15:38:58.973+0100][gc,metaspace  ] GC(8) Metaspace: 43747K->43747K(1089536K)
[2022-01-17T15:38:58.973+0100][gc            ] GC(8) Pause Young (Normal) (G1 Evacuation Pause) 192M->146M(1024M) 3,206ms
[2022-01-17T15:38:58.973+0100][gc,cpu        ] GC(8) User=0,02s Sys=0,00s Real=0,00s
[2022-01-17T15:42:24.130+0100][gc,start      ] GC(9) Pause Young (Normal) (G1 Evacuation Pause)
[2022-01-17T15:42:24.130+0100][gc,task       ] GC(9) Using 10 workers of 10 for evacuation
[2022-01-17T15:42:24.134+0100][gc,phases     ] GC(9)   Pre Evacuate Collection Set: 0,0ms
[2022-01-17T15:42:24.134+0100][gc,phases     ] GC(9)   Evacuate Collection Set: 2,9ms
[2022-01-17T15:42:24.134+0100][gc,phases     ] GC(9)   Post Evacuate Collection Set: 0,6ms
[2022-01-17T15:42:24.134+0100][gc,phases     ] GC(9)   Other: 0,2ms
[2022-01-17T15:42:24.134+0100][gc,heap       ] GC(9) Eden regions: 46->0(49)
[2022-01-17T15:42:24.134+0100][gc,heap       ] GC(9) Survivor regions: 5->4(7)
[2022-01-17T15:42:24.134+0100][gc,heap       ] GC(9) Old regions: 13->15
[2022-01-17T15:42:24.134+0100][gc,heap       ] GC(9) Humongous regions: 129->129
[2022-01-17T15:42:24.134+0100][gc,metaspace  ] GC(9) Metaspace: 43783K->43783K(1089536K)
[2022-01-17T15:42:24.134+0100][gc            ] GC(9) Pause Young (Normal) (G1 Evacuation Pause) 192M->147M(1024M) 3,841ms
[2022-01-17T15:42:24.134+0100][gc,cpu        ] GC(9) User=0,03s Sys=0,00s Real=0,01s
[2022-01-17T15:45:59.031+0100][gc,start      ] GC(10) Pause Young (Normal) (G1 Evacuation Pause)
[2022-01-17T15:45:59.031+0100][gc,task       ] GC(10) Using 10 workers of 10 for evacuation
[2022-01-17T15:45:59.035+0100][gc,phases     ] GC(10)   Pre Evacuate Collection Set: 0,1ms
[2022-01-17T15:45:59.035+0100][gc,phases     ] GC(10)   Evacuate Collection Set: 3,4ms
[2022-01-17T15:45:59.035+0100][gc,phases     ] GC(10)   Post Evacuate Collection Set: 0,4ms
[2022-01-17T15:45:59.035+0100][gc,phases     ] GC(10)   Other: 0,5ms
[2022-01-17T15:45:59.035+0100][gc,heap       ] GC(10) Eden regions: 49->0(57)
[2022-01-17T15:45:59.035+0100][gc,heap       ] GC(10) Survivor regions: 4->4(7)
[2022-01-17T15:45:59.035+0100][gc,heap       ] GC(10) Old regions: 15->15
[2022-01-17T15:45:59.035+0100][gc,heap       ] GC(10) Humongous regions: 129->129
[2022-01-17T15:45:59.035+0100][gc,metaspace  ] GC(10) Metaspace: 43947K->43947K(1089536K)
[2022-01-17T15:45:59.035+0100][gc            ] GC(10) Pause Young (Normal) (G1 Evacuation Pause) 196M->147M(1024M) 4,454ms
[2022-01-17T15:45:59.035+0100][gc,cpu        ] GC(10) User=0,02s Sys=0,00s Real=0,01s
[2022-01-17T15:51:04.454+0100][gc,start      ] GC(11) Pause Young (Normal) (G1 Evacuation Pause)
[2022-01-17T15:51:04.454+0100][gc,task       ] GC(11) Using 10 workers of 10 for evacuation
[2022-01-17T15:51:04.457+0100][gc,phases     ] GC(11)   Pre Evacuate Collection Set: 0,0ms
[2022-01-17T15:51:04.457+0100][gc,phases     ] GC(11)   Evacuate Collection Set: 2,4ms
[2022-01-17T15:51:04.457+0100][gc,phases     ] GC(11)   Post Evacuate Collection Set: 0,6ms
[2022-01-17T15:51:04.457+0100][gc,phases     ] GC(11)   Other: 0,2ms
[2022-01-17T15:51:04.457+0100][gc,heap       ] GC(11) Eden regions: 57->0(75)
[2022-01-17T15:51:04.457+0100][gc,heap       ] GC(11) Survivor regions: 4->4(8)
[2022-01-17T15:51:04.457+0100][gc,heap       ] GC(11) Old regions: 15->15
[2022-01-17T15:51:04.457+0100][gc,heap       ] GC(11) Humongous regions: 129->129
[2022-01-17T15:51:04.457+0100][gc,metaspace  ] GC(11) Metaspace: 43995K->43995K(1089536K)
[2022-01-17T15:51:04.457+0100][gc            ] GC(11) Pause Young (Normal) (G1 Evacuation Pause) 204M->147M(1024M) 3,277ms
[2022-01-17T15:51:04.457+0100][gc,cpu        ] GC(11) User=0,02s Sys=0,00s Real=0,01s
[2022-01-17T15:51:24.016+0100][gc,heap,exit  ] Heap
[2022-01-17T15:51:24.016+0100][gc,heap,exit  ]  garbage-first heap   total 1048576K, used 163207K [0x00000000c0000000, 0x0000000100000000)
[2022-01-17T15:51:24.016+0100][gc,heap,exit  ]   region size 1024K, 17 young (17408K), 4 survivors (4096K)
[2022-01-17T15:51:24.016+0100][gc,heap,exit  ]  Metaspace       used 44819K, capacity 47714K, committed 47900K, reserved 1089536K
[2022-01-17T15:51:24.016+0100][gc,heap,exit  ]   class space    used 5794K, capacity 7169K, committed 7248K, reserved 1048576K
