[2021-12-27T19:23:23.847+0100][gc,heap] Heap region size: 1M
[2021-12-27T19:23:23.863+0100][gc     ] Using G1
[2021-12-27T19:23:23.863+0100][gc,heap,coops] Heap address: 0x00000000c0000000, size: 1024 MB, Compressed Oops mode: 32-bit
[2021-12-27T19:23:25.600+0100][gc,start     ] GC(0) Pause Young (Normal) (G1 Evacuation Pause)
[2021-12-27T19:23:25.601+0100][gc,task      ] GC(0) Using 10 workers of 10 for evacuation
[2021-12-27T19:23:25.606+0100][gc,phases    ] GC(0)   Pre Evacuate Collection Set: 0,0ms
[2021-12-27T19:23:25.606+0100][gc,phases    ] GC(0)   Evacuate Collection Set: 3,9ms
[2021-12-27T19:23:25.606+0100][gc,phases    ] GC(0)   Post Evacuate Collection Set: 0,4ms
[2021-12-27T19:23:25.606+0100][gc,phases    ] GC(0)   Other: 1,4ms
[2021-12-27T19:23:25.606+0100][gc,heap      ] GC(0) Eden regions: 51->0(44)
[2021-12-27T19:23:25.606+0100][gc,heap      ] GC(0) Survivor regions: 0->7(7)
[2021-12-27T19:23:25.606+0100][gc,heap      ] GC(0) Old regions: 0->1
[2021-12-27T19:23:25.606+0100][gc,heap      ] GC(0) Humongous regions: 0->0
[2021-12-27T19:23:25.606+0100][gc,metaspace ] GC(0) Metaspace: 14728K->14728K(1062912K)
[2021-12-27T19:23:25.606+0100][gc           ] GC(0) Pause Young (Normal) (G1 Evacuation Pause) 51M->7M(1024M) 5,753ms
[2021-12-27T19:23:25.606+0100][gc,cpu       ] GC(0) User=0,03s Sys=0,01s Real=0,01s
[2021-12-27T19:23:26.404+0100][gc,start     ] GC(1) Pause Young (Concurrent Start) (Metadata GC Threshold)
[2021-12-27T19:23:26.404+0100][gc,task      ] GC(1) Using 10 workers of 10 for evacuation
[2021-12-27T19:23:26.424+0100][gc,phases    ] GC(1)   Pre Evacuate Collection Set: 0,1ms
[2021-12-27T19:23:26.424+0100][gc,phases    ] GC(1)   Evacuate Collection Set: 18,4ms
[2021-12-27T19:23:26.424+0100][gc,phases    ] GC(1)   Post Evacuate Collection Set: 0,7ms
[2021-12-27T19:23:26.424+0100][gc,phases    ] GC(1)   Other: 0,5ms
[2021-12-27T19:23:26.424+0100][gc,heap      ] GC(1) Eden regions: 25->0(49)
[2021-12-27T19:23:26.424+0100][gc,heap      ] GC(1) Survivor regions: 7->2(7)
[2021-12-27T19:23:26.424+0100][gc,heap      ] GC(1) Old regions: 1->7
[2021-12-27T19:23:26.424+0100][gc,heap      ] GC(1) Humongous regions: 0->0
[2021-12-27T19:23:26.424+0100][gc,metaspace ] GC(1) Metaspace: 20590K->20590K(1067008K)
[2021-12-27T19:23:26.424+0100][gc           ] GC(1) Pause Young (Concurrent Start) (Metadata GC Threshold) 31M->7M(1024M) 19,763ms
[2021-12-27T19:23:26.424+0100][gc,cpu       ] GC(1) User=0,10s Sys=0,00s Real=0,02s
[2021-12-27T19:23:26.424+0100][gc           ] GC(2) Concurrent Cycle
[2021-12-27T19:23:26.424+0100][gc,marking   ] GC(2) Concurrent Clear Claimed Marks
[2021-12-27T19:23:26.424+0100][gc,marking   ] GC(2) Concurrent Clear Claimed Marks 0,105ms
[2021-12-27T19:23:26.424+0100][gc,marking   ] GC(2) Concurrent Scan Root Regions
[2021-12-27T19:23:26.426+0100][gc,marking   ] GC(2) Concurrent Scan Root Regions 2,082ms
[2021-12-27T19:23:26.427+0100][gc,marking   ] GC(2) Concurrent Mark (2,586s)
[2021-12-27T19:23:26.427+0100][gc,marking   ] GC(2) Concurrent Mark From Roots
[2021-12-27T19:23:26.427+0100][gc,task      ] GC(2) Using 3 workers of 3 for marking
[2021-12-27T19:23:26.435+0100][gc,marking   ] GC(2) Concurrent Mark From Roots 8,513ms
[2021-12-27T19:23:26.435+0100][gc,marking   ] GC(2) Concurrent Preclean
[2021-12-27T19:23:26.435+0100][gc,marking   ] GC(2) Concurrent Preclean 0,239ms
[2021-12-27T19:23:26.435+0100][gc,marking   ] GC(2) Concurrent Mark (2,586s, 2,595s) 8,832ms
[2021-12-27T19:23:26.436+0100][gc,start     ] GC(2) Pause Remark
[2021-12-27T19:23:26.442+0100][gc,stringtable] GC(2) Cleaned string and symbol table, strings: 9442 processed, 0 removed, symbols: 50564 processed, 45 removed
[2021-12-27T19:23:26.442+0100][gc            ] GC(2) Pause Remark 8M->8M(1024M) 6,394ms
[2021-12-27T19:23:26.442+0100][gc,cpu        ] GC(2) User=0,03s Sys=0,00s Real=0,01s
[2021-12-27T19:23:26.442+0100][gc,marking    ] GC(2) Concurrent Rebuild Remembered Sets
[2021-12-27T19:23:26.447+0100][gc,marking    ] GC(2) Concurrent Rebuild Remembered Sets 4,623ms
[2021-12-27T19:23:26.447+0100][gc,start      ] GC(2) Pause Cleanup
[2021-12-27T19:23:26.448+0100][gc            ] GC(2) Pause Cleanup 8M->8M(1024M) 0,350ms
[2021-12-27T19:23:26.448+0100][gc,cpu        ] GC(2) User=0,00s Sys=0,00s Real=0,00s
[2021-12-27T19:23:26.448+0100][gc,marking    ] GC(2) Concurrent Cleanup for Next Mark
[2021-12-27T19:23:26.452+0100][gc,marking    ] GC(2) Concurrent Cleanup for Next Mark 3,966ms
[2021-12-27T19:23:26.452+0100][gc            ] GC(2) Concurrent Cycle 27,583ms
[2021-12-27T19:23:29.057+0100][gc,start      ] GC(3) Pause Young (Normal) (G1 Evacuation Pause)
[2021-12-27T19:23:29.058+0100][gc,task       ] GC(3) Using 10 workers of 10 for evacuation
[2021-12-27T19:23:29.061+0100][gc,phases     ] GC(3)   Pre Evacuate Collection Set: 0,0ms
[2021-12-27T19:23:29.061+0100][gc,phases     ] GC(3)   Evacuate Collection Set: 2,1ms
[2021-12-27T19:23:29.061+0100][gc,phases     ] GC(3)   Post Evacuate Collection Set: 1,3ms
[2021-12-27T19:23:29.061+0100][gc,phases     ] GC(3)   Other: 0,5ms
[2021-12-27T19:23:29.061+0100][gc,heap       ] GC(3) Eden regions: 49->0(47)
[2021-12-27T19:23:29.061+0100][gc,heap       ] GC(3) Survivor regions: 2->4(7)
[2021-12-27T19:23:29.061+0100][gc,heap       ] GC(3) Old regions: 7->7
[2021-12-27T19:23:29.061+0100][gc,heap       ] GC(3) Humongous regions: 129->129
[2021-12-27T19:23:29.061+0100][gc,metaspace  ] GC(3) Metaspace: 28868K->28868K(1075200K)
[2021-12-27T19:23:29.061+0100][gc            ] GC(3) Pause Young (Normal) (G1 Evacuation Pause) 185M->138M(1024M) 4,098ms
[2021-12-27T19:23:29.061+0100][gc,cpu        ] GC(3) User=0,02s Sys=0,00s Real=0,00s
[2021-12-27T19:23:29.825+0100][gc,start      ] GC(4) Pause Young (Concurrent Start) (Metadata GC Threshold)
[2021-12-27T19:23:29.825+0100][gc,task       ] GC(4) Using 10 workers of 10 for evacuation
[2021-12-27T19:23:29.847+0100][gc,mmu        ] GC(4) MMU target violated: 21,0ms (20,0ms/21,0ms)
[2021-12-27T19:23:29.848+0100][gc,phases     ] GC(4)   Pre Evacuate Collection Set: 0,2ms
[2021-12-27T19:23:29.848+0100][gc,phases     ] GC(4)   Evacuate Collection Set: 19,4ms
[2021-12-27T19:23:29.848+0100][gc,phases     ] GC(4)   Post Evacuate Collection Set: 2,6ms
[2021-12-27T19:23:29.848+0100][gc,phases     ] GC(4)   Other: 0,7ms
[2021-12-27T19:23:29.848+0100][gc,heap       ] GC(4) Eden regions: 35->0(44)
[2021-12-27T19:23:29.848+0100][gc,heap       ] GC(4) Survivor regions: 4->7(7)
[2021-12-27T19:23:29.848+0100][gc,heap       ] GC(4) Old regions: 7->7
[2021-12-27T19:23:29.848+0100][gc,heap       ] GC(4) Humongous regions: 129->129
[2021-12-27T19:23:29.848+0100][gc,metaspace  ] GC(4) Metaspace: 34485K->34485K(1081344K)
[2021-12-27T19:23:29.848+0100][gc            ] GC(4) Pause Young (Concurrent Start) (Metadata GC Threshold) 173M->142M(1024M) 22,930ms
[2021-12-27T19:23:29.848+0100][gc,cpu        ] GC(4) User=0,07s Sys=0,00s Real=0,02s
[2021-12-27T19:23:29.848+0100][gc            ] GC(5) Concurrent Cycle
[2021-12-27T19:23:29.848+0100][gc,marking    ] GC(5) Concurrent Clear Claimed Marks
[2021-12-27T19:23:29.848+0100][gc,marking    ] GC(5) Concurrent Clear Claimed Marks 0,397ms
[2021-12-27T19:23:29.848+0100][gc,marking    ] GC(5) Concurrent Scan Root Regions
[2021-12-27T19:23:29.853+0100][gc,marking    ] GC(5) Concurrent Scan Root Regions 5,169ms
[2021-12-27T19:23:29.854+0100][gc,marking    ] GC(5) Concurrent Mark (6,013s)
[2021-12-27T19:23:29.854+0100][gc,marking    ] GC(5) Concurrent Mark From Roots
[2021-12-27T19:23:29.854+0100][gc,task       ] GC(5) Using 3 workers of 3 for marking
[2021-12-27T19:23:29.862+0100][gc,marking    ] GC(5) Concurrent Mark From Roots 8,689ms
[2021-12-27T19:23:29.862+0100][gc,marking    ] GC(5) Concurrent Preclean
[2021-12-27T19:23:29.863+0100][gc,marking    ] GC(5) Concurrent Preclean 0,242ms
[2021-12-27T19:23:29.863+0100][gc,marking    ] GC(5) Concurrent Mark (6,013s, 6,022s) 9,032ms
[2021-12-27T19:23:29.864+0100][gc,start      ] GC(5) Pause Remark
[2021-12-27T19:23:29.874+0100][gc,stringtable] GC(5) Cleaned string and symbol table, strings: 15448 processed, 10 removed, symbols: 81318 processed, 15 removed
[2021-12-27T19:23:29.874+0100][gc            ] GC(5) Pause Remark 143M->143M(1024M) 9,798ms
[2021-12-27T19:23:29.874+0100][gc,cpu        ] GC(5) User=0,05s Sys=0,00s Real=0,00s
[2021-12-27T19:23:29.874+0100][gc,marking    ] GC(5) Concurrent Rebuild Remembered Sets
[2021-12-27T19:23:29.877+0100][gc,marking    ] GC(5) Concurrent Rebuild Remembered Sets 3,383ms
[2021-12-27T19:23:29.878+0100][gc,start      ] GC(5) Pause Cleanup
[2021-12-27T19:23:29.878+0100][gc            ] GC(5) Pause Cleanup 143M->143M(1024M) 0,454ms
[2021-12-27T19:23:29.878+0100][gc,cpu        ] GC(5) User=0,00s Sys=0,00s Real=0,00s
[2021-12-27T19:23:29.878+0100][gc,marking    ] GC(5) Concurrent Cleanup for Next Mark
[2021-12-27T19:23:29.887+0100][gc,marking    ] GC(5) Concurrent Cleanup for Next Mark 8,900ms
[2021-12-27T19:23:29.887+0100][gc            ] GC(5) Concurrent Cycle 39,575ms
[2021-12-27T19:24:18.532+0100][gc,start      ] GC(6) Pause Young (Normal) (G1 Evacuation Pause)
[2021-12-27T19:24:18.532+0100][gc,task       ] GC(6) Using 10 workers of 10 for evacuation
[2021-12-27T19:24:18.540+0100][gc,phases     ] GC(6)   Pre Evacuate Collection Set: 0,1ms
[2021-12-27T19:24:18.540+0100][gc,phases     ] GC(6)   Evacuate Collection Set: 7,2ms
[2021-12-27T19:24:18.540+0100][gc,phases     ] GC(6)   Post Evacuate Collection Set: 0,9ms
[2021-12-27T19:24:18.540+0100][gc,phases     ] GC(6)   Other: 0,7ms
[2021-12-27T19:24:18.540+0100][gc,heap       ] GC(6) Eden regions: 44->0(45)
[2021-12-27T19:24:18.540+0100][gc,heap       ] GC(6) Survivor regions: 7->6(7)
[2021-12-27T19:24:18.540+0100][gc,heap       ] GC(6) Old regions: 7->10
[2021-12-27T19:24:18.540+0100][gc,heap       ] GC(6) Humongous regions: 147->129
[2021-12-27T19:24:18.540+0100][gc,metaspace  ] GC(6) Metaspace: 41291K->41291K(1087488K)
[2021-12-27T19:24:18.540+0100][gc            ] GC(6) Pause Young (Normal) (G1 Evacuation Pause) 204M->144M(1024M) 8,804ms
[2021-12-27T19:24:18.540+0100][gc,cpu        ] GC(6) User=0,07s Sys=0,00s Real=0,01s
[2021-12-27T19:28:58.083+0100][gc,start      ] GC(7) Pause Young (Normal) (G1 Evacuation Pause)
[2021-12-27T19:28:58.086+0100][gc,task       ] GC(7) Using 10 workers of 10 for evacuation
[2021-12-27T19:28:58.099+0100][gc,phases     ] GC(7)   Pre Evacuate Collection Set: 0,0ms
[2021-12-27T19:28:58.099+0100][gc,phases     ] GC(7)   Evacuate Collection Set: 10,9ms
[2021-12-27T19:28:58.099+0100][gc,phases     ] GC(7)   Post Evacuate Collection Set: 1,5ms
[2021-12-27T19:28:58.099+0100][gc,phases     ] GC(7)   Other: 3,4ms
[2021-12-27T19:28:58.099+0100][gc,heap       ] GC(7) Eden regions: 45->0(45)
[2021-12-27T19:28:58.099+0100][gc,heap       ] GC(7) Survivor regions: 6->6(7)
[2021-12-27T19:28:58.099+0100][gc,heap       ] GC(7) Old regions: 10->14
[2021-12-27T19:28:58.099+0100][gc,heap       ] GC(7) Humongous regions: 129->129
[2021-12-27T19:28:58.099+0100][gc,metaspace  ] GC(7) Metaspace: 44048K->44048K(1089536K)
[2021-12-27T19:28:58.099+0100][gc            ] GC(7) Pause Young (Normal) (G1 Evacuation Pause) 189M->147M(1024M) 16,102ms
[2021-12-27T19:28:58.099+0100][gc,cpu        ] GC(7) User=0,10s Sys=0,00s Real=0,02s
[2021-12-27T19:38:07.647+0100][gc,start      ] GC(8) Pause Young (Normal) (G1 Evacuation Pause)
[2021-12-27T19:38:07.667+0100][gc,task       ] GC(8) Using 10 workers of 10 for evacuation
[2021-12-27T19:38:07.674+0100][gc,phases     ] GC(8)   Pre Evacuate Collection Set: 0,0ms
[2021-12-27T19:38:07.674+0100][gc,phases     ] GC(8)   Evacuate Collection Set: 5,9ms
[2021-12-27T19:38:07.674+0100][gc,phases     ] GC(8)   Post Evacuate Collection Set: 0,9ms
[2021-12-27T19:38:07.674+0100][gc,phases     ] GC(8)   Other: 20,0ms
[2021-12-27T19:38:07.674+0100][gc,heap       ] GC(8) Eden regions: 45->0(47)
[2021-12-27T19:38:07.674+0100][gc,heap       ] GC(8) Survivor regions: 6->4(7)
[2021-12-27T19:38:07.674+0100][gc,heap       ] GC(8) Old regions: 14->16
[2021-12-27T19:38:07.674+0100][gc,heap       ] GC(8) Humongous regions: 129->129
[2021-12-27T19:38:07.674+0100][gc,metaspace  ] GC(8) Metaspace: 44509K->44509K(1089536K)
[2021-12-27T19:38:07.674+0100][gc            ] GC(8) Pause Young (Normal) (G1 Evacuation Pause) 192M->147M(1024M) 26,946ms
[2021-12-27T19:38:07.674+0100][gc,cpu        ] GC(8) User=0,06s Sys=0,00s Real=0,02s
[2021-12-27T19:48:25.603+0100][gc,start      ] GC(9) Pause Young (Normal) (G1 Evacuation Pause)
[2021-12-27T19:48:25.603+0100][gc,task       ] GC(9) Using 10 workers of 10 for evacuation
[2021-12-27T19:48:25.606+0100][gc,phases     ] GC(9)   Pre Evacuate Collection Set: 0,0ms
[2021-12-27T19:48:25.606+0100][gc,phases     ] GC(9)   Evacuate Collection Set: 2,2ms
[2021-12-27T19:48:25.606+0100][gc,phases     ] GC(9)   Post Evacuate Collection Set: 0,4ms
[2021-12-27T19:48:25.606+0100][gc,phases     ] GC(9)   Other: 0,7ms
[2021-12-27T19:48:25.606+0100][gc,heap       ] GC(9) Eden regions: 47->0(47)
[2021-12-27T19:48:25.606+0100][gc,heap       ] GC(9) Survivor regions: 4->4(7)
[2021-12-27T19:48:25.606+0100][gc,heap       ] GC(9) Old regions: 16->16
[2021-12-27T19:48:25.606+0100][gc,heap       ] GC(9) Humongous regions: 129->129
[2021-12-27T19:48:25.606+0100][gc,metaspace  ] GC(9) Metaspace: 44614K->44614K(1089536K)
[2021-12-27T19:48:25.606+0100][gc            ] GC(9) Pause Young (Normal) (G1 Evacuation Pause) 194M->148M(1024M) 3,381ms
[2021-12-27T19:48:25.606+0100][gc,cpu        ] GC(9) User=0,03s Sys=0,00s Real=0,01s
[2021-12-27T19:57:02.546+0100][gc,start      ] GC(10) Pause Young (Normal) (G1 Evacuation Pause)
[2021-12-27T19:57:02.550+0100][gc,task       ] GC(10) Using 10 workers of 10 for evacuation
[2021-12-27T19:57:02.559+0100][gc,phases     ] GC(10)   Pre Evacuate Collection Set: 0,0ms
[2021-12-27T19:57:02.560+0100][gc,phases     ] GC(10)   Evacuate Collection Set: 7,6ms
[2021-12-27T19:57:02.560+0100][gc,phases     ] GC(10)   Post Evacuate Collection Set: 1,2ms
[2021-12-27T19:57:02.560+0100][gc,phases     ] GC(10)   Other: 5,0ms
[2021-12-27T19:57:02.560+0100][gc,heap       ] GC(10) Eden regions: 47->0(53)
[2021-12-27T19:57:02.560+0100][gc,heap       ] GC(10) Survivor regions: 4->4(7)
[2021-12-27T19:57:02.560+0100][gc,heap       ] GC(10) Old regions: 16->16
[2021-12-27T19:57:02.560+0100][gc,heap       ] GC(10) Humongous regions: 129->129
[2021-12-27T19:57:02.560+0100][gc,metaspace  ] GC(10) Metaspace: 44741K->44741K(1089536K)
[2021-12-27T19:57:02.560+0100][gc            ] GC(10) Pause Young (Normal) (G1 Evacuation Pause) 195M->148M(1024M) 14,007ms
[2021-12-27T19:57:02.560+0100][gc,cpu        ] GC(10) User=0,08s Sys=0,00s Real=0,01s
[2021-12-27T20:02:56.246+0100][gc,start      ] GC(11) Pause Young (Normal) (G1 Evacuation Pause)
[2021-12-27T20:02:56.246+0100][gc,task       ] GC(11) Using 10 workers of 10 for evacuation
[2021-12-27T20:02:56.252+0100][gc,phases     ] GC(11)   Pre Evacuate Collection Set: 0,0ms
[2021-12-27T20:02:56.252+0100][gc,phases     ] GC(11)   Evacuate Collection Set: 3,5ms
[2021-12-27T20:02:56.252+0100][gc,phases     ] GC(11)   Post Evacuate Collection Set: 2,1ms
[2021-12-27T20:02:56.252+0100][gc,phases     ] GC(11)   Other: 0,2ms
[2021-12-27T20:02:56.252+0100][gc,heap       ] GC(11) Eden regions: 53->0(60)
[2021-12-27T20:02:56.252+0100][gc,heap       ] GC(11) Survivor regions: 4->4(8)
[2021-12-27T20:02:56.252+0100][gc,heap       ] GC(11) Old regions: 16->16
[2021-12-27T20:02:56.252+0100][gc,heap       ] GC(11) Humongous regions: 129->129
[2021-12-27T20:02:56.252+0100][gc,metaspace  ] GC(11) Metaspace: 44835K->44835K(1089536K)
[2021-12-27T20:02:56.252+0100][gc            ] GC(11) Pause Young (Normal) (G1 Evacuation Pause) 201M->148M(1024M) 5,944ms
[2021-12-27T20:02:56.252+0100][gc,cpu        ] GC(11) User=0,04s Sys=0,00s Real=0,00s
[2021-12-27T20:14:36.731+0100][gc,start      ] GC(12) Pause Young (Normal) (G1 Evacuation Pause)
[2021-12-27T20:14:36.740+0100][gc,task       ] GC(12) Using 10 workers of 10 for evacuation
[2021-12-27T20:14:36.756+0100][gc,phases     ] GC(12)   Pre Evacuate Collection Set: 0,0ms
[2021-12-27T20:14:36.756+0100][gc,phases     ] GC(12)   Evacuate Collection Set: 11,5ms
[2021-12-27T20:14:36.756+0100][gc,phases     ] GC(12)   Post Evacuate Collection Set: 4,1ms
[2021-12-27T20:14:36.756+0100][gc,phases     ] GC(12)   Other: 10,0ms
[2021-12-27T20:14:36.756+0100][gc,heap       ] GC(12) Eden regions: 60->0(67)
[2021-12-27T20:14:36.756+0100][gc,heap       ] GC(12) Survivor regions: 4->5(8)
[2021-12-27T20:14:36.756+0100][gc,heap       ] GC(12) Old regions: 16->16
[2021-12-27T20:14:36.756+0100][gc,heap       ] GC(12) Humongous regions: 129->129
[2021-12-27T20:14:36.756+0100][gc,metaspace  ] GC(12) Metaspace: 44924K->44924K(1089536K)
[2021-12-27T20:14:36.757+0100][gc            ] GC(12) Pause Young (Normal) (G1 Evacuation Pause) 208M->148M(1024M) 25,818ms
[2021-12-27T20:14:36.757+0100][gc,cpu        ] GC(12) User=0,12s Sys=0,00s Real=0,03s
[2021-12-27T20:27:22.660+0100][gc,start      ] GC(13) Pause Young (Normal) (G1 Evacuation Pause)
[2021-12-27T20:27:22.670+0100][gc,task       ] GC(13) Using 10 workers of 10 for evacuation
[2021-12-27T20:27:22.675+0100][gc,phases     ] GC(13)   Pre Evacuate Collection Set: 0,0ms
[2021-12-27T20:27:22.675+0100][gc,phases     ] GC(13)   Evacuate Collection Set: 3,1ms
[2021-12-27T20:27:22.675+0100][gc,phases     ] GC(13)   Post Evacuate Collection Set: 1,8ms
[2021-12-27T20:27:22.675+0100][gc,phases     ] GC(13)   Other: 9,9ms
[2021-12-27T20:27:22.675+0100][gc,heap       ] GC(13) Eden regions: 67->0(609)
[2021-12-27T20:27:22.675+0100][gc,heap       ] GC(13) Survivor regions: 5->5(9)
[2021-12-27T20:27:22.675+0100][gc,heap       ] GC(13) Old regions: 16->16
[2021-12-27T20:27:22.675+0100][gc,heap       ] GC(13) Humongous regions: 129->129
[2021-12-27T20:27:22.675+0100][gc,metaspace  ] GC(13) Metaspace: 45005K->45005K(1091584K)
[2021-12-27T20:27:22.675+0100][gc            ] GC(13) Pause Young (Normal) (G1 Evacuation Pause) 215M->149M(1024M) 14,822ms
[2021-12-27T20:27:22.675+0100][gc,cpu        ] GC(13) User=0,04s Sys=0,00s Real=0,01s
[2021-12-27T21:02:37.167+0100][gc,heap,exit  ] Heap
[2021-12-27T21:02:37.177+0100][gc,heap,exit  ]  garbage-first heap   total 1048576K, used 339348K [0x00000000c0000000, 0x0000000100000000)
[2021-12-27T21:02:37.177+0100][gc,heap,exit  ]   region size 1024K, 189 young (193536K), 5 survivors (5120K)
[2021-12-27T21:02:37.177+0100][gc,heap,exit  ]  Metaspace       used 45816K, capacity 48885K, committed 49104K, reserved 1091584K
[2021-12-27T21:02:37.177+0100][gc,heap,exit  ]   class space    used 5961K, capacity 7413K, committed 7472K, reserved 1048576K
