[2022-01-17T15:52:38.691+0100][gc,heap] Heap region size: 1M
[2022-01-17T15:52:38.703+0100][gc     ] Using G1
[2022-01-17T15:52:38.704+0100][gc,heap,coops] Heap address: 0x00000000c0000000, size: 1024 MB, Compressed Oops mode: 32-bit
[2022-01-17T15:52:39.327+0100][gc,start     ] GC(0) Pause Young (Normal) (G1 Evacuation Pause)
[2022-01-17T15:52:39.328+0100][gc,task      ] GC(0) Using 10 workers of 10 for evacuation
[2022-01-17T15:52:39.332+0100][gc,phases    ] GC(0)   Pre Evacuate Collection Set: 0,0ms
[2022-01-17T15:52:39.332+0100][gc,phases    ] GC(0)   Evacuate Collection Set: 3,5ms
[2022-01-17T15:52:39.332+0100][gc,phases    ] GC(0)   Post Evacuate Collection Set: 0,7ms
[2022-01-17T15:52:39.332+0100][gc,phases    ] GC(0)   Other: 0,9ms
[2022-01-17T15:52:39.332+0100][gc,heap      ] GC(0) Eden regions: 51->0(44)
[2022-01-17T15:52:39.332+0100][gc,heap      ] GC(0) Survivor regions: 0->7(7)
[2022-01-17T15:52:39.332+0100][gc,heap      ] GC(0) Old regions: 0->0
[2022-01-17T15:52:39.332+0100][gc,heap      ] GC(0) Humongous regions: 0->0
[2022-01-17T15:52:39.332+0100][gc,metaspace ] GC(0) Metaspace: 14734K->14734K(1062912K)
[2022-01-17T15:52:39.332+0100][gc           ] GC(0) Pause Young (Normal) (G1 Evacuation Pause) 51M->6M(1024M) 5,210ms
[2022-01-17T15:52:39.332+0100][gc,cpu       ] GC(0) User=0,03s Sys=0,00s Real=0,00s
[2022-01-17T15:52:39.668+0100][gc,start     ] GC(1) Pause Young (Concurrent Start) (Metadata GC Threshold)
[2022-01-17T15:52:39.668+0100][gc,task      ] GC(1) Using 10 workers of 10 for evacuation
[2022-01-17T15:52:39.676+0100][gc,phases    ] GC(1)   Pre Evacuate Collection Set: 0,1ms
[2022-01-17T15:52:39.676+0100][gc,phases    ] GC(1)   Evacuate Collection Set: 7,1ms
[2022-01-17T15:52:39.676+0100][gc,phases    ] GC(1)   Post Evacuate Collection Set: 0,4ms
[2022-01-17T15:52:39.676+0100][gc,phases    ] GC(1)   Other: 0,2ms
[2022-01-17T15:52:39.676+0100][gc,heap      ] GC(1) Eden regions: 25->0(49)
[2022-01-17T15:52:39.676+0100][gc,heap      ] GC(1) Survivor regions: 7->2(7)
[2022-01-17T15:52:39.676+0100][gc,heap      ] GC(1) Old regions: 0->7
[2022-01-17T15:52:39.676+0100][gc,heap      ] GC(1) Humongous regions: 0->0
[2022-01-17T15:52:39.676+0100][gc,metaspace ] GC(1) Metaspace: 20526K->20526K(1067008K)
[2022-01-17T15:52:39.676+0100][gc           ] GC(1) Pause Young (Concurrent Start) (Metadata GC Threshold) 31M->8M(1024M) 7,812ms
[2022-01-17T15:52:39.676+0100][gc,cpu       ] GC(1) User=0,05s Sys=0,00s Real=0,01s
[2022-01-17T15:52:39.676+0100][gc           ] GC(2) Concurrent Cycle
[2022-01-17T15:52:39.676+0100][gc,marking   ] GC(2) Concurrent Clear Claimed Marks
[2022-01-17T15:52:39.676+0100][gc,marking   ] GC(2) Concurrent Clear Claimed Marks 0,027ms
[2022-01-17T15:52:39.676+0100][gc,marking   ] GC(2) Concurrent Scan Root Regions
[2022-01-17T15:52:39.678+0100][gc,marking   ] GC(2) Concurrent Scan Root Regions 1,630ms
[2022-01-17T15:52:39.678+0100][gc,marking   ] GC(2) Concurrent Mark (0,989s)
[2022-01-17T15:52:39.678+0100][gc,marking   ] GC(2) Concurrent Mark From Roots
[2022-01-17T15:52:39.678+0100][gc,task      ] GC(2) Using 3 workers of 3 for marking
[2022-01-17T15:52:39.682+0100][gc,marking   ] GC(2) Concurrent Mark From Roots 3,542ms
[2022-01-17T15:52:39.682+0100][gc,marking   ] GC(2) Concurrent Preclean
[2022-01-17T15:52:39.682+0100][gc,marking   ] GC(2) Concurrent Preclean 0,121ms
[2022-01-17T15:52:39.682+0100][gc,marking   ] GC(2) Concurrent Mark (0,989s, 0,993s) 3,697ms
[2022-01-17T15:52:39.682+0100][gc,start     ] GC(2) Pause Remark
[2022-01-17T15:52:39.684+0100][gc,stringtable] GC(2) Cleaned string and symbol table, strings: 9452 processed, 0 removed, symbols: 50599 processed, 45 removed
[2022-01-17T15:52:39.684+0100][gc            ] GC(2) Pause Remark 9M->9M(1024M) 1,964ms
[2022-01-17T15:52:39.684+0100][gc,cpu        ] GC(2) User=0,02s Sys=0,00s Real=0,00s
[2022-01-17T15:52:39.684+0100][gc,marking    ] GC(2) Concurrent Rebuild Remembered Sets
[2022-01-17T15:52:39.686+0100][gc,marking    ] GC(2) Concurrent Rebuild Remembered Sets 1,825ms
[2022-01-17T15:52:39.686+0100][gc,start      ] GC(2) Pause Cleanup
[2022-01-17T15:52:39.686+0100][gc            ] GC(2) Pause Cleanup 9M->9M(1024M) 0,229ms
[2022-01-17T15:52:39.686+0100][gc,cpu        ] GC(2) User=0,00s Sys=0,00s Real=0,01s
[2022-01-17T15:52:39.686+0100][gc,marking    ] GC(2) Concurrent Cleanup for Next Mark
[2022-01-17T15:52:39.689+0100][gc,marking    ] GC(2) Concurrent Cleanup for Next Mark 2,560ms
[2022-01-17T15:52:39.689+0100][gc            ] GC(2) Concurrent Cycle 12,418ms
[2022-01-17T15:52:41.173+0100][gc,start      ] GC(3) Pause Young (Normal) (G1 Evacuation Pause)
[2022-01-17T15:52:41.173+0100][gc,task       ] GC(3) Using 10 workers of 10 for evacuation
[2022-01-17T15:52:41.176+0100][gc,phases     ] GC(3)   Pre Evacuate Collection Set: 0,0ms
[2022-01-17T15:52:41.176+0100][gc,phases     ] GC(3)   Evacuate Collection Set: 2,5ms
[2022-01-17T15:52:41.176+0100][gc,phases     ] GC(3)   Post Evacuate Collection Set: 0,5ms
[2022-01-17T15:52:41.176+0100][gc,phases     ] GC(3)   Other: 0,4ms
[2022-01-17T15:52:41.176+0100][gc,heap       ] GC(3) Eden regions: 49->0(47)
[2022-01-17T15:52:41.176+0100][gc,heap       ] GC(3) Survivor regions: 2->4(7)
[2022-01-17T15:52:41.176+0100][gc,heap       ] GC(3) Old regions: 7->7
[2022-01-17T15:52:41.176+0100][gc,heap       ] GC(3) Humongous regions: 129->129
[2022-01-17T15:52:41.176+0100][gc,metaspace  ] GC(3) Metaspace: 28852K->28852K(1075200K)
[2022-01-17T15:52:41.176+0100][gc            ] GC(3) Pause Young (Normal) (G1 Evacuation Pause) 186M->139M(1024M) 3,446ms
[2022-01-17T15:52:41.176+0100][gc,cpu        ] GC(3) User=0,02s Sys=0,00s Real=0,01s
[2022-01-17T15:52:41.509+0100][gc,start      ] GC(4) Pause Young (Concurrent Start) (Metadata GC Threshold)
[2022-01-17T15:52:41.509+0100][gc,task       ] GC(4) Using 10 workers of 10 for evacuation
[2022-01-17T15:52:41.515+0100][gc,phases     ] GC(4)   Pre Evacuate Collection Set: 0,1ms
[2022-01-17T15:52:41.515+0100][gc,phases     ] GC(4)   Evacuate Collection Set: 5,4ms
[2022-01-17T15:52:41.515+0100][gc,phases     ] GC(4)   Post Evacuate Collection Set: 0,5ms
[2022-01-17T15:52:41.515+0100][gc,phases     ] GC(4)   Other: 0,2ms
[2022-01-17T15:52:41.515+0100][gc,heap       ] GC(4) Eden regions: 34->0(44)
[2022-01-17T15:52:41.515+0100][gc,heap       ] GC(4) Survivor regions: 4->7(7)
[2022-01-17T15:52:41.515+0100][gc,heap       ] GC(4) Old regions: 7->7
[2022-01-17T15:52:41.515+0100][gc,heap       ] GC(4) Humongous regions: 129->129
[2022-01-17T15:52:41.515+0100][gc,metaspace  ] GC(4) Metaspace: 34479K->34479K(1081344K)
[2022-01-17T15:52:41.515+0100][gc            ] GC(4) Pause Young (Concurrent Start) (Metadata GC Threshold) 172M->142M(1024M) 6,252ms
[2022-01-17T15:52:41.515+0100][gc,cpu        ] GC(4) User=0,04s Sys=0,00s Real=0,01s
[2022-01-17T15:52:41.515+0100][gc            ] GC(5) Concurrent Cycle
[2022-01-17T15:52:41.515+0100][gc,marking    ] GC(5) Concurrent Clear Claimed Marks
[2022-01-17T15:52:41.516+0100][gc,marking    ] GC(5) Concurrent Clear Claimed Marks 0,063ms
[2022-01-17T15:52:41.516+0100][gc,marking    ] GC(5) Concurrent Scan Root Regions
[2022-01-17T15:52:41.518+0100][gc,marking    ] GC(5) Concurrent Scan Root Regions 2,119ms
[2022-01-17T15:52:41.518+0100][gc,marking    ] GC(5) Concurrent Mark (2,829s)
[2022-01-17T15:52:41.518+0100][gc,marking    ] GC(5) Concurrent Mark From Roots
[2022-01-17T15:52:41.518+0100][gc,task       ] GC(5) Using 3 workers of 3 for marking
[2022-01-17T15:52:41.525+0100][gc,marking    ] GC(5) Concurrent Mark From Roots 6,961ms
[2022-01-17T15:52:41.525+0100][gc,marking    ] GC(5) Concurrent Preclean
[2022-01-17T15:52:41.525+0100][gc,marking    ] GC(5) Concurrent Preclean 0,279ms
[2022-01-17T15:52:41.525+0100][gc,marking    ] GC(5) Concurrent Mark (2,829s, 2,836s) 7,316ms
[2022-01-17T15:52:41.525+0100][gc,start      ] GC(5) Pause Remark
[2022-01-17T15:52:41.530+0100][gc,stringtable] GC(5) Cleaned string and symbol table, strings: 15518 processed, 10 removed, symbols: 81895 processed, 15 removed
[2022-01-17T15:52:41.530+0100][gc            ] GC(5) Pause Remark 144M->144M(1024M) 4,796ms
[2022-01-17T15:52:41.530+0100][gc,cpu        ] GC(5) User=0,03s Sys=0,00s Real=0,01s
[2022-01-17T15:52:41.530+0100][gc,marking    ] GC(5) Concurrent Rebuild Remembered Sets
[2022-01-17T15:52:41.532+0100][gc,marking    ] GC(5) Concurrent Rebuild Remembered Sets 2,287ms
[2022-01-17T15:52:41.533+0100][gc,start      ] GC(5) Pause Cleanup
[2022-01-17T15:52:41.533+0100][gc            ] GC(5) Pause Cleanup 144M->144M(1024M) 0,214ms
[2022-01-17T15:52:41.533+0100][gc,cpu        ] GC(5) User=0,01s Sys=0,00s Real=0,00s
[2022-01-17T15:52:41.533+0100][gc,marking    ] GC(5) Concurrent Cleanup for Next Mark
[2022-01-17T15:52:41.536+0100][gc,marking    ] GC(5) Concurrent Cleanup for Next Mark 3,260ms
[2022-01-17T15:52:41.536+0100][gc            ] GC(5) Concurrent Cycle 20,902ms
[2022-01-17T15:52:42.324+0100][gc,start      ] GC(6) Pause Young (Normal) (G1 Evacuation Pause)
[2022-01-17T15:52:42.324+0100][gc,task       ] GC(6) Using 10 workers of 10 for evacuation
[2022-01-17T15:52:42.330+0100][gc,phases     ] GC(6)   Pre Evacuate Collection Set: 0,0ms
[2022-01-17T15:52:42.330+0100][gc,phases     ] GC(6)   Evacuate Collection Set: 4,7ms
[2022-01-17T15:52:42.330+0100][gc,phases     ] GC(6)   Post Evacuate Collection Set: 0,8ms
[2022-01-17T15:52:42.330+0100][gc,phases     ] GC(6)   Other: 0,2ms
[2022-01-17T15:52:42.330+0100][gc,heap       ] GC(6) Eden regions: 44->0(45)
[2022-01-17T15:52:42.330+0100][gc,heap       ] GC(6) Survivor regions: 7->6(7)
[2022-01-17T15:52:42.330+0100][gc,heap       ] GC(6) Old regions: 7->10
[2022-01-17T15:52:42.330+0100][gc,heap       ] GC(6) Humongous regions: 135->135
[2022-01-17T15:52:42.330+0100][gc,metaspace  ] GC(6) Metaspace: 39164K->39164K(1085440K)
[2022-01-17T15:52:42.330+0100][gc            ] GC(6) Pause Young (Normal) (G1 Evacuation Pause) 192M->149M(1024M) 5,758ms
[2022-01-17T15:52:42.330+0100][gc,cpu        ] GC(6) User=0,04s Sys=0,01s Real=0,01s
[2022-01-17T15:53:37.857+0100][gc,start      ] GC(7) Pause Young (Normal) (G1 Evacuation Pause)
[2022-01-17T15:53:37.857+0100][gc,task       ] GC(7) Using 10 workers of 10 for evacuation
[2022-01-17T15:53:37.865+0100][gc,phases     ] GC(7)   Pre Evacuate Collection Set: 0,1ms
[2022-01-17T15:53:37.865+0100][gc,phases     ] GC(7)   Evacuate Collection Set: 6,5ms
[2022-01-17T15:53:37.865+0100][gc,phases     ] GC(7)   Post Evacuate Collection Set: 1,1ms
[2022-01-17T15:53:37.865+0100][gc,phases     ] GC(7)   Other: 0,8ms
[2022-01-17T15:53:37.865+0100][gc,heap       ] GC(7) Eden regions: 45->0(48)
[2022-01-17T15:53:37.865+0100][gc,heap       ] GC(7) Survivor regions: 6->3(7)
[2022-01-17T15:53:37.865+0100][gc,heap       ] GC(7) Old regions: 10->14
[2022-01-17T15:53:37.865+0100][gc,heap       ] GC(7) Humongous regions: 147->129
[2022-01-17T15:53:37.865+0100][gc,metaspace  ] GC(7) Metaspace: 41983K->41983K(1087488K)
[2022-01-17T15:53:37.865+0100][gc            ] GC(7) Pause Young (Normal) (G1 Evacuation Pause) 206M->144M(1024M) 8,661ms
[2022-01-17T15:53:37.865+0100][gc,cpu        ] GC(7) User=0,06s Sys=0,01s Real=0,00s
[2022-01-17T15:56:38.760+0100][gc,start      ] GC(8) Pause Young (Normal) (G1 Evacuation Pause)
[2022-01-17T15:56:38.761+0100][gc,task       ] GC(8) Using 10 workers of 10 for evacuation
[2022-01-17T15:56:38.763+0100][gc,phases     ] GC(8)   Pre Evacuate Collection Set: 0,0ms
[2022-01-17T15:56:38.763+0100][gc,phases     ] GC(8)   Evacuate Collection Set: 2,2ms
[2022-01-17T15:56:38.763+0100][gc,phases     ] GC(8)   Post Evacuate Collection Set: 0,5ms
[2022-01-17T15:56:38.763+0100][gc,phases     ] GC(8)   Other: 0,4ms
[2022-01-17T15:56:38.763+0100][gc,heap       ] GC(8) Eden regions: 48->0(46)
[2022-01-17T15:56:38.763+0100][gc,heap       ] GC(8) Survivor regions: 3->5(7)
[2022-01-17T15:56:38.763+0100][gc,heap       ] GC(8) Old regions: 14->14
[2022-01-17T15:56:38.763+0100][gc,heap       ] GC(8) Humongous regions: 129->129
[2022-01-17T15:56:38.763+0100][gc,metaspace  ] GC(8) Metaspace: 43682K->43682K(1089536K)
[2022-01-17T15:56:38.763+0100][gc            ] GC(8) Pause Young (Normal) (G1 Evacuation Pause) 192M->146M(1024M) 3,172ms
[2022-01-17T15:56:38.763+0100][gc,cpu        ] GC(8) User=0,02s Sys=0,00s Real=0,00s
[2022-01-17T15:59:35.857+0100][gc,start      ] GC(9) Pause Young (Normal) (G1 Evacuation Pause)
[2022-01-17T15:59:35.857+0100][gc,task       ] GC(9) Using 10 workers of 10 for evacuation
[2022-01-17T15:59:35.861+0100][gc,phases     ] GC(9)   Pre Evacuate Collection Set: 0,1ms
[2022-01-17T15:59:35.861+0100][gc,phases     ] GC(9)   Evacuate Collection Set: 3,2ms
[2022-01-17T15:59:35.861+0100][gc,phases     ] GC(9)   Post Evacuate Collection Set: 0,6ms
[2022-01-17T15:59:35.861+0100][gc,phases     ] GC(9)   Other: 0,2ms
[2022-01-17T15:59:35.861+0100][gc,heap       ] GC(9) Eden regions: 46->0(50)
[2022-01-17T15:59:35.861+0100][gc,heap       ] GC(9) Survivor regions: 5->4(7)
[2022-01-17T15:59:35.861+0100][gc,heap       ] GC(9) Old regions: 14->15
[2022-01-17T15:59:35.861+0100][gc,heap       ] GC(9) Humongous regions: 129->129
[2022-01-17T15:59:35.861+0100][gc,metaspace  ] GC(9) Metaspace: 43739K->43739K(1089536K)
[2022-01-17T15:59:35.861+0100][gc            ] GC(9) Pause Young (Normal) (G1 Evacuation Pause) 192M->147M(1024M) 4,080ms
[2022-01-17T15:59:35.861+0100][gc,cpu        ] GC(9) User=0,03s Sys=0,00s Real=0,00s
[2022-01-17T16:02:57.175+0100][gc,start      ] GC(10) Pause Young (Normal) (G1 Evacuation Pause)
[2022-01-17T16:02:57.175+0100][gc,task       ] GC(10) Using 10 workers of 10 for evacuation
[2022-01-17T16:02:57.180+0100][gc,phases     ] GC(10)   Pre Evacuate Collection Set: 0,0ms
[2022-01-17T16:02:57.181+0100][gc,phases     ] GC(10)   Evacuate Collection Set: 4,6ms
[2022-01-17T16:02:57.181+0100][gc,phases     ] GC(10)   Post Evacuate Collection Set: 0,8ms
[2022-01-17T16:02:57.181+0100][gc,phases     ] GC(10)   Other: 0,5ms
[2022-01-17T16:02:57.181+0100][gc,heap       ] GC(10) Eden regions: 50->0(60)
[2022-01-17T16:02:57.181+0100][gc,heap       ] GC(10) Survivor regions: 4->4(7)
[2022-01-17T16:02:57.181+0100][gc,heap       ] GC(10) Old regions: 15->15
[2022-01-17T16:02:57.181+0100][gc,heap       ] GC(10) Humongous regions: 129->129
[2022-01-17T16:02:57.181+0100][gc,metaspace  ] GC(10) Metaspace: 43901K->43901K(1089536K)
[2022-01-17T16:02:57.181+0100][gc            ] GC(10) Pause Young (Normal) (G1 Evacuation Pause) 197M->147M(1024M) 6,132ms
[2022-01-17T16:02:57.181+0100][gc,cpu        ] GC(10) User=0,04s Sys=0,00s Real=0,00s
[2022-01-17T16:07:07.985+0100][gc,start      ] GC(11) Pause Young (Normal) (G1 Evacuation Pause)
[2022-01-17T16:07:07.985+0100][gc,task       ] GC(11) Using 10 workers of 10 for evacuation
[2022-01-17T16:07:07.990+0100][gc,phases     ] GC(11)   Pre Evacuate Collection Set: 0,0ms
[2022-01-17T16:07:07.990+0100][gc,phases     ] GC(11)   Evacuate Collection Set: 3,7ms
[2022-01-17T16:07:07.990+0100][gc,phases     ] GC(11)   Post Evacuate Collection Set: 0,8ms
[2022-01-17T16:07:07.990+0100][gc,phases     ] GC(11)   Other: 0,5ms
[2022-01-17T16:07:07.990+0100][gc,heap       ] GC(11) Eden regions: 60->0(76)
[2022-01-17T16:07:07.990+0100][gc,heap       ] GC(11) Survivor regions: 4->5(8)
[2022-01-17T16:07:07.990+0100][gc,heap       ] GC(11) Old regions: 15->15
[2022-01-17T16:07:07.990+0100][gc,heap       ] GC(11) Humongous regions: 129->129
[2022-01-17T16:07:07.990+0100][gc,metaspace  ] GC(11) Metaspace: 43978K->43978K(1089536K)
[2022-01-17T16:07:07.990+0100][gc            ] GC(11) Pause Young (Normal) (G1 Evacuation Pause) 207M->147M(1024M) 5,164ms
[2022-01-17T16:07:07.990+0100][gc,cpu        ] GC(11) User=0,03s Sys=0,00s Real=0,01s
[2022-01-17T16:09:04.786+0100][gc,heap,exit  ] Heap
[2022-01-17T16:09:04.786+0100][gc,heap,exit  ]  garbage-first heap   total 1048576K, used 188067K [0x00000000c0000000, 0x0000000100000000)
[2022-01-17T16:09:04.786+0100][gc,heap,exit  ]   region size 1024K, 42 young (43008K), 5 survivors (5120K)
[2022-01-17T16:09:04.786+0100][gc,heap,exit  ]  Metaspace       used 44832K, capacity 47756K, committed 47900K, reserved 1089536K
[2022-01-17T16:09:04.786+0100][gc,heap,exit  ]   class space    used 5789K, capacity 7161K, committed 7248K, reserved 1048576K
