[2022-01-16T21:03:11.192+0100][gc,heap] Heap region size: 1M
[2022-01-16T21:03:11.198+0100][gc     ] Using G1
[2022-01-16T21:03:11.198+0100][gc,heap,coops] Heap address: 0x00000000c0000000, size: 1024 MB, Compressed Oops mode: 32-bit
[2022-01-16T21:03:12.230+0100][gc,start     ] GC(0) Pause Young (Normal) (G1 Evacuation Pause)
[2022-01-16T21:03:12.231+0100][gc,task      ] GC(0) Using 10 workers of 10 for evacuation
[2022-01-16T21:03:12.242+0100][gc,phases    ] GC(0)   Pre Evacuate Collection Set: 0,0ms
[2022-01-16T21:03:12.242+0100][gc,phases    ] GC(0)   Evacuate Collection Set: 10,0ms
[2022-01-16T21:03:12.242+0100][gc,phases    ] GC(0)   Post Evacuate Collection Set: 0,6ms
[2022-01-16T21:03:12.242+0100][gc,phases    ] GC(0)   Other: 0,9ms
[2022-01-16T21:03:12.242+0100][gc,heap      ] GC(0) Eden regions: 51->0(44)
[2022-01-16T21:03:12.242+0100][gc,heap      ] GC(0) Survivor regions: 0->7(7)
[2022-01-16T21:03:12.242+0100][gc,heap      ] GC(0) Old regions: 0->0
[2022-01-16T21:03:12.242+0100][gc,heap      ] GC(0) Humongous regions: 0->0
[2022-01-16T21:03:12.242+0100][gc,metaspace ] GC(0) Metaspace: 14720K->14720K(1062912K)
[2022-01-16T21:03:12.242+0100][gc           ] GC(0) Pause Young (Normal) (G1 Evacuation Pause) 51M->6M(1024M) 11,647ms
[2022-01-16T21:03:12.242+0100][gc,cpu       ] GC(0) User=0,08s Sys=0,01s Real=0,01s
[2022-01-16T21:03:12.744+0100][gc,start     ] GC(1) Pause Young (Concurrent Start) (Metadata GC Threshold)
[2022-01-16T21:03:12.744+0100][gc,task      ] GC(1) Using 10 workers of 10 for evacuation
[2022-01-16T21:03:12.761+0100][gc,phases    ] GC(1)   Pre Evacuate Collection Set: 0,0ms
[2022-01-16T21:03:12.762+0100][gc,phases    ] GC(1)   Evacuate Collection Set: 16,2ms
[2022-01-16T21:03:12.762+0100][gc,phases    ] GC(1)   Post Evacuate Collection Set: 0,8ms
[2022-01-16T21:03:12.762+0100][gc,phases    ] GC(1)   Other: 0,2ms
[2022-01-16T21:03:12.762+0100][gc,heap      ] GC(1) Eden regions: 25->0(49)
[2022-01-16T21:03:12.762+0100][gc,heap      ] GC(1) Survivor regions: 7->2(7)
[2022-01-16T21:03:12.762+0100][gc,heap      ] GC(1) Old regions: 0->7
[2022-01-16T21:03:12.762+0100][gc,heap      ] GC(1) Humongous regions: 0->0
[2022-01-16T21:03:12.762+0100][gc,metaspace ] GC(1) Metaspace: 20486K->20486K(1067008K)
[2022-01-16T21:03:12.762+0100][gc           ] GC(1) Pause Young (Concurrent Start) (Metadata GC Threshold) 30M->8M(1024M) 17,474ms
[2022-01-16T21:03:12.762+0100][gc,cpu       ] GC(1) User=0,06s Sys=0,01s Real=0,02s
[2022-01-16T21:03:12.762+0100][gc           ] GC(2) Concurrent Cycle
[2022-01-16T21:03:12.762+0100][gc,marking   ] GC(2) Concurrent Clear Claimed Marks
[2022-01-16T21:03:12.762+0100][gc,marking   ] GC(2) Concurrent Clear Claimed Marks 0,043ms
[2022-01-16T21:03:12.762+0100][gc,marking   ] GC(2) Concurrent Scan Root Regions
[2022-01-16T21:03:12.764+0100][gc,marking   ] GC(2) Concurrent Scan Root Regions 1,831ms
[2022-01-16T21:03:12.764+0100][gc,marking   ] GC(2) Concurrent Mark (1,574s)
[2022-01-16T21:03:12.764+0100][gc,marking   ] GC(2) Concurrent Mark From Roots
[2022-01-16T21:03:12.764+0100][gc,task      ] GC(2) Using 3 workers of 3 for marking
[2022-01-16T21:03:12.771+0100][gc,marking   ] GC(2) Concurrent Mark From Roots 6,889ms
[2022-01-16T21:03:12.771+0100][gc,marking   ] GC(2) Concurrent Preclean
[2022-01-16T21:03:12.771+0100][gc,marking   ] GC(2) Concurrent Preclean 0,279ms
[2022-01-16T21:03:12.771+0100][gc,marking   ] GC(2) Concurrent Mark (1,574s, 1,581s) 7,227ms
[2022-01-16T21:03:12.771+0100][gc,start     ] GC(2) Pause Remark
[2022-01-16T21:03:12.773+0100][gc,stringtable] GC(2) Cleaned string and symbol table, strings: 9421 processed, 0 removed, symbols: 50197 processed, 42 removed
[2022-01-16T21:03:12.773+0100][gc            ] GC(2) Pause Remark 8M->8M(1024M) 1,870ms
[2022-01-16T21:03:12.773+0100][gc,cpu        ] GC(2) User=0,01s Sys=0,00s Real=0,00s
[2022-01-16T21:03:12.773+0100][gc,marking    ] GC(2) Concurrent Rebuild Remembered Sets
[2022-01-16T21:03:12.776+0100][gc,marking    ] GC(2) Concurrent Rebuild Remembered Sets 3,051ms
[2022-01-16T21:03:12.776+0100][gc,start      ] GC(2) Pause Cleanup
[2022-01-16T21:03:12.777+0100][gc            ] GC(2) Pause Cleanup 8M->8M(1024M) 0,253ms
[2022-01-16T21:03:12.777+0100][gc,cpu        ] GC(2) User=0,00s Sys=0,00s Real=0,00s
[2022-01-16T21:03:12.777+0100][gc,marking    ] GC(2) Concurrent Cleanup for Next Mark
[2022-01-16T21:03:12.780+0100][gc,marking    ] GC(2) Concurrent Cleanup for Next Mark 3,323ms
[2022-01-16T21:03:12.780+0100][gc            ] GC(2) Concurrent Cycle 18,347ms
[2022-01-16T21:03:14.255+0100][gc,start      ] GC(3) Pause Young (Normal) (G1 Evacuation Pause)
[2022-01-16T21:03:14.255+0100][gc,task       ] GC(3) Using 10 workers of 10 for evacuation
[2022-01-16T21:03:14.259+0100][gc,phases     ] GC(3)   Pre Evacuate Collection Set: 0,0ms
[2022-01-16T21:03:14.259+0100][gc,phases     ] GC(3)   Evacuate Collection Set: 3,2ms
[2022-01-16T21:03:14.259+0100][gc,phases     ] GC(3)   Post Evacuate Collection Set: 0,7ms
[2022-01-16T21:03:14.259+0100][gc,phases     ] GC(3)   Other: 0,2ms
[2022-01-16T21:03:14.259+0100][gc,heap       ] GC(3) Eden regions: 49->0(47)
[2022-01-16T21:03:14.259+0100][gc,heap       ] GC(3) Survivor regions: 2->4(7)
[2022-01-16T21:03:14.259+0100][gc,heap       ] GC(3) Old regions: 7->7
[2022-01-16T21:03:14.259+0100][gc,heap       ] GC(3) Humongous regions: 129->129
[2022-01-16T21:03:14.259+0100][gc,metaspace  ] GC(3) Metaspace: 28792K->28792K(1075200K)
[2022-01-16T21:03:14.259+0100][gc            ] GC(3) Pause Young (Normal) (G1 Evacuation Pause) 186M->139M(1024M) 4,379ms
[2022-01-16T21:03:14.259+0100][gc,cpu        ] GC(3) User=0,03s Sys=0,00s Real=0,00s
[2022-01-16T21:03:14.734+0100][gc,start      ] GC(4) Pause Young (Concurrent Start) (Metadata GC Threshold)
[2022-01-16T21:03:14.734+0100][gc,task       ] GC(4) Using 10 workers of 10 for evacuation
[2022-01-16T21:03:14.743+0100][gc,phases     ] GC(4)   Pre Evacuate Collection Set: 0,1ms
[2022-01-16T21:03:14.743+0100][gc,phases     ] GC(4)   Evacuate Collection Set: 7,9ms
[2022-01-16T21:03:14.743+0100][gc,phases     ] GC(4)   Post Evacuate Collection Set: 0,5ms
[2022-01-16T21:03:14.743+0100][gc,phases     ] GC(4)   Other: 0,2ms
[2022-01-16T21:03:14.743+0100][gc,heap       ] GC(4) Eden regions: 35->0(44)
[2022-01-16T21:03:14.743+0100][gc,heap       ] GC(4) Survivor regions: 4->7(7)
[2022-01-16T21:03:14.743+0100][gc,heap       ] GC(4) Old regions: 7->7
[2022-01-16T21:03:14.743+0100][gc,heap       ] GC(4) Humongous regions: 129->129
[2022-01-16T21:03:14.743+0100][gc,metaspace  ] GC(4) Metaspace: 34486K->34486K(1081344K)
[2022-01-16T21:03:14.743+0100][gc            ] GC(4) Pause Young (Concurrent Start) (Metadata GC Threshold) 173M->142M(1024M) 8,725ms
[2022-01-16T21:03:14.743+0100][gc,cpu        ] GC(4) User=0,09s Sys=0,00s Real=0,01s
[2022-01-16T21:03:14.743+0100][gc            ] GC(5) Concurrent Cycle
[2022-01-16T21:03:14.743+0100][gc,marking    ] GC(5) Concurrent Clear Claimed Marks
[2022-01-16T21:03:14.743+0100][gc,marking    ] GC(5) Concurrent Clear Claimed Marks 0,039ms
[2022-01-16T21:03:14.743+0100][gc,marking    ] GC(5) Concurrent Scan Root Regions
[2022-01-16T21:03:14.748+0100][gc,marking    ] GC(5) Concurrent Scan Root Regions 5,282ms
[2022-01-16T21:03:14.748+0100][gc,marking    ] GC(5) Concurrent Mark (3,558s)
[2022-01-16T21:03:14.748+0100][gc,marking    ] GC(5) Concurrent Mark From Roots
[2022-01-16T21:03:14.748+0100][gc,task       ] GC(5) Using 3 workers of 3 for marking
[2022-01-16T21:03:14.758+0100][gc,marking    ] GC(5) Concurrent Mark From Roots 9,617ms
[2022-01-16T21:03:14.758+0100][gc,marking    ] GC(5) Concurrent Preclean
[2022-01-16T21:03:14.758+0100][gc,marking    ] GC(5) Concurrent Preclean 0,360ms
[2022-01-16T21:03:14.758+0100][gc,marking    ] GC(5) Concurrent Mark (3,558s, 3,568s) 10,101ms
[2022-01-16T21:03:14.759+0100][gc,start      ] GC(5) Pause Remark
[2022-01-16T21:03:14.761+0100][gc,stringtable] GC(5) Cleaned string and symbol table, strings: 15481 processed, 10 removed, symbols: 81322 processed, 17 removed
[2022-01-16T21:03:14.762+0100][gc            ] GC(5) Pause Remark 143M->143M(1024M) 3,387ms
[2022-01-16T21:03:14.762+0100][gc,cpu        ] GC(5) User=0,04s Sys=0,00s Real=0,00s
[2022-01-16T21:03:14.762+0100][gc,marking    ] GC(5) Concurrent Rebuild Remembered Sets
[2022-01-16T21:03:14.766+0100][gc,marking    ] GC(5) Concurrent Rebuild Remembered Sets 3,764ms
[2022-01-16T21:03:14.766+0100][gc,start      ] GC(5) Pause Cleanup
[2022-01-16T21:03:14.766+0100][gc            ] GC(5) Pause Cleanup 143M->143M(1024M) 0,289ms
[2022-01-16T21:03:14.766+0100][gc,cpu        ] GC(5) User=0,00s Sys=0,00s Real=0,00s
[2022-01-16T21:03:14.766+0100][gc,marking    ] GC(5) Concurrent Cleanup for Next Mark
[2022-01-16T21:03:14.771+0100][gc,marking    ] GC(5) Concurrent Cleanup for Next Mark 4,262ms
[2022-01-16T21:03:14.771+0100][gc            ] GC(5) Concurrent Cycle 27,933ms
[2022-01-16T21:08:10.751+0100][gc,start      ] GC(6) Pause Young (Normal) (G1 Evacuation Pause)
[2022-01-16T21:08:10.751+0100][gc,task       ] GC(6) Using 10 workers of 10 for evacuation
[2022-01-16T21:08:10.759+0100][gc,phases     ] GC(6)   Pre Evacuate Collection Set: 0,0ms
[2022-01-16T21:08:10.759+0100][gc,phases     ] GC(6)   Evacuate Collection Set: 6,9ms
[2022-01-16T21:08:10.759+0100][gc,phases     ] GC(6)   Post Evacuate Collection Set: 0,9ms
[2022-01-16T21:08:10.759+0100][gc,phases     ] GC(6)   Other: 0,3ms
[2022-01-16T21:08:10.759+0100][gc,heap       ] GC(6) Eden regions: 44->0(45)
[2022-01-16T21:08:10.759+0100][gc,heap       ] GC(6) Survivor regions: 7->6(7)
[2022-01-16T21:08:10.759+0100][gc,heap       ] GC(6) Old regions: 7->10
[2022-01-16T21:08:10.759+0100][gc,heap       ] GC(6) Humongous regions: 147->129
[2022-01-16T21:08:10.759+0100][gc,metaspace  ] GC(6) Metaspace: 39892K->39892K(1085440K)
[2022-01-16T21:08:10.759+0100][gc            ] GC(6) Pause Young (Normal) (G1 Evacuation Pause) 204M->143M(1024M) 8,298ms
[2022-01-16T21:08:10.759+0100][gc,cpu        ] GC(6) User=0,04s Sys=0,01s Real=0,01s
[2022-01-16T21:42:43.782+0100][gc,start      ] GC(7) Pause Young (Normal) (G1 Evacuation Pause)
[2022-01-16T21:42:43.782+0100][gc,task       ] GC(7) Using 10 workers of 10 for evacuation
[2022-01-16T21:42:43.787+0100][gc,phases     ] GC(7)   Pre Evacuate Collection Set: 0,1ms
[2022-01-16T21:42:43.788+0100][gc,phases     ] GC(7)   Evacuate Collection Set: 4,6ms
[2022-01-16T21:42:43.788+0100][gc,phases     ] GC(7)   Post Evacuate Collection Set: 0,7ms
[2022-01-16T21:42:43.788+0100][gc,phases     ] GC(7)   Other: 0,5ms
[2022-01-16T21:42:43.788+0100][gc,heap       ] GC(7) Eden regions: 45->0(48)
[2022-01-16T21:42:43.788+0100][gc,heap       ] GC(7) Survivor regions: 6->3(7)
[2022-01-16T21:42:43.788+0100][gc,heap       ] GC(7) Old regions: 10->14
[2022-01-16T21:42:43.788+0100][gc,heap       ] GC(7) Humongous regions: 129->129
[2022-01-16T21:42:43.788+0100][gc,metaspace  ] GC(7) Metaspace: 40315K->40315K(1085440K)
[2022-01-16T21:42:43.788+0100][gc            ] GC(7) Pause Young (Normal) (G1 Evacuation Pause) 188M->144M(1024M) 6,037ms
[2022-01-16T21:42:43.788+0100][gc,cpu        ] GC(7) User=0,03s Sys=0,00s Real=0,01s
[2022-01-16T21:56:04.811+0100][gc,start      ] GC(8) Pause Young (Normal) (G1 Evacuation Pause)
[2022-01-16T21:56:04.811+0100][gc,task       ] GC(8) Using 10 workers of 10 for evacuation
[2022-01-16T21:56:04.814+0100][gc,phases     ] GC(8)   Pre Evacuate Collection Set: 0,0ms
[2022-01-16T21:56:04.814+0100][gc,phases     ] GC(8)   Evacuate Collection Set: 1,8ms
[2022-01-16T21:56:04.814+0100][gc,phases     ] GC(8)   Post Evacuate Collection Set: 0,7ms
[2022-01-16T21:56:04.814+0100][gc,phases     ] GC(8)   Other: 0,2ms
[2022-01-16T21:56:04.814+0100][gc,heap       ] GC(8) Eden regions: 48->0(47)
[2022-01-16T21:56:04.814+0100][gc,heap       ] GC(8) Survivor regions: 3->4(7)
[2022-01-16T21:56:04.814+0100][gc,heap       ] GC(8) Old regions: 14->14
[2022-01-16T21:56:04.814+0100][gc,heap       ] GC(8) Humongous regions: 129->129
[2022-01-16T21:56:04.814+0100][gc,metaspace  ] GC(8) Metaspace: 43648K->43648K(1089536K)
[2022-01-16T21:56:04.814+0100][gc            ] GC(8) Pause Young (Normal) (G1 Evacuation Pause) 192M->145M(1024M) 2,675ms
[2022-01-16T21:56:04.814+0100][gc,cpu        ] GC(8) User=0,01s Sys=0,01s Real=0,00s
[2022-01-16T21:59:54.851+0100][gc,start      ] GC(9) Pause Young (Normal) (G1 Evacuation Pause)
[2022-01-16T21:59:54.851+0100][gc,task       ] GC(9) Using 10 workers of 10 for evacuation
[2022-01-16T21:59:54.859+0100][gc,phases     ] GC(9)   Pre Evacuate Collection Set: 0,0ms
[2022-01-16T21:59:54.859+0100][gc,phases     ] GC(9)   Evacuate Collection Set: 5,1ms
[2022-01-16T21:59:54.859+0100][gc,phases     ] GC(9)   Post Evacuate Collection Set: 2,7ms
[2022-01-16T21:59:54.859+0100][gc,phases     ] GC(9)   Other: 0,2ms
[2022-01-16T21:59:54.859+0100][gc,heap       ] GC(9) Eden regions: 47->0(47)
[2022-01-16T21:59:54.860+0100][gc,heap       ] GC(9) Survivor regions: 4->5(7)
[2022-01-16T21:59:54.860+0100][gc,heap       ] GC(9) Old regions: 14->14
[2022-01-16T21:59:54.860+0100][gc,heap       ] GC(9) Humongous regions: 129->129
[2022-01-16T21:59:54.860+0100][gc,metaspace  ] GC(9) Metaspace: 44063K->44063K(1089536K)
[2022-01-16T21:59:54.860+0100][gc            ] GC(9) Pause Young (Normal) (G1 Evacuation Pause) 192M->146M(1024M) 8,151ms
[2022-01-16T21:59:54.860+0100][gc,cpu        ] GC(9) User=0,04s Sys=0,01s Real=0,01s
[2022-01-16T22:03:48.319+0100][gc,start      ] GC(10) Pause Young (Normal) (G1 Evacuation Pause)
[2022-01-16T22:03:48.320+0100][gc,task       ] GC(10) Using 10 workers of 10 for evacuation
[2022-01-16T22:03:48.333+0100][gc,phases     ] GC(10)   Pre Evacuate Collection Set: 0,0ms
[2022-01-16T22:03:48.333+0100][gc,phases     ] GC(10)   Evacuate Collection Set: 5,8ms
[2022-01-16T22:03:48.333+0100][gc,phases     ] GC(10)   Post Evacuate Collection Set: 6,9ms
[2022-01-16T22:03:48.333+0100][gc,phases     ] GC(10)   Other: 0,6ms
[2022-01-16T22:03:48.333+0100][gc,heap       ] GC(10) Eden regions: 47->0(52)
[2022-01-16T22:03:48.333+0100][gc,heap       ] GC(10) Survivor regions: 5->4(7)
[2022-01-16T22:03:48.333+0100][gc,heap       ] GC(10) Old regions: 14->15
[2022-01-16T22:03:48.333+0100][gc,heap       ] GC(10) Humongous regions: 129->129
[2022-01-16T22:03:48.333+0100][gc,metaspace  ] GC(10) Metaspace: 44121K->44121K(1089536K)
[2022-01-16T22:03:48.333+0100][gc            ] GC(10) Pause Young (Normal) (G1 Evacuation Pause) 193M->147M(1024M) 13,367ms
[2022-01-16T22:03:48.333+0100][gc,cpu        ] GC(10) User=0,05s Sys=0,00s Real=0,01s
[2022-01-16T22:07:59.237+0100][gc,start      ] GC(11) Pause Young (Normal) (G1 Evacuation Pause)
[2022-01-16T22:07:59.237+0100][gc,task       ] GC(11) Using 10 workers of 10 for evacuation
[2022-01-16T22:07:59.244+0100][gc,phases     ] GC(11)   Pre Evacuate Collection Set: 0,0ms
[2022-01-16T22:07:59.244+0100][gc,phases     ] GC(11)   Evacuate Collection Set: 3,1ms
[2022-01-16T22:07:59.244+0100][gc,phases     ] GC(11)   Post Evacuate Collection Set: 3,3ms
[2022-01-16T22:07:59.244+0100][gc,phases     ] GC(11)   Other: 0,5ms
[2022-01-16T22:07:59.244+0100][gc,heap       ] GC(11) Eden regions: 52->0(69)
[2022-01-16T22:07:59.244+0100][gc,heap       ] GC(11) Survivor regions: 4->4(7)
[2022-01-16T22:07:59.244+0100][gc,heap       ] GC(11) Old regions: 15->15
[2022-01-16T22:07:59.244+0100][gc,heap       ] GC(11) Humongous regions: 129->129
[2022-01-16T22:07:59.244+0100][gc,metaspace  ] GC(11) Metaspace: 44176K->44176K(1089536K)
[2022-01-16T22:07:59.244+0100][gc            ] GC(11) Pause Young (Normal) (G1 Evacuation Pause) 199M->147M(1024M) 6,900ms
[2022-01-16T22:07:59.244+0100][gc,cpu        ] GC(11) User=0,05s Sys=0,00s Real=0,00s
[2022-01-16T22:15:06.320+0100][gc,start      ] GC(12) Pause Young (Normal) (G1 Evacuation Pause)
[2022-01-16T22:15:06.321+0100][gc,task       ] GC(12) Using 10 workers of 10 for evacuation
[2022-01-16T22:15:06.342+0100][gc,mmu        ] GC(12) MMU target violated: 20,8ms (20,0ms/21,0ms)
[2022-01-16T22:15:06.342+0100][gc,phases     ] GC(12)   Pre Evacuate Collection Set: 0,1ms
[2022-01-16T22:15:06.342+0100][gc,phases     ] GC(12)   Evacuate Collection Set: 9,2ms
[2022-01-16T22:15:06.342+0100][gc,phases     ] GC(12)   Post Evacuate Collection Set: 11,4ms
[2022-01-16T22:15:06.342+0100][gc,phases     ] GC(12)   Other: 1,1ms
[2022-01-16T22:15:06.342+0100][gc,heap       ] GC(12) Eden regions: 69->0(80)
[2022-01-16T22:15:06.342+0100][gc,heap       ] GC(12) Survivor regions: 4->4(10)
[2022-01-16T22:15:06.342+0100][gc,heap       ] GC(12) Old regions: 15->15
[2022-01-16T22:15:06.342+0100][gc,heap       ] GC(12) Humongous regions: 129->129
[2022-01-16T22:15:06.342+0100][gc,metaspace  ] GC(12) Metaspace: 44230K->44230K(1089536K)
[2022-01-16T22:15:06.342+0100][gc            ] GC(12) Pause Young (Normal) (G1 Evacuation Pause) 216M->147M(1024M) 21,807ms
[2022-01-16T22:15:06.342+0100][gc,cpu        ] GC(12) User=0,07s Sys=0,00s Real=0,02s
[2022-01-16T22:25:45.229+0100][gc,start      ] GC(13) Pause Young (Normal) (G1 Evacuation Pause)
[2022-01-16T22:25:45.229+0100][gc,task       ] GC(13) Using 10 workers of 10 for evacuation
[2022-01-16T22:25:45.234+0100][gc,phases     ] GC(13)   Pre Evacuate Collection Set: 0,1ms
[2022-01-16T22:25:45.234+0100][gc,phases     ] GC(13)   Evacuate Collection Set: 3,0ms
[2022-01-16T22:25:45.234+0100][gc,phases     ] GC(13)   Post Evacuate Collection Set: 1,3ms
[2022-01-16T22:25:45.234+0100][gc,phases     ] GC(13)   Other: 0,6ms
[2022-01-16T22:25:45.234+0100][gc,heap       ] GC(13) Eden regions: 80->0(93)
[2022-01-16T22:25:45.234+0100][gc,heap       ] GC(13) Survivor regions: 4->4(11)
[2022-01-16T22:25:45.234+0100][gc,heap       ] GC(13) Old regions: 15->15
[2022-01-16T22:25:45.234+0100][gc,heap       ] GC(13) Humongous regions: 129->129
[2022-01-16T22:25:45.234+0100][gc,metaspace  ] GC(13) Metaspace: 44264K->44264K(1089536K)
[2022-01-16T22:25:45.234+0100][gc            ] GC(13) Pause Young (Normal) (G1 Evacuation Pause) 227M->147M(1024M) 5,014ms
[2022-01-16T22:25:45.234+0100][gc,cpu        ] GC(13) User=0,03s Sys=0,00s Real=0,00s
[2022-01-16T22:32:39.067+0100][gc,start      ] GC(14) Pause Young (Normal) (G1 Evacuation Pause)
[2022-01-16T22:32:39.067+0100][gc,task       ] GC(14) Using 10 workers of 10 for evacuation
[2022-01-16T22:32:39.071+0100][gc,phases     ] GC(14)   Pre Evacuate Collection Set: 0,0ms
[2022-01-16T22:32:39.071+0100][gc,phases     ] GC(14)   Evacuate Collection Set: 3,4ms
[2022-01-16T22:32:39.071+0100][gc,phases     ] GC(14)   Post Evacuate Collection Set: 1,2ms
[2022-01-16T22:32:39.071+0100][gc,phases     ] GC(14)   Other: 0,1ms
[2022-01-16T22:32:39.071+0100][gc,heap       ] GC(14) Eden regions: 93->0(120)
[2022-01-16T22:32:39.071+0100][gc,heap       ] GC(14) Survivor regions: 4->5(13)
[2022-01-16T22:32:39.071+0100][gc,heap       ] GC(14) Old regions: 15->15
[2022-01-16T22:32:39.071+0100][gc,heap       ] GC(14) Humongous regions: 129->129
[2022-01-16T22:32:39.071+0100][gc,metaspace  ] GC(14) Metaspace: 44295K->44295K(1089536K)
[2022-01-16T22:32:39.071+0100][gc            ] GC(14) Pause Young (Normal) (G1 Evacuation Pause) 240M->147M(1024M) 4,850ms
[2022-01-16T22:32:39.072+0100][gc,cpu        ] GC(14) User=0,04s Sys=0,00s Real=0,01s
[2022-01-16T22:51:56.185+0100][gc,start      ] GC(15) Pause Young (Normal) (G1 Evacuation Pause)
[2022-01-16T22:51:56.185+0100][gc,task       ] GC(15) Using 10 workers of 10 for evacuation
[2022-01-16T22:51:56.188+0100][gc,phases     ] GC(15)   Pre Evacuate Collection Set: 0,0ms
[2022-01-16T22:51:56.188+0100][gc,phases     ] GC(15)   Evacuate Collection Set: 2,0ms
[2022-01-16T22:51:56.188+0100][gc,phases     ] GC(15)   Post Evacuate Collection Set: 0,6ms
[2022-01-16T22:51:56.188+0100][gc,phases     ] GC(15)   Other: 0,1ms
[2022-01-16T22:51:56.188+0100][gc,heap       ] GC(15) Eden regions: 120->0(609)
[2022-01-16T22:51:56.188+0100][gc,heap       ] GC(15) Survivor regions: 5->5(16)
[2022-01-16T22:51:56.188+0100][gc,heap       ] GC(15) Old regions: 15->15
[2022-01-16T22:51:56.188+0100][gc,heap       ] GC(15) Humongous regions: 129->129
[2022-01-16T22:51:56.188+0100][gc,metaspace  ] GC(15) Metaspace: 44353K->44353K(1089536K)
[2022-01-16T22:51:56.188+0100][gc            ] GC(15) Pause Young (Normal) (G1 Evacuation Pause) 267M->147M(1024M) 2,793ms
[2022-01-16T22:51:56.188+0100][gc,cpu        ] GC(15) User=0,03s Sys=0,00s Real=0,01s
[2022-01-17T00:15:33.981+0100][gc,start      ] GC(16) Pause Young (Normal) (G1 Evacuation Pause)
[2022-01-17T00:15:33.981+0100][gc,task       ] GC(16) Using 10 workers of 10 for evacuation
[2022-01-17T00:15:33.988+0100][gc,phases     ] GC(16)   Pre Evacuate Collection Set: 0,1ms
[2022-01-17T00:15:33.988+0100][gc,phases     ] GC(16)   Evacuate Collection Set: 4,7ms
[2022-01-17T00:15:33.988+0100][gc,phases     ] GC(16)   Post Evacuate Collection Set: 2,0ms
[2022-01-17T00:15:33.988+0100][gc,phases     ] GC(16)   Other: 0,7ms
[2022-01-17T00:15:33.988+0100][gc,heap       ] GC(16) Eden regions: 609->0(609)
[2022-01-17T00:15:33.988+0100][gc,heap       ] GC(16) Survivor regions: 5->5(77)
[2022-01-17T00:15:33.988+0100][gc,heap       ] GC(16) Old regions: 15->15
[2022-01-17T00:15:33.988+0100][gc,heap       ] GC(16) Humongous regions: 129->129
[2022-01-17T00:15:33.988+0100][gc,metaspace  ] GC(16) Metaspace: 44547K->44547K(1089536K)
[2022-01-17T00:15:33.988+0100][gc            ] GC(16) Pause Young (Normal) (G1 Evacuation Pause) 756M->148M(1024M) 7,437ms
[2022-01-17T00:15:33.988+0100][gc,cpu        ] GC(16) User=0,04s Sys=0,00s Real=0,01s
[2022-01-17T00:19:52.788+0100][gc,heap,exit  ] Heap
[2022-01-17T00:19:52.788+0100][gc,heap,exit  ]  garbage-first heap   total 1048576K, used 224477K [0x00000000c0000000, 0x0000000100000000)
[2022-01-17T00:19:52.788+0100][gc,heap,exit  ]   region size 1024K, 77 young (78848K), 5 survivors (5120K)
[2022-01-17T00:19:52.788+0100][gc,heap,exit  ]  Metaspace       used 45331K, capacity 48310K, committed 48668K, reserved 1091584K
[2022-01-17T00:19:52.788+0100][gc,heap,exit  ]   class space    used 5785K, capacity 7153K, committed 7276K, reserved 1048576K
