[2022-01-17T16:18:31.536+0100][gc,heap] Heap region size: 1M
[2022-01-17T16:18:31.543+0100][gc     ] Using G1
[2022-01-17T16:18:31.543+0100][gc,heap,coops] Heap address: 0x00000000c0000000, size: 1024 MB, Compressed Oops mode: 32-bit
[2022-01-17T16:18:32.177+0100][gc,start     ] GC(0) Pause Young (Normal) (G1 Evacuation Pause)
[2022-01-17T16:18:32.180+0100][gc,task      ] GC(0) Using 10 workers of 10 for evacuation
[2022-01-17T16:18:32.186+0100][gc,phases    ] GC(0)   Pre Evacuate Collection Set: 0,0ms
[2022-01-17T16:18:32.186+0100][gc,phases    ] GC(0)   Evacuate Collection Set: 4,8ms
[2022-01-17T16:18:32.186+0100][gc,phases    ] GC(0)   Post Evacuate Collection Set: 0,7ms
[2022-01-17T16:18:32.186+0100][gc,phases    ] GC(0)   Other: 3,5ms
[2022-01-17T16:18:32.186+0100][gc,heap      ] GC(0) Eden regions: 51->0(44)
[2022-01-17T16:18:32.186+0100][gc,heap      ] GC(0) Survivor regions: 0->7(7)
[2022-01-17T16:18:32.186+0100][gc,heap      ] GC(0) Old regions: 0->0
[2022-01-17T16:18:32.186+0100][gc,heap      ] GC(0) Humongous regions: 0->0
[2022-01-17T16:18:32.186+0100][gc,metaspace ] GC(0) Metaspace: 14718K->14718K(1062912K)
[2022-01-17T16:18:32.186+0100][gc           ] GC(0) Pause Young (Normal) (G1 Evacuation Pause) 51M->6M(1024M) 9,064ms
[2022-01-17T16:18:32.186+0100][gc,cpu       ] GC(0) User=0,03s Sys=0,00s Real=0,00s
[2022-01-17T16:18:32.459+0100][gc,start     ] GC(1) Pause Young (Concurrent Start) (Metadata GC Threshold)
[2022-01-17T16:18:32.459+0100][gc,task      ] GC(1) Using 10 workers of 10 for evacuation
[2022-01-17T16:18:32.468+0100][gc,phases    ] GC(1)   Pre Evacuate Collection Set: 0,2ms
[2022-01-17T16:18:32.468+0100][gc,phases    ] GC(1)   Evacuate Collection Set: 7,3ms
[2022-01-17T16:18:32.468+0100][gc,phases    ] GC(1)   Post Evacuate Collection Set: 0,5ms
[2022-01-17T16:18:32.468+0100][gc,phases    ] GC(1)   Other: 0,7ms
[2022-01-17T16:18:32.468+0100][gc,heap      ] GC(1) Eden regions: 25->0(49)
[2022-01-17T16:18:32.468+0100][gc,heap      ] GC(1) Survivor regions: 7->2(7)
[2022-01-17T16:18:32.468+0100][gc,heap      ] GC(1) Old regions: 0->7
[2022-01-17T16:18:32.468+0100][gc,heap      ] GC(1) Humongous regions: 0->0
[2022-01-17T16:18:32.468+0100][gc,metaspace ] GC(1) Metaspace: 20566K->20566K(1067008K)
[2022-01-17T16:18:32.468+0100][gc           ] GC(1) Pause Young (Concurrent Start) (Metadata GC Threshold) 31M->7M(1024M) 8,796ms
[2022-01-17T16:18:32.468+0100][gc,cpu       ] GC(1) User=0,04s Sys=0,00s Real=0,01s
[2022-01-17T16:18:32.468+0100][gc           ] GC(2) Concurrent Cycle
[2022-01-17T16:18:32.468+0100][gc,marking   ] GC(2) Concurrent Clear Claimed Marks
[2022-01-17T16:18:32.468+0100][gc,marking   ] GC(2) Concurrent Clear Claimed Marks 0,023ms
[2022-01-17T16:18:32.468+0100][gc,marking   ] GC(2) Concurrent Scan Root Regions
[2022-01-17T16:18:32.469+0100][gc,marking   ] GC(2) Concurrent Scan Root Regions 1,084ms
[2022-01-17T16:18:32.469+0100][gc,marking   ] GC(2) Concurrent Mark (0,936s)
[2022-01-17T16:18:32.469+0100][gc,marking   ] GC(2) Concurrent Mark From Roots
[2022-01-17T16:18:32.469+0100][gc,task      ] GC(2) Using 3 workers of 3 for marking
[2022-01-17T16:18:32.473+0100][gc,marking   ] GC(2) Concurrent Mark From Roots 4,234ms
[2022-01-17T16:18:32.473+0100][gc,marking   ] GC(2) Concurrent Preclean
[2022-01-17T16:18:32.474+0100][gc,marking   ] GC(2) Concurrent Preclean 0,129ms
[2022-01-17T16:18:32.474+0100][gc,marking   ] GC(2) Concurrent Mark (0,936s, 0,940s) 4,406ms
[2022-01-17T16:18:32.474+0100][gc,start     ] GC(2) Pause Remark
[2022-01-17T16:18:32.476+0100][gc,stringtable] GC(2) Cleaned string and symbol table, strings: 9451 processed, 0 removed, symbols: 50659 processed, 45 removed
[2022-01-17T16:18:32.476+0100][gc            ] GC(2) Pause Remark 8M->8M(1024M) 2,426ms
[2022-01-17T16:18:32.476+0100][gc,cpu        ] GC(2) User=0,02s Sys=0,00s Real=0,01s
[2022-01-17T16:18:32.476+0100][gc,marking    ] GC(2) Concurrent Rebuild Remembered Sets
[2022-01-17T16:18:32.479+0100][gc,marking    ] GC(2) Concurrent Rebuild Remembered Sets 2,414ms
[2022-01-17T16:18:32.479+0100][gc,start      ] GC(2) Pause Cleanup
[2022-01-17T16:18:32.479+0100][gc            ] GC(2) Pause Cleanup 8M->8M(1024M) 0,277ms
[2022-01-17T16:18:32.479+0100][gc,cpu        ] GC(2) User=0,00s Sys=0,00s Real=0,00s
[2022-01-17T16:18:32.479+0100][gc,marking    ] GC(2) Concurrent Cleanup for Next Mark
[2022-01-17T16:18:32.483+0100][gc,marking    ] GC(2) Concurrent Cleanup for Next Mark 3,481ms
[2022-01-17T16:18:32.483+0100][gc            ] GC(2) Concurrent Cycle 14,497ms
[2022-01-17T16:18:32.909+0100][gc,heap,exit  ] Heap
[2022-01-17T16:18:32.909+0100][gc,heap,exit  ]  garbage-first heap   total 1048576K, used 25550K [0x00000000c0000000, 0x0000000100000000)
[2022-01-17T16:18:32.909+0100][gc,heap,exit  ]   region size 1024K, 21 young (21504K), 2 survivors (2048K)
[2022-01-17T16:18:32.909+0100][gc,heap,exit  ]  Metaspace       used 23166K, capacity 24015K, committed 24368K, reserved 1071104K
[2022-01-17T16:18:32.909+0100][gc,heap,exit  ]   class space    used 2958K, capacity 3335K, committed 3376K, reserved 1048576K
