[2022-01-17T16:09:14.921+0100][gc,heap] Heap region size: 1M
[2022-01-17T16:09:14.929+0100][gc     ] Using G1
[2022-01-17T16:09:14.929+0100][gc,heap,coops] Heap address: 0x00000000c0000000, size: 1024 MB, Compressed Oops mode: 32-bit
[2022-01-17T16:09:15.530+0100][gc,start     ] GC(0) Pause Young (Normal) (G1 Evacuation Pause)
[2022-01-17T16:09:15.530+0100][gc,task      ] GC(0) Using 10 workers of 10 for evacuation
[2022-01-17T16:09:15.534+0100][gc,phases    ] GC(0)   Pre Evacuate Collection Set: 0,0ms
[2022-01-17T16:09:15.534+0100][gc,phases    ] GC(0)   Evacuate Collection Set: 3,4ms
[2022-01-17T16:09:15.535+0100][gc,phases    ] GC(0)   Post Evacuate Collection Set: 0,7ms
[2022-01-17T16:09:15.535+0100][gc,phases    ] GC(0)   Other: 0,7ms
[2022-01-17T16:09:15.535+0100][gc,heap      ] GC(0) Eden regions: 51->0(44)
[2022-01-17T16:09:15.535+0100][gc,heap      ] GC(0) Survivor regions: 0->7(7)
[2022-01-17T16:09:15.535+0100][gc,heap      ] GC(0) Old regions: 0->0
[2022-01-17T16:09:15.535+0100][gc,heap      ] GC(0) Humongous regions: 0->0
[2022-01-17T16:09:15.535+0100][gc,metaspace ] GC(0) Metaspace: 14671K->14671K(1062912K)
[2022-01-17T16:09:15.535+0100][gc           ] GC(0) Pause Young (Normal) (G1 Evacuation Pause) 51M->6M(1024M) 4,897ms
[2022-01-17T16:09:15.535+0100][gc,cpu       ] GC(0) User=0,03s Sys=0,00s Real=0,01s
[2022-01-17T16:09:15.886+0100][gc,start     ] GC(1) Pause Young (Concurrent Start) (Metadata GC Threshold)
[2022-01-17T16:09:15.886+0100][gc,task      ] GC(1) Using 10 workers of 10 for evacuation
[2022-01-17T16:09:15.893+0100][gc,phases    ] GC(1)   Pre Evacuate Collection Set: 0,0ms
[2022-01-17T16:09:15.893+0100][gc,phases    ] GC(1)   Evacuate Collection Set: 6,1ms
[2022-01-17T16:09:15.893+0100][gc,phases    ] GC(1)   Post Evacuate Collection Set: 0,3ms
[2022-01-17T16:09:15.893+0100][gc,phases    ] GC(1)   Other: 0,2ms
[2022-01-17T16:09:15.893+0100][gc,heap      ] GC(1) Eden regions: 25->0(49)
[2022-01-17T16:09:15.893+0100][gc,heap      ] GC(1) Survivor regions: 7->2(7)
[2022-01-17T16:09:15.893+0100][gc,heap      ] GC(1) Old regions: 0->7
[2022-01-17T16:09:15.893+0100][gc,heap      ] GC(1) Humongous regions: 0->0
[2022-01-17T16:09:15.893+0100][gc,metaspace ] GC(1) Metaspace: 20510K->20510K(1067008K)
[2022-01-17T16:09:15.893+0100][gc           ] GC(1) Pause Young (Concurrent Start) (Metadata GC Threshold) 31M->8M(1024M) 6,729ms
[2022-01-17T16:09:15.893+0100][gc,cpu       ] GC(1) User=0,03s Sys=0,00s Real=0,00s
[2022-01-17T16:09:15.893+0100][gc           ] GC(2) Concurrent Cycle
[2022-01-17T16:09:15.893+0100][gc,marking   ] GC(2) Concurrent Clear Claimed Marks
[2022-01-17T16:09:15.893+0100][gc,marking   ] GC(2) Concurrent Clear Claimed Marks 0,021ms
[2022-01-17T16:09:15.893+0100][gc,marking   ] GC(2) Concurrent Scan Root Regions
[2022-01-17T16:09:15.894+0100][gc,marking   ] GC(2) Concurrent Scan Root Regions 1,255ms
[2022-01-17T16:09:15.894+0100][gc,marking   ] GC(2) Concurrent Mark (0,976s)
[2022-01-17T16:09:15.894+0100][gc,marking   ] GC(2) Concurrent Mark From Roots
[2022-01-17T16:09:15.898+0100][gc,task      ] GC(2) Using 3 workers of 3 for marking
[2022-01-17T16:09:15.902+0100][gc,marking   ] GC(2) Concurrent Mark From Roots 7,359ms
[2022-01-17T16:09:15.902+0100][gc,marking   ] GC(2) Concurrent Preclean
[2022-01-17T16:09:15.902+0100][gc,marking   ] GC(2) Concurrent Preclean 0,292ms
[2022-01-17T16:09:15.902+0100][gc,marking   ] GC(2) Concurrent Mark (0,976s, 0,984s) 7,700ms
[2022-01-17T16:09:15.902+0100][gc,start     ] GC(2) Pause Remark
[2022-01-17T16:09:15.904+0100][gc,stringtable] GC(2) Cleaned string and symbol table, strings: 9461 processed, 0 removed, symbols: 50696 processed, 45 removed
[2022-01-17T16:09:15.904+0100][gc            ] GC(2) Pause Remark 9M->9M(1024M) 1,762ms
[2022-01-17T16:09:15.904+0100][gc,cpu        ] GC(2) User=0,01s Sys=0,00s Real=0,00s
[2022-01-17T16:09:15.904+0100][gc,marking    ] GC(2) Concurrent Rebuild Remembered Sets
[2022-01-17T16:09:15.909+0100][gc,marking    ] GC(2) Concurrent Rebuild Remembered Sets 5,192ms
[2022-01-17T16:09:15.909+0100][gc,start      ] GC(2) Pause Cleanup
[2022-01-17T16:09:15.909+0100][gc            ] GC(2) Pause Cleanup 10M->10M(1024M) 0,176ms
[2022-01-17T16:09:15.909+0100][gc,cpu        ] GC(2) User=0,00s Sys=0,00s Real=0,00s
[2022-01-17T16:09:15.909+0100][gc,marking    ] GC(2) Concurrent Cleanup for Next Mark
[2022-01-17T16:09:15.912+0100][gc,marking    ] GC(2) Concurrent Cleanup for Next Mark 2,449ms
[2022-01-17T16:09:15.912+0100][gc            ] GC(2) Concurrent Cycle 18,919ms
[2022-01-17T16:09:17.035+0100][gc,start      ] GC(3) Pause Young (Normal) (G1 Evacuation Pause)
[2022-01-17T16:09:17.035+0100][gc,task       ] GC(3) Using 10 workers of 10 for evacuation
[2022-01-17T16:09:17.038+0100][gc,phases     ] GC(3)   Pre Evacuate Collection Set: 0,0ms
[2022-01-17T16:09:17.038+0100][gc,phases     ] GC(3)   Evacuate Collection Set: 1,9ms
[2022-01-17T16:09:17.038+0100][gc,phases     ] GC(3)   Post Evacuate Collection Set: 0,4ms
[2022-01-17T16:09:17.038+0100][gc,phases     ] GC(3)   Other: 0,2ms
[2022-01-17T16:09:17.038+0100][gc,heap       ] GC(3) Eden regions: 49->0(47)
[2022-01-17T16:09:17.038+0100][gc,heap       ] GC(3) Survivor regions: 2->4(7)
[2022-01-17T16:09:17.038+0100][gc,heap       ] GC(3) Old regions: 7->7
[2022-01-17T16:09:17.038+0100][gc,heap       ] GC(3) Humongous regions: 129->129
[2022-01-17T16:09:17.038+0100][gc,metaspace  ] GC(3) Metaspace: 28855K->28855K(1075200K)
[2022-01-17T16:09:17.038+0100][gc            ] GC(3) Pause Young (Normal) (G1 Evacuation Pause) 186M->139M(1024M) 2,511ms
[2022-01-17T16:09:17.038+0100][gc,cpu        ] GC(3) User=0,02s Sys=0,00s Real=0,00s
[2022-01-17T16:09:17.339+0100][gc,start      ] GC(4) Pause Young (Concurrent Start) (Metadata GC Threshold)
[2022-01-17T16:09:17.339+0100][gc,task       ] GC(4) Using 10 workers of 10 for evacuation
[2022-01-17T16:09:17.344+0100][gc,phases     ] GC(4)   Pre Evacuate Collection Set: 0,1ms
[2022-01-17T16:09:17.345+0100][gc,phases     ] GC(4)   Evacuate Collection Set: 4,1ms
[2022-01-17T16:09:17.345+0100][gc,phases     ] GC(4)   Post Evacuate Collection Set: 0,7ms
[2022-01-17T16:09:17.345+0100][gc,phases     ] GC(4)   Other: 0,3ms
[2022-01-17T16:09:17.345+0100][gc,heap       ] GC(4) Eden regions: 35->0(44)
[2022-01-17T16:09:17.345+0100][gc,heap       ] GC(4) Survivor regions: 4->7(7)
[2022-01-17T16:09:17.345+0100][gc,heap       ] GC(4) Old regions: 7->7
[2022-01-17T16:09:17.345+0100][gc,heap       ] GC(4) Humongous regions: 129->129
[2022-01-17T16:09:17.345+0100][gc,metaspace  ] GC(4) Metaspace: 34470K->34470K(1081344K)
[2022-01-17T16:09:17.345+0100][gc            ] GC(4) Pause Young (Concurrent Start) (Metadata GC Threshold) 173M->142M(1024M) 5,180ms
[2022-01-17T16:09:17.345+0100][gc,cpu        ] GC(4) User=0,03s Sys=0,00s Real=0,00s
[2022-01-17T16:09:17.345+0100][gc            ] GC(5) Concurrent Cycle
[2022-01-17T16:09:17.345+0100][gc,marking    ] GC(5) Concurrent Clear Claimed Marks
[2022-01-17T16:09:17.345+0100][gc,marking    ] GC(5) Concurrent Clear Claimed Marks 0,047ms
[2022-01-17T16:09:17.345+0100][gc,marking    ] GC(5) Concurrent Scan Root Regions
[2022-01-17T16:09:17.347+0100][gc,marking    ] GC(5) Concurrent Scan Root Regions 2,503ms
[2022-01-17T16:09:17.347+0100][gc,marking    ] GC(5) Concurrent Mark (2,429s)
[2022-01-17T16:09:17.347+0100][gc,marking    ] GC(5) Concurrent Mark From Roots
[2022-01-17T16:09:17.347+0100][gc,task       ] GC(5) Using 3 workers of 3 for marking
[2022-01-17T16:09:17.353+0100][gc,marking    ] GC(5) Concurrent Mark From Roots 5,609ms
[2022-01-17T16:09:17.353+0100][gc,marking    ] GC(5) Concurrent Preclean
[2022-01-17T16:09:17.353+0100][gc,marking    ] GC(5) Concurrent Preclean 0,189ms
[2022-01-17T16:09:17.353+0100][gc,marking    ] GC(5) Concurrent Mark (2,429s, 2,435s) 5,866ms
[2022-01-17T16:09:17.353+0100][gc,start      ] GC(5) Pause Remark
[2022-01-17T16:09:17.360+0100][gc,stringtable] GC(5) Cleaned string and symbol table, strings: 15524 processed, 10 removed, symbols: 81585 processed, 15 removed
[2022-01-17T16:09:17.360+0100][gc            ] GC(5) Pause Remark 143M->143M(1024M) 7,093ms
[2022-01-17T16:09:17.361+0100][gc,cpu        ] GC(5) User=0,04s Sys=0,00s Real=0,01s
[2022-01-17T16:09:17.361+0100][gc,marking    ] GC(5) Concurrent Rebuild Remembered Sets
[2022-01-17T16:09:17.363+0100][gc,marking    ] GC(5) Concurrent Rebuild Remembered Sets 2,607ms
[2022-01-17T16:09:17.364+0100][gc,start      ] GC(5) Pause Cleanup
[2022-01-17T16:09:17.364+0100][gc            ] GC(5) Pause Cleanup 143M->143M(1024M) 0,224ms
[2022-01-17T16:09:17.364+0100][gc,cpu        ] GC(5) User=0,00s Sys=0,00s Real=0,00s
[2022-01-17T16:09:17.364+0100][gc,marking    ] GC(5) Concurrent Cleanup for Next Mark
[2022-01-17T16:09:17.368+0100][gc,marking    ] GC(5) Concurrent Cleanup for Next Mark 3,868ms
[2022-01-17T16:09:17.368+0100][gc            ] GC(5) Concurrent Cycle 23,598ms
[2022-01-17T16:09:18.108+0100][gc,start      ] GC(6) Pause Young (Normal) (G1 Evacuation Pause)
[2022-01-17T16:09:18.108+0100][gc,task       ] GC(6) Using 10 workers of 10 for evacuation
[2022-01-17T16:09:18.113+0100][gc,phases     ] GC(6)   Pre Evacuate Collection Set: 0,0ms
[2022-01-17T16:09:18.113+0100][gc,phases     ] GC(6)   Evacuate Collection Set: 4,8ms
[2022-01-17T16:09:18.113+0100][gc,phases     ] GC(6)   Post Evacuate Collection Set: 0,8ms
[2022-01-17T16:09:18.113+0100][gc,phases     ] GC(6)   Other: 0,1ms
[2022-01-17T16:09:18.113+0100][gc,heap       ] GC(6) Eden regions: 44->0(45)
[2022-01-17T16:09:18.113+0100][gc,heap       ] GC(6) Survivor regions: 7->6(7)
[2022-01-17T16:09:18.113+0100][gc,heap       ] GC(6) Old regions: 7->10
[2022-01-17T16:09:18.114+0100][gc,heap       ] GC(6) Humongous regions: 135->135
[2022-01-17T16:09:18.114+0100][gc,metaspace  ] GC(6) Metaspace: 40688K->40688K(1085440K)
[2022-01-17T16:09:18.114+0100][gc            ] GC(6) Pause Young (Normal) (G1 Evacuation Pause) 192M->150M(1024M) 5,772ms
[2022-01-17T16:09:18.114+0100][gc,cpu        ] GC(6) User=0,05s Sys=0,00s Real=0,00s
[2022-01-17T16:09:30.657+0100][gc,start      ] GC(7) Pause Young (Normal) (G1 Evacuation Pause)
[2022-01-17T16:09:30.657+0100][gc,task       ] GC(7) Using 10 workers of 10 for evacuation
[2022-01-17T16:09:30.660+0100][gc,phases     ] GC(7)   Pre Evacuate Collection Set: 0,0ms
[2022-01-17T16:09:30.660+0100][gc,phases     ] GC(7)   Evacuate Collection Set: 2,4ms
[2022-01-17T16:09:30.660+0100][gc,phases     ] GC(7)   Post Evacuate Collection Set: 0,6ms
[2022-01-17T16:09:30.660+0100][gc,phases     ] GC(7)   Other: 0,2ms
[2022-01-17T16:09:30.660+0100][gc,heap       ] GC(7) Eden regions: 45->0(48)
[2022-01-17T16:09:30.660+0100][gc,heap       ] GC(7) Survivor regions: 6->3(7)
[2022-01-17T16:09:30.660+0100][gc,heap       ] GC(7) Old regions: 10->14
[2022-01-17T16:09:30.660+0100][gc,heap       ] GC(7) Humongous regions: 147->129
[2022-01-17T16:09:30.660+0100][gc,metaspace  ] GC(7) Metaspace: 41711K->41711K(1087488K)
[2022-01-17T16:09:30.660+0100][gc            ] GC(7) Pause Young (Normal) (G1 Evacuation Pause) 207M->144M(1024M) 3,197ms
[2022-01-17T16:09:30.660+0100][gc,cpu        ] GC(7) User=0,03s Sys=0,00s Real=0,00s
[2022-01-17T16:11:41.957+0100][gc,heap,exit  ] Heap
[2022-01-17T16:11:41.957+0100][gc,heap,exit  ]  garbage-first heap   total 1048576K, used 181121K [0x00000000c0000000, 0x0000000100000000)
[2022-01-17T16:11:41.957+0100][gc,heap,exit  ]   region size 1024K, 37 young (37888K), 3 survivors (3072K)
[2022-01-17T16:11:41.957+0100][gc,heap,exit  ]  Metaspace       used 44316K, capacity 47162K, committed 47312K, reserved 1089536K
[2022-01-17T16:11:41.957+0100][gc,heap,exit  ]   class space    used 5831K, capacity 7215K, committed 7216K, reserved 1048576K
