[2022-01-17T16:21:29.616+0100][gc,heap] Heap region size: 1M
[2022-01-17T16:21:29.623+0100][gc     ] Using G1
[2022-01-17T16:21:29.623+0100][gc,heap,coops] Heap address: 0x00000000c0000000, size: 1024 MB, Compressed Oops mode: 32-bit
[2022-01-17T16:21:30.352+0100][gc,start     ] GC(0) Pause Young (Normal) (G1 Evacuation Pause)
[2022-01-17T16:21:30.353+0100][gc,task      ] GC(0) Using 10 workers of 10 for evacuation
[2022-01-17T16:21:30.357+0100][gc,phases    ] GC(0)   Pre Evacuate Collection Set: 0,0ms
[2022-01-17T16:21:30.357+0100][gc,phases    ] GC(0)   Evacuate Collection Set: 3,5ms
[2022-01-17T16:21:30.357+0100][gc,phases    ] GC(0)   Post Evacuate Collection Set: 0,6ms
[2022-01-17T16:21:30.357+0100][gc,phases    ] GC(0)   Other: 0,8ms
[2022-01-17T16:21:30.357+0100][gc,heap      ] GC(0) Eden regions: 51->0(44)
[2022-01-17T16:21:30.357+0100][gc,heap      ] GC(0) Survivor regions: 0->7(7)
[2022-01-17T16:21:30.357+0100][gc,heap      ] GC(0) Old regions: 0->0
[2022-01-17T16:21:30.357+0100][gc,heap      ] GC(0) Humongous regions: 0->0
[2022-01-17T16:21:30.357+0100][gc,metaspace ] GC(0) Metaspace: 14725K->14725K(1062912K)
[2022-01-17T16:21:30.357+0100][gc           ] GC(0) Pause Young (Normal) (G1 Evacuation Pause) 51M->6M(1024M) 4,946ms
[2022-01-17T16:21:30.357+0100][gc,cpu       ] GC(0) User=0,03s Sys=0,01s Real=0,01s
[2022-01-17T16:21:30.777+0100][gc,start     ] GC(1) Pause Young (Concurrent Start) (Metadata GC Threshold)
[2022-01-17T16:21:30.777+0100][gc,task      ] GC(1) Using 10 workers of 10 for evacuation
[2022-01-17T16:21:30.784+0100][gc,phases    ] GC(1)   Pre Evacuate Collection Set: 0,0ms
[2022-01-17T16:21:30.784+0100][gc,phases    ] GC(1)   Evacuate Collection Set: 5,8ms
[2022-01-17T16:21:30.784+0100][gc,phases    ] GC(1)   Post Evacuate Collection Set: 0,7ms
[2022-01-17T16:21:30.784+0100][gc,phases    ] GC(1)   Other: 0,2ms
[2022-01-17T16:21:30.784+0100][gc,heap      ] GC(1) Eden regions: 24->0(49)
[2022-01-17T16:21:30.784+0100][gc,heap      ] GC(1) Survivor regions: 7->2(7)
[2022-01-17T16:21:30.784+0100][gc,heap      ] GC(1) Old regions: 0->7
[2022-01-17T16:21:30.784+0100][gc,heap      ] GC(1) Humongous regions: 0->0
[2022-01-17T16:21:30.784+0100][gc,metaspace ] GC(1) Metaspace: 20491K->20491K(1067008K)
[2022-01-17T16:21:30.784+0100][gc           ] GC(1) Pause Young (Concurrent Start) (Metadata GC Threshold) 30M->7M(1024M) 6,831ms
[2022-01-17T16:21:30.784+0100][gc,cpu       ] GC(1) User=0,02s Sys=0,00s Real=0,00s
[2022-01-17T16:21:30.784+0100][gc           ] GC(2) Concurrent Cycle
[2022-01-17T16:21:30.784+0100][gc,marking   ] GC(2) Concurrent Clear Claimed Marks
[2022-01-17T16:21:30.784+0100][gc,marking   ] GC(2) Concurrent Clear Claimed Marks 0,054ms
[2022-01-17T16:21:30.784+0100][gc,marking   ] GC(2) Concurrent Scan Root Regions
[2022-01-17T16:21:30.786+0100][gc,marking   ] GC(2) Concurrent Scan Root Regions 1,859ms
[2022-01-17T16:21:30.786+0100][gc,marking   ] GC(2) Concurrent Mark (1,173s)
[2022-01-17T16:21:30.786+0100][gc,marking   ] GC(2) Concurrent Mark From Roots
[2022-01-17T16:21:30.786+0100][gc,task      ] GC(2) Using 3 workers of 3 for marking
[2022-01-17T16:21:30.790+0100][gc,marking   ] GC(2) Concurrent Mark From Roots 4,052ms
[2022-01-17T16:21:30.790+0100][gc,marking   ] GC(2) Concurrent Preclean
[2022-01-17T16:21:30.790+0100][gc,marking   ] GC(2) Concurrent Preclean 0,164ms
[2022-01-17T16:21:30.791+0100][gc,marking   ] GC(2) Concurrent Mark (1,173s, 1,177s) 4,304ms
[2022-01-17T16:21:30.791+0100][gc,start     ] GC(2) Pause Remark
[2022-01-17T16:21:30.792+0100][gc,stringtable] GC(2) Cleaned string and symbol table, strings: 9430 processed, 0 removed, symbols: 50228 processed, 42 removed
[2022-01-17T16:21:30.793+0100][gc            ] GC(2) Pause Remark 8M->8M(1024M) 2,034ms
[2022-01-17T16:21:30.793+0100][gc,cpu        ] GC(2) User=0,01s Sys=0,00s Real=0,00s
[2022-01-17T16:21:30.793+0100][gc,marking    ] GC(2) Concurrent Rebuild Remembered Sets
[2022-01-17T16:21:30.795+0100][gc,marking    ] GC(2) Concurrent Rebuild Remembered Sets 1,967ms
[2022-01-17T16:21:30.795+0100][gc,start      ] GC(2) Pause Cleanup
[2022-01-17T16:21:30.795+0100][gc            ] GC(2) Pause Cleanup 8M->8M(1024M) 0,272ms
[2022-01-17T16:21:30.795+0100][gc,cpu        ] GC(2) User=0,00s Sys=0,00s Real=0,00s
[2022-01-17T16:21:30.795+0100][gc,marking    ] GC(2) Concurrent Cleanup for Next Mark
[2022-01-17T16:21:30.798+0100][gc,marking    ] GC(2) Concurrent Cleanup for Next Mark 2,894ms
[2022-01-17T16:21:30.798+0100][gc            ] GC(2) Concurrent Cycle 13,814ms
[2022-01-17T16:21:31.728+0100][gc,start      ] GC(3) Pause Young (Normal) (G1 Evacuation Pause)
[2022-01-17T16:21:31.728+0100][gc,task       ] GC(3) Using 10 workers of 10 for evacuation
[2022-01-17T16:21:31.730+0100][gc,phases     ] GC(3)   Pre Evacuate Collection Set: 0,0ms
[2022-01-17T16:21:31.730+0100][gc,phases     ] GC(3)   Evacuate Collection Set: 1,7ms
[2022-01-17T16:21:31.730+0100][gc,phases     ] GC(3)   Post Evacuate Collection Set: 0,4ms
[2022-01-17T16:21:31.730+0100][gc,phases     ] GC(3)   Other: 0,2ms
[2022-01-17T16:21:31.730+0100][gc,heap       ] GC(3) Eden regions: 49->0(49)
[2022-01-17T16:21:31.730+0100][gc,heap       ] GC(3) Survivor regions: 2->2(7)
[2022-01-17T16:21:31.730+0100][gc,heap       ] GC(3) Old regions: 7->7
[2022-01-17T16:21:31.730+0100][gc,heap       ] GC(3) Humongous regions: 0->0
[2022-01-17T16:21:31.730+0100][gc,metaspace  ] GC(3) Metaspace: 23610K->23610K(1071104K)
[2022-01-17T16:21:31.730+0100][gc            ] GC(3) Pause Young (Normal) (G1 Evacuation Pause) 56M->8M(1024M) 2,286ms
[2022-01-17T16:21:31.730+0100][gc,cpu        ] GC(3) User=0,02s Sys=0,00s Real=0,00s
[2022-01-17T16:21:32.347+0100][gc,start      ] GC(4) Pause Young (Normal) (G1 Evacuation Pause)
[2022-01-17T16:21:32.347+0100][gc,task       ] GC(4) Using 10 workers of 10 for evacuation
[2022-01-17T16:21:32.350+0100][gc,phases     ] GC(4)   Pre Evacuate Collection Set: 0,0ms
[2022-01-17T16:21:32.350+0100][gc,phases     ] GC(4)   Evacuate Collection Set: 1,8ms
[2022-01-17T16:21:32.350+0100][gc,phases     ] GC(4)   Post Evacuate Collection Set: 0,5ms
[2022-01-17T16:21:32.350+0100][gc,phases     ] GC(4)   Other: 0,2ms
[2022-01-17T16:21:32.350+0100][gc,heap       ] GC(4) Eden regions: 49->0(47)
[2022-01-17T16:21:32.350+0100][gc,heap       ] GC(4) Survivor regions: 2->4(7)
[2022-01-17T16:21:32.350+0100][gc,heap       ] GC(4) Old regions: 7->7
[2022-01-17T16:21:32.350+0100][gc,heap       ] GC(4) Humongous regions: 129->129
[2022-01-17T16:21:32.350+0100][gc,metaspace  ] GC(4) Metaspace: 28920K->28920K(1075200K)
[2022-01-17T16:21:32.350+0100][gc            ] GC(4) Pause Young (Normal) (G1 Evacuation Pause) 186M->139M(1024M) 2,544ms
[2022-01-17T16:21:32.350+0100][gc,cpu        ] GC(4) User=0,02s Sys=0,00s Real=0,00s
[2022-01-17T16:21:32.715+0100][gc,start      ] GC(5) Pause Young (Concurrent Start) (Metadata GC Threshold)
[2022-01-17T16:21:32.715+0100][gc,task       ] GC(5) Using 10 workers of 10 for evacuation
[2022-01-17T16:21:32.721+0100][gc,phases     ] GC(5)   Pre Evacuate Collection Set: 0,1ms
[2022-01-17T16:21:32.721+0100][gc,phases     ] GC(5)   Evacuate Collection Set: 4,8ms
[2022-01-17T16:21:32.721+0100][gc,phases     ] GC(5)   Post Evacuate Collection Set: 0,8ms
[2022-01-17T16:21:32.721+0100][gc,phases     ] GC(5)   Other: 0,3ms
[2022-01-17T16:21:32.721+0100][gc,heap       ] GC(5) Eden regions: 33->0(44)
[2022-01-17T16:21:32.721+0100][gc,heap       ] GC(5) Survivor regions: 4->7(7)
[2022-01-17T16:21:32.721+0100][gc,heap       ] GC(5) Old regions: 7->7
[2022-01-17T16:21:32.721+0100][gc,heap       ] GC(5) Humongous regions: 129->129
[2022-01-17T16:21:32.721+0100][gc,metaspace  ] GC(5) Metaspace: 34315K->34315K(1081344K)
[2022-01-17T16:21:32.721+0100][gc            ] GC(5) Pause Young (Concurrent Start) (Metadata GC Threshold) 171M->142M(1024M) 6,030ms
[2022-01-17T16:21:32.721+0100][gc,cpu        ] GC(5) User=0,03s Sys=0,00s Real=0,00s
[2022-01-17T16:21:32.721+0100][gc            ] GC(6) Concurrent Cycle
[2022-01-17T16:21:32.721+0100][gc,marking    ] GC(6) Concurrent Clear Claimed Marks
[2022-01-17T16:21:32.721+0100][gc,marking    ] GC(6) Concurrent Clear Claimed Marks 0,064ms
[2022-01-17T16:21:32.721+0100][gc,marking    ] GC(6) Concurrent Scan Root Regions
[2022-01-17T16:21:32.724+0100][gc,marking    ] GC(6) Concurrent Scan Root Regions 2,600ms
[2022-01-17T16:21:32.724+0100][gc,marking    ] GC(6) Concurrent Mark (3,110s)
[2022-01-17T16:21:32.724+0100][gc,marking    ] GC(6) Concurrent Mark From Roots
[2022-01-17T16:21:32.724+0100][gc,task       ] GC(6) Using 3 workers of 3 for marking
[2022-01-17T16:21:32.729+0100][gc,marking    ] GC(6) Concurrent Mark From Roots 5,521ms
[2022-01-17T16:21:32.729+0100][gc,marking    ] GC(6) Concurrent Preclean
[2022-01-17T16:21:32.729+0100][gc,marking    ] GC(6) Concurrent Preclean 0,167ms
[2022-01-17T16:21:32.729+0100][gc,marking    ] GC(6) Concurrent Mark (3,110s, 3,116s) 5,766ms
[2022-01-17T16:21:32.730+0100][gc,start      ] GC(6) Pause Remark
[2022-01-17T16:21:32.733+0100][gc,stringtable] GC(6) Cleaned string and symbol table, strings: 15627 processed, 7 removed, symbols: 80385 processed, 18 removed
[2022-01-17T16:21:32.734+0100][gc            ] GC(6) Pause Remark 143M->143M(1024M) 3,985ms
[2022-01-17T16:21:32.734+0100][gc,cpu        ] GC(6) User=0,03s Sys=0,00s Real=0,00s
[2022-01-17T16:21:32.734+0100][gc,marking    ] GC(6) Concurrent Rebuild Remembered Sets
[2022-01-17T16:21:32.737+0100][gc,marking    ] GC(6) Concurrent Rebuild Remembered Sets 2,982ms
[2022-01-17T16:21:32.737+0100][gc,start      ] GC(6) Pause Cleanup
[2022-01-17T16:21:32.737+0100][gc            ] GC(6) Pause Cleanup 143M->143M(1024M) 0,220ms
[2022-01-17T16:21:32.737+0100][gc,cpu        ] GC(6) User=0,00s Sys=0,00s Real=0,00s
[2022-01-17T16:21:32.737+0100][gc,marking    ] GC(6) Concurrent Cleanup for Next Mark
[2022-01-17T16:21:32.741+0100][gc,marking    ] GC(6) Concurrent Cleanup for Next Mark 3,245ms
[2022-01-17T16:21:32.741+0100][gc            ] GC(6) Concurrent Cycle 19,863ms
[2022-01-17T16:21:33.640+0100][gc,start      ] GC(7) Pause Young (Normal) (G1 Evacuation Pause)
[2022-01-17T16:21:33.640+0100][gc,task       ] GC(7) Using 10 workers of 10 for evacuation
[2022-01-17T16:21:33.647+0100][gc,phases     ] GC(7)   Pre Evacuate Collection Set: 0,1ms
[2022-01-17T16:21:33.647+0100][gc,phases     ] GC(7)   Evacuate Collection Set: 6,2ms
[2022-01-17T16:21:33.647+0100][gc,phases     ] GC(7)   Post Evacuate Collection Set: 1,1ms
[2022-01-17T16:21:33.647+0100][gc,phases     ] GC(7)   Other: 0,4ms
[2022-01-17T16:21:33.647+0100][gc,heap       ] GC(7) Eden regions: 44->0(45)
[2022-01-17T16:21:33.647+0100][gc,heap       ] GC(7) Survivor regions: 7->6(7)
[2022-01-17T16:21:33.647+0100][gc,heap       ] GC(7) Old regions: 7->10
[2022-01-17T16:21:33.647+0100][gc,heap       ] GC(7) Humongous regions: 135->135
[2022-01-17T16:21:33.647+0100][gc,metaspace  ] GC(7) Metaspace: 40096K->40096K(1085440K)
[2022-01-17T16:21:33.648+0100][gc            ] GC(7) Pause Young (Normal) (G1 Evacuation Pause) 192M->149M(1024M) 7,766ms
[2022-01-17T16:21:33.648+0100][gc,cpu        ] GC(7) User=0,05s Sys=0,00s Real=0,01s
[2022-01-17T16:21:43.814+0100][gc,start      ] GC(8) Pause Young (Normal) (G1 Evacuation Pause)
[2022-01-17T16:21:43.814+0100][gc,task       ] GC(8) Using 10 workers of 10 for evacuation
[2022-01-17T16:21:43.819+0100][gc,phases     ] GC(8)   Pre Evacuate Collection Set: 0,0ms
[2022-01-17T16:21:43.819+0100][gc,phases     ] GC(8)   Evacuate Collection Set: 3,2ms
[2022-01-17T16:21:43.819+0100][gc,phases     ] GC(8)   Post Evacuate Collection Set: 1,1ms
[2022-01-17T16:21:43.819+0100][gc,phases     ] GC(8)   Other: 0,8ms
[2022-01-17T16:21:43.819+0100][gc,heap       ] GC(8) Eden regions: 45->0(48)
[2022-01-17T16:21:43.819+0100][gc,heap       ] GC(8) Survivor regions: 6->3(7)
[2022-01-17T16:21:43.819+0100][gc,heap       ] GC(8) Old regions: 10->13
[2022-01-17T16:21:43.819+0100][gc,heap       ] GC(8) Humongous regions: 147->129
[2022-01-17T16:21:43.819+0100][gc,metaspace  ] GC(8) Metaspace: 41346K->41346K(1087488K)
[2022-01-17T16:21:43.819+0100][gc            ] GC(8) Pause Young (Normal) (G1 Evacuation Pause) 206M->144M(1024M) 5,113ms
[2022-01-17T16:21:43.819+0100][gc,cpu        ] GC(8) User=0,03s Sys=0,00s Real=0,01s
[2022-01-17T16:24:53.624+0100][gc,start      ] GC(9) Pause Young (Normal) (G1 Evacuation Pause)
[2022-01-17T16:24:53.624+0100][gc,task       ] GC(9) Using 10 workers of 10 for evacuation
[2022-01-17T16:24:53.628+0100][gc,phases     ] GC(9)   Pre Evacuate Collection Set: 0,0ms
[2022-01-17T16:24:53.628+0100][gc,phases     ] GC(9)   Evacuate Collection Set: 3,0ms
[2022-01-17T16:24:53.628+0100][gc,phases     ] GC(9)   Post Evacuate Collection Set: 0,7ms
[2022-01-17T16:24:53.628+0100][gc,phases     ] GC(9)   Other: 0,2ms
[2022-01-17T16:24:53.628+0100][gc,heap       ] GC(9) Eden regions: 48->0(49)
[2022-01-17T16:24:53.628+0100][gc,heap       ] GC(9) Survivor regions: 3->5(7)
[2022-01-17T16:24:53.628+0100][gc,heap       ] GC(9) Old regions: 13->13
[2022-01-17T16:24:53.628+0100][gc,heap       ] GC(9) Humongous regions: 129->129
[2022-01-17T16:24:53.628+0100][gc,metaspace  ] GC(9) Metaspace: 43898K->43898K(1089536K)
[2022-01-17T16:24:53.628+0100][gc            ] GC(9) Pause Young (Normal) (G1 Evacuation Pause) 192M->146M(1024M) 3,938ms
[2022-01-17T16:24:53.628+0100][gc,cpu        ] GC(9) User=0,03s Sys=0,00s Real=0,01s
[2022-01-17T16:28:05.933+0100][gc,start      ] GC(10) Pause Young (Normal) (G1 Evacuation Pause)
[2022-01-17T16:28:05.933+0100][gc,task       ] GC(10) Using 10 workers of 10 for evacuation
[2022-01-17T16:28:05.937+0100][gc,phases     ] GC(10)   Pre Evacuate Collection Set: 0,0ms
[2022-01-17T16:28:05.937+0100][gc,phases     ] GC(10)   Evacuate Collection Set: 3,2ms
[2022-01-17T16:28:05.937+0100][gc,phases     ] GC(10)   Post Evacuate Collection Set: 0,5ms
[2022-01-17T16:28:05.937+0100][gc,phases     ] GC(10)   Other: 0,4ms
[2022-01-17T16:28:05.937+0100][gc,heap       ] GC(10) Eden regions: 49->0(63)
[2022-01-17T16:28:05.937+0100][gc,heap       ] GC(10) Survivor regions: 5->4(7)
[2022-01-17T16:28:05.937+0100][gc,heap       ] GC(10) Old regions: 13->15
[2022-01-17T16:28:05.937+0100][gc,heap       ] GC(10) Humongous regions: 129->129
[2022-01-17T16:28:05.937+0100][gc,metaspace  ] GC(10) Metaspace: 43981K->43981K(1089536K)
[2022-01-17T16:28:05.937+0100][gc            ] GC(10) Pause Young (Normal) (G1 Evacuation Pause) 195M->147M(1024M) 4,165ms
[2022-01-17T16:28:05.937+0100][gc,cpu        ] GC(10) User=0,03s Sys=0,00s Real=0,01s
[2022-01-17T16:32:24.209+0100][gc,start      ] GC(11) Pause Young (Normal) (G1 Evacuation Pause)
[2022-01-17T16:32:24.209+0100][gc,task       ] GC(11) Using 10 workers of 10 for evacuation
[2022-01-17T16:32:24.219+0100][gc,phases     ] GC(11)   Pre Evacuate Collection Set: 0,0ms
[2022-01-17T16:32:24.219+0100][gc,phases     ] GC(11)   Evacuate Collection Set: 7,8ms
[2022-01-17T16:32:24.219+0100][gc,phases     ] GC(11)   Post Evacuate Collection Set: 1,4ms
[2022-01-17T16:32:24.219+0100][gc,phases     ] GC(11)   Other: 0,8ms
[2022-01-17T16:32:24.219+0100][gc,heap       ] GC(11) Eden regions: 63->0(75)
[2022-01-17T16:32:24.219+0100][gc,heap       ] GC(11) Survivor regions: 4->4(9)
[2022-01-17T16:32:24.219+0100][gc,heap       ] GC(11) Old regions: 15->15
[2022-01-17T16:32:24.219+0100][gc,heap       ] GC(11) Humongous regions: 129->129
[2022-01-17T16:32:24.219+0100][gc,metaspace  ] GC(11) Metaspace: 44150K->44150K(1089536K)
[2022-01-17T16:32:24.219+0100][gc            ] GC(11) Pause Young (Normal) (G1 Evacuation Pause) 210M->147M(1024M) 10,236ms
[2022-01-17T16:32:24.219+0100][gc,cpu        ] GC(11) User=0,07s Sys=0,01s Real=0,01s
[2022-01-17T16:40:03.349+0100][gc,start      ] GC(12) Pause Young (Normal) (G1 Evacuation Pause)
[2022-01-17T16:40:03.349+0100][gc,task       ] GC(12) Using 10 workers of 10 for evacuation
[2022-01-17T16:40:03.352+0100][gc,phases     ] GC(12)   Pre Evacuate Collection Set: 0,0ms
[2022-01-17T16:40:03.353+0100][gc,phases     ] GC(12)   Evacuate Collection Set: 3,4ms
[2022-01-17T16:40:03.353+0100][gc,phases     ] GC(12)   Post Evacuate Collection Set: 0,4ms
[2022-01-17T16:40:03.353+0100][gc,phases     ] GC(12)   Other: 0,2ms
[2022-01-17T16:40:03.353+0100][gc,heap       ] GC(12) Eden regions: 75->0(158)
[2022-01-17T16:40:03.353+0100][gc,heap       ] GC(12) Survivor regions: 4->4(10)
[2022-01-17T16:40:03.353+0100][gc,heap       ] GC(12) Old regions: 15->15
[2022-01-17T16:40:03.353+0100][gc,heap       ] GC(12) Humongous regions: 129->129
[2022-01-17T16:40:03.353+0100][gc,metaspace  ] GC(12) Metaspace: 44237K->44237K(1089536K)
[2022-01-17T16:40:03.353+0100][gc            ] GC(12) Pause Young (Normal) (G1 Evacuation Pause) 222M->147M(1024M) 3,999ms
[2022-01-17T16:40:03.353+0100][gc,cpu        ] GC(12) User=0,03s Sys=0,00s Real=0,00s
[2022-01-17T16:53:39.408+0100][gc,start      ] GC(13) Pause Young (Normal) (G1 Evacuation Pause)
[2022-01-17T16:53:39.408+0100][gc,task       ] GC(13) Using 10 workers of 10 for evacuation
[2022-01-17T16:53:39.412+0100][gc,phases     ] GC(13)   Pre Evacuate Collection Set: 0,0ms
[2022-01-17T16:53:39.412+0100][gc,phases     ] GC(13)   Evacuate Collection Set: 2,7ms
[2022-01-17T16:53:39.412+0100][gc,phases     ] GC(13)   Post Evacuate Collection Set: 0,7ms
[2022-01-17T16:53:39.412+0100][gc,phases     ] GC(13)   Other: 0,2ms
[2022-01-17T16:53:39.412+0100][gc,heap       ] GC(13) Eden regions: 134->0(154)
[2022-01-17T16:53:39.412+0100][gc,heap       ] GC(13) Survivor regions: 4->5(18)
[2022-01-17T16:53:39.412+0100][gc,heap       ] GC(13) Old regions: 15->15
[2022-01-17T16:53:39.412+0100][gc,heap       ] GC(13) Humongous regions: 129->129
[2022-01-17T16:53:39.412+0100][gc,metaspace  ] GC(13) Metaspace: 44708K->44708K(1089536K)
[2022-01-17T16:53:39.412+0100][gc            ] GC(13) Pause Young (Normal) (G1 Evacuation Pause) 281M->148M(1024M) 3,571ms
[2022-01-17T16:53:39.412+0100][gc,cpu        ] GC(13) User=0,03s Sys=0,00s Real=0,00s
