[2022-01-15T23:23:44.019+0100][gc,heap] Heap region size: 1M
[2022-01-15T23:23:44.026+0100][gc     ] Using G1
[2022-01-15T23:23:44.026+0100][gc,heap,coops] Heap address: 0x00000000c0000000, size: 1024 MB, Compressed Oops mode: 32-bit
[2022-01-15T23:23:45.316+0100][gc,start     ] GC(0) Pause Young (Normal) (G1 Evacuation Pause)
[2022-01-15T23:23:45.319+0100][gc,task      ] GC(0) Using 10 workers of 10 for evacuation
[2022-01-15T23:23:45.329+0100][gc,phases    ] GC(0)   Pre Evacuate Collection Set: 0,0ms
[2022-01-15T23:23:45.330+0100][gc,phases    ] GC(0)   Evacuate Collection Set: 9,2ms
[2022-01-15T23:23:45.330+0100][gc,phases    ] GC(0)   Post Evacuate Collection Set: 0,7ms
[2022-01-15T23:23:45.330+0100][gc,phases    ] GC(0)   Other: 3,1ms
[2022-01-15T23:23:45.330+0100][gc,heap      ] GC(0) Eden regions: 51->0(44)
[2022-01-15T23:23:45.330+0100][gc,heap      ] GC(0) Survivor regions: 0->7(7)
[2022-01-15T23:23:45.330+0100][gc,heap      ] GC(0) Old regions: 0->1
[2022-01-15T23:23:45.330+0100][gc,heap      ] GC(0) Humongous regions: 0->0
[2022-01-15T23:23:45.330+0100][gc,metaspace ] GC(0) Metaspace: 14722K->14722K(1062912K)
[2022-01-15T23:23:45.330+0100][gc           ] GC(0) Pause Young (Normal) (G1 Evacuation Pause) 51M->7M(1024M) 13,262ms
[2022-01-15T23:23:45.330+0100][gc,cpu       ] GC(0) User=0,08s Sys=0,01s Real=0,02s
[2022-01-15T23:23:45.883+0100][gc,start     ] GC(1) Pause Young (Concurrent Start) (Metadata GC Threshold)
[2022-01-15T23:23:45.883+0100][gc,task      ] GC(1) Using 10 workers of 10 for evacuation
[2022-01-15T23:23:45.888+0100][gc,phases    ] GC(1)   Pre Evacuate Collection Set: 0,0ms
[2022-01-15T23:23:45.888+0100][gc,phases    ] GC(1)   Evacuate Collection Set: 5,1ms
[2022-01-15T23:23:45.888+0100][gc,phases    ] GC(1)   Post Evacuate Collection Set: 0,4ms
[2022-01-15T23:23:45.888+0100][gc,phases    ] GC(1)   Other: 0,2ms
[2022-01-15T23:23:45.888+0100][gc,heap      ] GC(1) Eden regions: 25->0(49)
[2022-01-15T23:23:45.888+0100][gc,heap      ] GC(1) Survivor regions: 7->2(7)
[2022-01-15T23:23:45.888+0100][gc,heap      ] GC(1) Old regions: 1->7
[2022-01-15T23:23:45.888+0100][gc,heap      ] GC(1) Humongous regions: 0->0
[2022-01-15T23:23:45.888+0100][gc,metaspace ] GC(1) Metaspace: 20567K->20567K(1067008K)
[2022-01-15T23:23:45.888+0100][gc           ] GC(1) Pause Young (Concurrent Start) (Metadata GC Threshold) 32M->7M(1024M) 5,751ms
[2022-01-15T23:23:45.889+0100][gc,cpu       ] GC(1) User=0,02s Sys=0,00s Real=0,00s
[2022-01-15T23:23:45.889+0100][gc           ] GC(2) Concurrent Cycle
[2022-01-15T23:23:45.889+0100][gc,marking   ] GC(2) Concurrent Clear Claimed Marks
[2022-01-15T23:23:45.889+0100][gc,marking   ] GC(2) Concurrent Clear Claimed Marks 0,012ms
[2022-01-15T23:23:45.889+0100][gc,marking   ] GC(2) Concurrent Scan Root Regions
[2022-01-15T23:23:45.889+0100][gc,marking   ] GC(2) Concurrent Scan Root Regions 0,713ms
[2022-01-15T23:23:45.889+0100][gc,marking   ] GC(2) Concurrent Mark (1,873s)
[2022-01-15T23:23:45.889+0100][gc,marking   ] GC(2) Concurrent Mark From Roots
[2022-01-15T23:23:45.889+0100][gc,task      ] GC(2) Using 3 workers of 3 for marking
[2022-01-15T23:23:45.892+0100][gc,marking   ] GC(2) Concurrent Mark From Roots 2,807ms
[2022-01-15T23:23:45.892+0100][gc,marking   ] GC(2) Concurrent Preclean
[2022-01-15T23:23:45.892+0100][gc,marking   ] GC(2) Concurrent Preclean 0,123ms
[2022-01-15T23:23:45.892+0100][gc,marking   ] GC(2) Concurrent Mark (1,873s, 1,876s) 2,963ms
[2022-01-15T23:23:45.892+0100][gc,start     ] GC(2) Pause Remark
[2022-01-15T23:23:45.894+0100][gc,stringtable] GC(2) Cleaned string and symbol table, strings: 9440 processed, 0 removed, symbols: 50564 processed, 45 removed
[2022-01-15T23:23:45.895+0100][gc            ] GC(2) Pause Remark 8M->8M(1024M) 2,435ms
[2022-01-15T23:23:45.895+0100][gc,cpu        ] GC(2) User=0,02s Sys=0,00s Real=0,00s
[2022-01-15T23:23:45.895+0100][gc,marking    ] GC(2) Concurrent Rebuild Remembered Sets
[2022-01-15T23:23:45.897+0100][gc,marking    ] GC(2) Concurrent Rebuild Remembered Sets 1,608ms
[2022-01-15T23:23:45.897+0100][gc,start      ] GC(2) Pause Cleanup
[2022-01-15T23:23:45.897+0100][gc            ] GC(2) Pause Cleanup 8M->8M(1024M) 0,295ms
[2022-01-15T23:23:45.897+0100][gc,cpu        ] GC(2) User=0,00s Sys=0,00s Real=0,00s
[2022-01-15T23:23:45.897+0100][gc,marking    ] GC(2) Concurrent Cleanup for Next Mark
[2022-01-15T23:23:45.900+0100][gc,marking    ] GC(2) Concurrent Cleanup for Next Mark 2,865ms
[2022-01-15T23:23:45.900+0100][gc            ] GC(2) Concurrent Cycle 11,385ms
[2022-01-15T23:23:47.804+0100][gc,start      ] GC(3) Pause Young (Normal) (G1 Evacuation Pause)
[2022-01-15T23:23:47.804+0100][gc,task       ] GC(3) Using 10 workers of 10 for evacuation
[2022-01-15T23:23:47.807+0100][gc,phases     ] GC(3)   Pre Evacuate Collection Set: 0,0ms
[2022-01-15T23:23:47.807+0100][gc,phases     ] GC(3)   Evacuate Collection Set: 1,6ms
[2022-01-15T23:23:47.807+0100][gc,phases     ] GC(3)   Post Evacuate Collection Set: 0,5ms
[2022-01-15T23:23:47.807+0100][gc,phases     ] GC(3)   Other: 0,3ms
[2022-01-15T23:23:47.807+0100][gc,heap       ] GC(3) Eden regions: 49->0(47)
[2022-01-15T23:23:47.807+0100][gc,heap       ] GC(3) Survivor regions: 2->4(7)
[2022-01-15T23:23:47.807+0100][gc,heap       ] GC(3) Old regions: 7->7
[2022-01-15T23:23:47.807+0100][gc,heap       ] GC(3) Humongous regions: 129->129
[2022-01-15T23:23:47.807+0100][gc,metaspace  ] GC(3) Metaspace: 28834K->28834K(1075200K)
[2022-01-15T23:23:47.807+0100][gc            ] GC(3) Pause Young (Normal) (G1 Evacuation Pause) 185M->138M(1024M) 2,501ms
[2022-01-15T23:23:47.807+0100][gc,cpu        ] GC(3) User=0,02s Sys=0,00s Real=0,00s
[2022-01-15T23:23:48.173+0100][gc,start      ] GC(4) Pause Young (Concurrent Start) (Metadata GC Threshold)
[2022-01-15T23:23:48.173+0100][gc,task       ] GC(4) Using 10 workers of 10 for evacuation
[2022-01-15T23:23:48.179+0100][gc,phases     ] GC(4)   Pre Evacuate Collection Set: 0,1ms
[2022-01-15T23:23:48.179+0100][gc,phases     ] GC(4)   Evacuate Collection Set: 4,3ms
[2022-01-15T23:23:48.179+0100][gc,phases     ] GC(4)   Post Evacuate Collection Set: 0,7ms
[2022-01-15T23:23:48.179+0100][gc,phases     ] GC(4)   Other: 0,2ms
[2022-01-15T23:23:48.179+0100][gc,heap       ] GC(4) Eden regions: 35->0(44)
[2022-01-15T23:23:48.179+0100][gc,heap       ] GC(4) Survivor regions: 4->7(7)
[2022-01-15T23:23:48.179+0100][gc,heap       ] GC(4) Old regions: 7->7
[2022-01-15T23:23:48.179+0100][gc,heap       ] GC(4) Humongous regions: 129->129
[2022-01-15T23:23:48.179+0100][gc,metaspace  ] GC(4) Metaspace: 34560K->34560K(1081344K)
[2022-01-15T23:23:48.179+0100][gc            ] GC(4) Pause Young (Concurrent Start) (Metadata GC Threshold) 173M->142M(1024M) 5,408ms
[2022-01-15T23:23:48.179+0100][gc,cpu        ] GC(4) User=0,05s Sys=0,00s Real=0,01s
[2022-01-15T23:23:48.179+0100][gc            ] GC(5) Concurrent Cycle
[2022-01-15T23:23:48.179+0100][gc,marking    ] GC(5) Concurrent Clear Claimed Marks
[2022-01-15T23:23:48.179+0100][gc,marking    ] GC(5) Concurrent Clear Claimed Marks 0,171ms
[2022-01-15T23:23:48.179+0100][gc,marking    ] GC(5) Concurrent Scan Root Regions
[2022-01-15T23:23:48.182+0100][gc,marking    ] GC(5) Concurrent Scan Root Regions 2,984ms
[2022-01-15T23:23:48.182+0100][gc,marking    ] GC(5) Concurrent Mark (4,165s)
[2022-01-15T23:23:48.182+0100][gc,marking    ] GC(5) Concurrent Mark From Roots
[2022-01-15T23:23:48.182+0100][gc,task       ] GC(5) Using 3 workers of 3 for marking
[2022-01-15T23:23:48.187+0100][gc,marking    ] GC(5) Concurrent Mark From Roots 5,319ms
[2022-01-15T23:23:48.187+0100][gc,marking    ] GC(5) Concurrent Preclean
[2022-01-15T23:23:48.188+0100][gc,marking    ] GC(5) Concurrent Preclean 0,116ms
[2022-01-15T23:23:48.188+0100][gc,marking    ] GC(5) Concurrent Mark (4,165s, 4,171s) 5,479ms
[2022-01-15T23:23:48.188+0100][gc,start      ] GC(5) Pause Remark
[2022-01-15T23:23:48.190+0100][gc,stringtable] GC(5) Cleaned string and symbol table, strings: 15485 processed, 10 removed, symbols: 81324 processed, 16 removed
[2022-01-15T23:23:48.190+0100][gc            ] GC(5) Pause Remark 143M->143M(1024M) 2,850ms
[2022-01-15T23:23:48.190+0100][gc,cpu        ] GC(5) User=0,03s Sys=0,00s Real=0,01s
[2022-01-15T23:23:48.191+0100][gc,marking    ] GC(5) Concurrent Rebuild Remembered Sets
[2022-01-15T23:23:48.192+0100][gc,marking    ] GC(5) Concurrent Rebuild Remembered Sets 1,646ms
[2022-01-15T23:23:48.192+0100][gc,start      ] GC(5) Pause Cleanup
[2022-01-15T23:23:48.192+0100][gc            ] GC(5) Pause Cleanup 143M->143M(1024M) 0,193ms
[2022-01-15T23:23:48.192+0100][gc,cpu        ] GC(5) User=0,00s Sys=0,00s Real=0,00s
[2022-01-15T23:23:48.192+0100][gc,marking    ] GC(5) Concurrent Cleanup for Next Mark
[2022-01-15T23:23:48.195+0100][gc,marking    ] GC(5) Concurrent Cleanup for Next Mark 2,353ms
[2022-01-15T23:23:48.195+0100][gc            ] GC(5) Concurrent Cycle 16,129ms
[2022-01-15T23:24:11.718+0100][gc,start      ] GC(6) Pause Young (Normal) (G1 Evacuation Pause)
[2022-01-15T23:24:11.719+0100][gc,task       ] GC(6) Using 10 workers of 10 for evacuation
[2022-01-15T23:24:11.729+0100][gc,phases     ] GC(6)   Pre Evacuate Collection Set: 0,0ms
[2022-01-15T23:24:11.729+0100][gc,phases     ] GC(6)   Evacuate Collection Set: 8,8ms
[2022-01-15T23:24:11.729+0100][gc,phases     ] GC(6)   Post Evacuate Collection Set: 0,9ms
[2022-01-15T23:24:11.729+0100][gc,phases     ] GC(6)   Other: 0,5ms
[2022-01-15T23:24:11.729+0100][gc,heap       ] GC(6) Eden regions: 44->0(45)
[2022-01-15T23:24:11.729+0100][gc,heap       ] GC(6) Survivor regions: 7->6(7)
[2022-01-15T23:24:11.729+0100][gc,heap       ] GC(6) Old regions: 7->10
[2022-01-15T23:24:11.729+0100][gc,heap       ] GC(6) Humongous regions: 147->129
[2022-01-15T23:24:11.729+0100][gc,metaspace  ] GC(6) Metaspace: 40900K->40900K(1085440K)
[2022-01-15T23:24:11.729+0100][gc            ] GC(6) Pause Young (Normal) (G1 Evacuation Pause) 204M->144M(1024M) 10,342ms
[2022-01-15T23:24:11.729+0100][gc,cpu        ] GC(6) User=0,06s Sys=0,01s Real=0,00s
[2022-01-15T23:33:44.037+0100][gc,start      ] GC(7) Pause Young (Normal) (G1 Evacuation Pause)
[2022-01-15T23:33:44.037+0100][gc,task       ] GC(7) Using 10 workers of 10 for evacuation
[2022-01-15T23:33:44.041+0100][gc,phases     ] GC(7)   Pre Evacuate Collection Set: 0,0ms
[2022-01-15T23:33:44.041+0100][gc,phases     ] GC(7)   Evacuate Collection Set: 3,2ms
[2022-01-15T23:33:44.041+0100][gc,phases     ] GC(7)   Post Evacuate Collection Set: 0,5ms
[2022-01-15T23:33:44.041+0100][gc,phases     ] GC(7)   Other: 0,2ms
[2022-01-15T23:33:44.041+0100][gc,heap       ] GC(7) Eden regions: 45->0(46)
[2022-01-15T23:33:44.041+0100][gc,heap       ] GC(7) Survivor regions: 6->5(7)
[2022-01-15T23:33:44.041+0100][gc,heap       ] GC(7) Old regions: 10->14
[2022-01-15T23:33:44.041+0100][gc,heap       ] GC(7) Humongous regions: 129->129
[2022-01-15T23:33:44.041+0100][gc,metaspace  ] GC(7) Metaspace: 44000K->44000K(1089536K)
[2022-01-15T23:33:44.041+0100][gc            ] GC(7) Pause Young (Normal) (G1 Evacuation Pause) 189M->146M(1024M) 3,939ms
[2022-01-15T23:33:44.041+0100][gc,cpu        ] GC(7) User=0,03s Sys=0,00s Real=0,01s
[2022-01-15T23:38:21.557+0100][gc,start      ] GC(8) Pause Young (Normal) (G1 Evacuation Pause)
[2022-01-15T23:38:21.557+0100][gc,task       ] GC(8) Using 10 workers of 10 for evacuation
[2022-01-15T23:38:21.561+0100][gc,phases     ] GC(8)   Pre Evacuate Collection Set: 0,0ms
[2022-01-15T23:38:21.561+0100][gc,phases     ] GC(8)   Evacuate Collection Set: 3,3ms
[2022-01-15T23:38:21.561+0100][gc,phases     ] GC(8)   Post Evacuate Collection Set: 0,6ms
[2022-01-15T23:38:21.561+0100][gc,phases     ] GC(8)   Other: 0,2ms
[2022-01-15T23:38:21.561+0100][gc,heap       ] GC(8) Eden regions: 46->0(47)
[2022-01-15T23:38:21.561+0100][gc,heap       ] GC(8) Survivor regions: 5->4(7)
[2022-01-15T23:38:21.561+0100][gc,heap       ] GC(8) Old regions: 14->16
[2022-01-15T23:38:21.561+0100][gc,heap       ] GC(8) Humongous regions: 129->129
[2022-01-15T23:38:21.561+0100][gc,metaspace  ] GC(8) Metaspace: 44654K->44654K(1089536K)
[2022-01-15T23:38:21.561+0100][gc            ] GC(8) Pause Young (Normal) (G1 Evacuation Pause) 192M->148M(1024M) 4,152ms
[2022-01-15T23:38:21.561+0100][gc,cpu        ] GC(8) User=0,04s Sys=0,00s Real=0,01s
[2022-01-15T23:53:59.025+0100][gc,start      ] GC(9) Pause Young (Normal) (G1 Evacuation Pause)
[2022-01-15T23:53:59.025+0100][gc,task       ] GC(9) Using 10 workers of 10 for evacuation
[2022-01-15T23:53:59.031+0100][gc,phases     ] GC(9)   Pre Evacuate Collection Set: 0,0ms
[2022-01-15T23:53:59.031+0100][gc,phases     ] GC(9)   Evacuate Collection Set: 5,3ms
[2022-01-15T23:53:59.031+0100][gc,phases     ] GC(9)   Post Evacuate Collection Set: 0,5ms
[2022-01-15T23:53:59.031+0100][gc,phases     ] GC(9)   Other: 0,4ms
[2022-01-15T23:53:59.031+0100][gc,heap       ] GC(9) Eden regions: 47->0(47)
[2022-01-15T23:53:59.031+0100][gc,heap       ] GC(9) Survivor regions: 4->4(7)
[2022-01-15T23:53:59.031+0100][gc,heap       ] GC(9) Old regions: 16->16
[2022-01-15T23:53:59.031+0100][gc,heap       ] GC(9) Humongous regions: 129->129
[2022-01-15T23:53:59.031+0100][gc,metaspace  ] GC(9) Metaspace: 44850K->44850K(1089536K)
[2022-01-15T23:53:59.031+0100][gc            ] GC(9) Pause Young (Normal) (G1 Evacuation Pause) 195M->147M(1024M) 6,267ms
[2022-01-15T23:53:59.031+0100][gc,cpu        ] GC(9) User=0,06s Sys=0,00s Real=0,01s
[2022-01-16T00:01:28.339+0100][gc,start      ] GC(10) Pause Young (Normal) (G1 Evacuation Pause)
[2022-01-16T00:01:28.339+0100][gc,task       ] GC(10) Using 10 workers of 10 for evacuation
[2022-01-16T00:01:28.343+0100][gc,phases     ] GC(10)   Pre Evacuate Collection Set: 0,0ms
[2022-01-16T00:01:28.343+0100][gc,phases     ] GC(10)   Evacuate Collection Set: 2,5ms
[2022-01-16T00:01:28.343+0100][gc,phases     ] GC(10)   Post Evacuate Collection Set: 0,6ms
[2022-01-16T00:01:28.343+0100][gc,phases     ] GC(10)   Other: 0,2ms
[2022-01-16T00:01:28.343+0100][gc,heap       ] GC(10) Eden regions: 47->0(64)
[2022-01-16T00:01:28.343+0100][gc,heap       ] GC(10) Survivor regions: 4->5(7)
[2022-01-16T00:01:28.343+0100][gc,heap       ] GC(10) Old regions: 16->16
[2022-01-16T00:01:28.343+0100][gc,heap       ] GC(10) Humongous regions: 129->129
[2022-01-16T00:01:28.343+0100][gc,metaspace  ] GC(10) Metaspace: 44896K->44896K(1089536K)
[2022-01-16T00:01:28.343+0100][gc            ] GC(10) Pause Young (Normal) (G1 Evacuation Pause) 194M->148M(1024M) 3,340ms
[2022-01-16T00:01:28.343+0100][gc,cpu        ] GC(10) User=0,02s Sys=0,00s Real=0,00s
[2022-01-16T00:12:28.683+0100][gc,start      ] GC(11) Pause Young (Normal) (G1 Evacuation Pause)
[2022-01-16T00:12:28.683+0100][gc,task       ] GC(11) Using 10 workers of 10 for evacuation
[2022-01-16T00:12:28.686+0100][gc,phases     ] GC(11)   Pre Evacuate Collection Set: 0,0ms
[2022-01-16T00:12:28.686+0100][gc,phases     ] GC(11)   Evacuate Collection Set: 2,1ms
[2022-01-16T00:12:28.686+0100][gc,phases     ] GC(11)   Post Evacuate Collection Set: 0,7ms
[2022-01-16T00:12:28.686+0100][gc,phases     ] GC(11)   Other: 0,4ms
[2022-01-16T00:12:28.686+0100][gc,heap       ] GC(11) Eden regions: 64->0(610)
[2022-01-16T00:12:28.686+0100][gc,heap       ] GC(11) Survivor regions: 5->4(9)
[2022-01-16T00:12:28.686+0100][gc,heap       ] GC(11) Old regions: 16->16
[2022-01-16T00:12:28.686+0100][gc,heap       ] GC(11) Humongous regions: 129->129
[2022-01-16T00:12:28.686+0100][gc,metaspace  ] GC(11) Metaspace: 45004K->45004K(1089536K)
[2022-01-16T00:12:28.686+0100][gc            ] GC(11) Pause Young (Normal) (G1 Evacuation Pause) 212M->148M(1024M) 3,302ms
[2022-01-16T00:12:28.686+0100][gc,cpu        ] GC(11) User=0,03s Sys=0,00s Real=0,00s
[2022-01-16T02:56:59.658+0100][gc,start      ] GC(12) Pause Young (Normal) (G1 Evacuation Pause)
[2022-01-16T02:56:59.663+0100][gc,task       ] GC(12) Using 10 workers of 10 for evacuation
[2022-01-16T02:56:59.675+0100][gc,phases     ] GC(12)   Pre Evacuate Collection Set: 0,0ms
[2022-01-16T02:56:59.675+0100][gc,phases     ] GC(12)   Evacuate Collection Set: 6,9ms
[2022-01-16T02:56:59.675+0100][gc,phases     ] GC(12)   Post Evacuate Collection Set: 1,2ms
[2022-01-16T02:56:59.675+0100][gc,phases     ] GC(12)   Other: 26,3ms
[2022-01-16T02:56:59.683+0100][gc,heap       ] GC(12) Eden regions: 610->0(608)
[2022-01-16T02:56:59.683+0100][gc,heap       ] GC(12) Survivor regions: 4->6(77)
[2022-01-16T02:56:59.683+0100][gc,heap       ] GC(12) Old regions: 16->16
[2022-01-16T02:56:59.683+0100][gc,heap       ] GC(12) Humongous regions: 129->129
[2022-01-16T02:56:59.697+0100][gc,metaspace  ] GC(12) Metaspace: 45276K->45276K(1091584K)
[2022-01-16T02:56:59.697+0100][gc            ] GC(12) Pause Young (Normal) (G1 Evacuation Pause) 758M->149M(1024M) 39,276ms
[2022-01-16T02:56:59.697+0100][gc,cpu        ] GC(12) User=0,06s Sys=0,01s Real=0,03s
[2022-01-16T04:30:50.533+0100][gc,start      ] GC(13) Pause Young (Normal) (G1 Evacuation Pause)
[2022-01-16T04:30:50.549+0100][gc,task       ] GC(13) Using 10 workers of 10 for evacuation
[2022-01-16T04:30:50.552+0100][gc,phases     ] GC(13)   Pre Evacuate Collection Set: 0,0ms
[2022-01-16T04:30:50.552+0100][gc,phases     ] GC(13)   Evacuate Collection Set: 2,4ms
[2022-01-16T04:30:50.552+0100][gc,phases     ] GC(13)   Post Evacuate Collection Set: 0,8ms
[2022-01-16T04:30:50.552+0100][gc,phases     ] GC(13)   Other: 15,8ms
[2022-01-16T04:30:50.552+0100][gc,heap       ] GC(13) Eden regions: 226->0(350)
[2022-01-16T04:30:50.552+0100][gc,heap       ] GC(13) Survivor regions: 6->6(29)
[2022-01-16T04:30:50.552+0100][gc,heap       ] GC(13) Old regions: 16->16
[2022-01-16T04:30:50.552+0100][gc,heap       ] GC(13) Humongous regions: 129->129
[2022-01-16T04:30:50.552+0100][gc,metaspace  ] GC(13) Metaspace: 45806K->45806K(1091584K)
[2022-01-16T04:30:50.552+0100][gc            ] GC(13) Pause Young (Normal) (G1 Evacuation Pause) 375M->150M(1024M) 19,038ms
[2022-01-16T04:30:50.552+0100][gc,cpu        ] GC(13) User=0,02s Sys=0,00s Real=0,02s
[2022-01-16T04:30:55.676+0100][gc,heap,exit  ] Heap
[2022-01-16T04:30:55.676+0100][gc,heap,exit  ]  garbage-first heap   total 1048576K, used 161818K [0x00000000c0000000, 0x0000000100000000)
[2022-01-16T04:30:55.676+0100][gc,heap,exit  ]   region size 1024K, 15 young (15360K), 6 survivors (6144K)
[2022-01-16T04:30:55.676+0100][gc,heap,exit  ]  Metaspace       used 46091K, capacity 49259K, committed 49360K, reserved 1091584K
[2022-01-16T04:30:55.676+0100][gc,heap,exit  ]   class space    used 5992K, capacity 7459K, committed 7472K, reserved 1048576K
