[2022-01-16T21:02:44.126+0100][gc,heap] Heap region size: 1M
[2022-01-16T21:02:44.130+0100][gc     ] Using G1
[2022-01-16T21:02:44.130+0100][gc,heap,coops] Heap address: 0x00000000e0000000, size: 512 MB, Compressed Oops mode: 32-bit
[2022-01-16T21:02:44.948+0100][gc,start     ] GC(0) Pause Young (Normal) (G1 Evacuation Pause)
[2022-01-16T21:02:44.949+0100][gc,task      ] GC(0) Using 10 workers of 10 for evacuation
[2022-01-16T21:02:44.952+0100][gc,phases    ] GC(0)   Pre Evacuate Collection Set: 0,0ms
[2022-01-16T21:02:44.952+0100][gc,phases    ] GC(0)   Evacuate Collection Set: 3,3ms
[2022-01-16T21:02:44.952+0100][gc,phases    ] GC(0)   Post Evacuate Collection Set: 0,4ms
[2022-01-16T21:02:44.952+0100][gc,phases    ] GC(0)   Other: 1,1ms
[2022-01-16T21:02:44.952+0100][gc,heap      ] GC(0) Eden regions: 25->0(21)
[2022-01-16T21:02:44.952+0100][gc,heap      ] GC(0) Survivor regions: 0->4(4)
[2022-01-16T21:02:44.952+0100][gc,heap      ] GC(0) Old regions: 0->4
[2022-01-16T21:02:44.952+0100][gc,heap      ] GC(0) Humongous regions: 0->0
[2022-01-16T21:02:44.952+0100][gc,metaspace ] GC(0) Metaspace: 7414K->7414K(1056768K)
[2022-01-16T21:02:44.952+0100][gc           ] GC(0) Pause Young (Normal) (G1 Evacuation Pause) 25M->7M(512M) 4,887ms
[2022-01-16T21:02:44.952+0100][gc,cpu       ] GC(0) User=0,03s Sys=0,00s Real=0,00s
[2022-01-17T00:19:54.010+0100][gc,heap,exit ] Heap
[2022-01-17T00:19:54.010+0100][gc,heap,exit ]  garbage-first heap   total 524288K, used 27796K [0x00000000e0000000, 0x0000000100000000)
[2022-01-17T00:19:54.010+0100][gc,heap,exit ]   region size 1024K, 25 young (25600K), 4 survivors (4096K)
[2022-01-17T00:19:54.010+0100][gc,heap,exit ]  Metaspace       used 9179K, capacity 9543K, committed 9600K, reserved 1058816K
[2022-01-17T00:19:54.010+0100][gc,heap,exit ]   class space    used 991K, capacity 1144K, committed 1152K, reserved 1048576K
