[2021-12-27T19:23:10.262+0100][gc,heap] Heap region size: 1M
[2021-12-27T19:23:10.267+0100][gc     ] Using G1
[2021-12-27T19:23:10.267+0100][gc,heap,coops] Heap address: 0x00000000e0000000, size: 512 MB, Compressed Oops mode: 32-bit
[2021-12-27T19:23:10.800+0100][gc,start     ] GC(0) Pause Young (Normal) (G1 Evacuation Pause)
[2021-12-27T19:23:10.800+0100][gc,task      ] GC(0) Using 10 workers of 10 for evacuation
[2021-12-27T19:23:10.804+0100][gc,phases    ] GC(0)   Pre Evacuate Collection Set: 0,0ms
[2021-12-27T19:23:10.804+0100][gc,phases    ] GC(0)   Evacuate Collection Set: 2,6ms
[2021-12-27T19:23:10.804+0100][gc,phases    ] GC(0)   Post Evacuate Collection Set: 1,0ms
[2021-12-27T19:23:10.804+0100][gc,phases    ] GC(0)   Other: 0,9ms
[2021-12-27T19:23:10.804+0100][gc,heap      ] GC(0) Eden regions: 25->0(21)
[2021-12-27T19:23:10.804+0100][gc,heap      ] GC(0) Survivor regions: 0->4(4)
[2021-12-27T19:23:10.804+0100][gc,heap      ] GC(0) Old regions: 0->4
[2021-12-27T19:23:10.804+0100][gc,heap      ] GC(0) Humongous regions: 0->0
[2021-12-27T19:23:10.804+0100][gc,metaspace ] GC(0) Metaspace: 7424K->7424K(1056768K)
[2021-12-27T19:23:10.804+0100][gc           ] GC(0) Pause Young (Normal) (G1 Evacuation Pause) 25M->7M(512M) 4,686ms
[2021-12-27T19:23:10.804+0100][gc,cpu       ] GC(0) User=0,03s Sys=0,01s Real=0,01s
[2021-12-27T21:02:30.636+0100][gc,heap,exit ] Heap
[2021-12-27T21:02:30.636+0100][gc,heap,exit ]  garbage-first heap   total 524288K, used 22692K [0x00000000e0000000, 0x0000000100000000)
[2021-12-27T21:02:30.636+0100][gc,heap,exit ]   region size 1024K, 20 young (20480K), 4 survivors (4096K)
[2021-12-27T21:02:30.636+0100][gc,heap,exit ]  Metaspace       used 9206K, capacity 9671K, committed 9856K, reserved 1058816K
[2021-12-27T21:02:30.636+0100][gc,heap,exit ]   class space    used 992K, capacity 1144K, committed 1152K, reserved 1048576K
