[2022-01-17T16:11:46.217+0100][gc,heap] Heap region size: 1M
[2022-01-17T16:11:46.221+0100][gc     ] Using G1
[2022-01-17T16:11:46.221+0100][gc,heap,coops] Heap address: 0x00000000e0000000, size: 512 MB, Compressed Oops mode: 32-bit
[2022-01-17T16:11:46.576+0100][gc,start     ] GC(0) Pause Young (Normal) (G1 Evacuation Pause)
[2022-01-17T16:11:46.577+0100][gc,task      ] GC(0) Using 10 workers of 10 for evacuation
[2022-01-17T16:11:46.587+0100][gc,phases    ] GC(0)   Pre Evacuate Collection Set: 0,0ms
[2022-01-17T16:11:46.587+0100][gc,phases    ] GC(0)   Evacuate Collection Set: 8,8ms
[2022-01-17T16:11:46.587+0100][gc,phases    ] GC(0)   Post Evacuate Collection Set: 0,4ms
[2022-01-17T16:11:46.587+0100][gc,phases    ] GC(0)   Other: 1,3ms
[2022-01-17T16:11:46.587+0100][gc,heap      ] GC(0) Eden regions: 25->0(21)
[2022-01-17T16:11:46.587+0100][gc,heap      ] GC(0) Survivor regions: 0->4(4)
[2022-01-17T16:11:46.587+0100][gc,heap      ] GC(0) Old regions: 0->4
[2022-01-17T16:11:46.587+0100][gc,heap      ] GC(0) Humongous regions: 0->0
[2022-01-17T16:11:46.587+0100][gc,metaspace ] GC(0) Metaspace: 7434K->7434K(1056768K)
[2022-01-17T16:11:46.587+0100][gc           ] GC(0) Pause Young (Normal) (G1 Evacuation Pause) 25M->7M(512M) 10,653ms
[2022-01-17T16:11:46.587+0100][gc,cpu       ] GC(0) User=0,06s Sys=0,02s Real=0,01s
[2022-01-17T16:19:27.665+0100][gc,heap,exit ] Heap
[2022-01-17T16:19:27.665+0100][gc,heap,exit ]  garbage-first heap   total 524288K, used 17677K [0x00000000e0000000, 0x0000000100000000)
[2022-01-17T16:19:27.665+0100][gc,heap,exit ]   region size 1024K, 16 young (16384K), 4 survivors (4096K)
[2022-01-17T16:19:27.665+0100][gc,heap,exit ]  Metaspace       used 8975K, capacity 9351K, committed 9600K, reserved 1058816K
[2022-01-17T16:19:27.665+0100][gc,heap,exit ]   class space    used 995K, capacity 1144K, committed 1152K, reserved 1048576K
