[2022-01-15T23:23:18.007+0100][gc,heap] Heap region size: 1M
[2022-01-15T23:23:18.011+0100][gc     ] Using G1
[2022-01-15T23:23:18.011+0100][gc,heap,coops] Heap address: 0x00000000e0000000, size: 512 MB, Compressed Oops mode: 32-bit
[2022-01-15T23:23:18.405+0100][gc,start     ] GC(0) Pause Young (Normal) (G1 Evacuation Pause)
[2022-01-15T23:23:18.406+0100][gc,task      ] GC(0) Using 10 workers of 10 for evacuation
[2022-01-15T23:23:18.409+0100][gc,phases    ] GC(0)   Pre Evacuate Collection Set: 0,0ms
[2022-01-15T23:23:18.409+0100][gc,phases    ] GC(0)   Evacuate Collection Set: 2,5ms
[2022-01-15T23:23:18.409+0100][gc,phases    ] GC(0)   Post Evacuate Collection Set: 0,3ms
[2022-01-15T23:23:18.409+0100][gc,phases    ] GC(0)   Other: 1,1ms
[2022-01-15T23:23:18.409+0100][gc,heap      ] GC(0) Eden regions: 25->0(21)
[2022-01-15T23:23:18.409+0100][gc,heap      ] GC(0) Survivor regions: 0->4(4)
[2022-01-15T23:23:18.409+0100][gc,heap      ] GC(0) Old regions: 0->4
[2022-01-15T23:23:18.409+0100][gc,heap      ] GC(0) Humongous regions: 0->0
[2022-01-15T23:23:18.409+0100][gc,metaspace ] GC(0) Metaspace: 7405K->7405K(1056768K)
[2022-01-15T23:23:18.409+0100][gc           ] GC(0) Pause Young (Normal) (G1 Evacuation Pause) 25M->7M(512M) 4,032ms
[2022-01-15T23:23:18.409+0100][gc,cpu       ] GC(0) User=0,02s Sys=0,01s Real=0,00s
[2022-01-16T03:11:53.118+0100][gc,start     ] GC(1) Pause Young (Normal) (G1 Evacuation Pause)
[2022-01-16T03:11:53.118+0100][gc,task      ] GC(1) Using 10 workers of 10 for evacuation
[2022-01-16T03:11:53.121+0100][gc,phases    ] GC(1)   Pre Evacuate Collection Set: 0,0ms
[2022-01-16T03:11:53.121+0100][gc,phases    ] GC(1)   Evacuate Collection Set: 2,0ms
[2022-01-16T03:11:53.121+0100][gc,phases    ] GC(1)   Post Evacuate Collection Set: 0,4ms
[2022-01-16T03:11:53.121+0100][gc,phases    ] GC(1)   Other: 0,5ms
[2022-01-16T03:11:53.121+0100][gc,heap      ] GC(1) Eden regions: 21->0(24)
[2022-01-16T03:11:53.121+0100][gc,heap      ] GC(1) Survivor regions: 4->1(4)
[2022-01-16T03:11:53.121+0100][gc,heap      ] GC(1) Old regions: 4->8
[2022-01-16T03:11:53.121+0100][gc,heap      ] GC(1) Humongous regions: 0->0
[2022-01-16T03:11:53.121+0100][gc,metaspace ] GC(1) Metaspace: 9164K->9164K(1058816K)
[2022-01-16T03:11:53.121+0100][gc           ] GC(1) Pause Young (Normal) (G1 Evacuation Pause) 28M->8M(512M) 2,999ms
[2022-01-16T03:11:53.121+0100][gc,cpu       ] GC(1) User=0,02s Sys=0,00s Real=0,00s
[2022-01-16T04:30:49.518+0100][gc,heap,exit ] Heap
[2022-01-16T04:30:49.523+0100][gc,heap,exit ]  garbage-first heap   total 524288K, used 13409K [0x00000000e0000000, 0x0000000100000000)
[2022-01-16T04:30:49.523+0100][gc,heap,exit ]   region size 1024K, 7 young (7168K), 1 survivors (1024K)
[2022-01-16T04:30:49.523+0100][gc,heap,exit ]  Metaspace       used 9169K, capacity 9607K, committed 9856K, reserved 1058816K
[2022-01-16T04:30:49.523+0100][gc,heap,exit ]   class space    used 991K, capacity 1144K, committed 1152K, reserved 1048576K
