[2022-01-17T13:07:29.703+0100][gc,heap] Heap region size: 1M
[2022-01-17T13:07:29.707+0100][gc     ] Using G1
[2022-01-17T13:07:29.707+0100][gc,heap,coops] Heap address: 0x00000000e0000000, size: 512 MB, Compressed Oops mode: 32-bit
[2022-01-17T13:07:30.074+0100][gc,start     ] GC(0) Pause Young (Normal) (G1 Evacuation Pause)
[2022-01-17T13:07:30.079+0100][gc,task      ] GC(0) Using 10 workers of 10 for evacuation
[2022-01-17T13:07:30.082+0100][gc,phases    ] GC(0)   Pre Evacuate Collection Set: 0,0ms
[2022-01-17T13:07:30.082+0100][gc,phases    ] GC(0)   Evacuate Collection Set: 3,3ms
[2022-01-17T13:07:30.082+0100][gc,phases    ] GC(0)   Post Evacuate Collection Set: 0,3ms
[2022-01-17T13:07:30.082+0100][gc,phases    ] GC(0)   Other: 5,2ms
[2022-01-17T13:07:30.083+0100][gc,heap      ] GC(0) Eden regions: 25->0(21)
[2022-01-17T13:07:30.083+0100][gc,heap      ] GC(0) Survivor regions: 0->4(4)
[2022-01-17T13:07:30.083+0100][gc,heap      ] GC(0) Old regions: 0->4
[2022-01-17T13:07:30.083+0100][gc,heap      ] GC(0) Humongous regions: 0->0
[2022-01-17T13:07:30.083+0100][gc,metaspace ] GC(0) Metaspace: 7428K->7428K(1056768K)
[2022-01-17T13:07:30.083+0100][gc           ] GC(0) Pause Young (Normal) (G1 Evacuation Pause) 25M->7M(512M) 8,957ms
[2022-01-17T13:07:30.083+0100][gc,cpu       ] GC(0) User=0,02s Sys=0,00s Real=0,01s
[2022-01-17T15:33:41.538+0100][gc,heap,exit ] Heap
[2022-01-17T15:33:41.538+0100][gc,heap,exit ]  garbage-first heap   total 524288K, used 24868K [0x00000000e0000000, 0x0000000100000000)
[2022-01-17T15:33:41.538+0100][gc,heap,exit ]   region size 1024K, 22 young (22528K), 4 survivors (4096K)
[2022-01-17T15:33:41.538+0100][gc,heap,exit ]  Metaspace       used 9196K, capacity 9671K, committed 9856K, reserved 1058816K
[2022-01-17T15:33:41.538+0100][gc,heap,exit ]   class space    used 991K, capacity 1144K, committed 1152K, reserved 1048576K
